Archive member included to satisfy reference by file (symbol)

/home/will/Documents/Lab5_emmaw_willg/.pio/build/rtc/zephyr/libzephyr.a(cbprintf.c.o)
                              (--whole-archive)
/home/will/Documents/Lab5_emmaw_willg/.pio/build/rtc/zephyr/libzephyr.a(cbprintf_packaged.c.o)
                              (--whole-archive)
/home/will/Documents/Lab5_emmaw_willg/.pio/build/rtc/zephyr/libzephyr.a(crc32c_sw.c.o)
                              (--whole-archive)
/home/will/Documents/Lab5_emmaw_willg/.pio/build/rtc/zephyr/libzephyr.a(crc32_sw.c.o)
                              (--whole-archive)
/home/will/Documents/Lab5_emmaw_willg/.pio/build/rtc/zephyr/libzephyr.a(crc16_sw.c.o)
                              (--whole-archive)
/home/will/Documents/Lab5_emmaw_willg/.pio/build/rtc/zephyr/libzephyr.a(crc8_sw.c.o)
                              (--whole-archive)
/home/will/Documents/Lab5_emmaw_willg/.pio/build/rtc/zephyr/libzephyr.a(crc7_sw.c.o)
                              (--whole-archive)
/home/will/Documents/Lab5_emmaw_willg/.pio/build/rtc/zephyr/libzephyr.a(dec.c.o)
                              (--whole-archive)
/home/will/Documents/Lab5_emmaw_willg/.pio/build/rtc/zephyr/libzephyr.a(fdtable.c.o)
                              (--whole-archive)
/home/will/Documents/Lab5_emmaw_willg/.pio/build/rtc/zephyr/libzephyr.a(hex.c.o)
                              (--whole-archive)
/home/will/Documents/Lab5_emmaw_willg/.pio/build/rtc/zephyr/libzephyr.a(notify.c.o)
                              (--whole-archive)
/home/will/Documents/Lab5_emmaw_willg/.pio/build/rtc/zephyr/libzephyr.a(printk.c.o)
                              (--whole-archive)
/home/will/Documents/Lab5_emmaw_willg/.pio/build/rtc/zephyr/libzephyr.a(onoff.c.o)
                              (--whole-archive)
/home/will/Documents/Lab5_emmaw_willg/.pio/build/rtc/zephyr/libzephyr.a(rb.c.o)
                              (--whole-archive)
/home/will/Documents/Lab5_emmaw_willg/.pio/build/rtc/zephyr/libzephyr.a(sem.c.o)
                              (--whole-archive)
/home/will/Documents/Lab5_emmaw_willg/.pio/build/rtc/zephyr/libzephyr.a(thread_entry.c.o)
                              (--whole-archive)
/home/will/Documents/Lab5_emmaw_willg/.pio/build/rtc/zephyr/libzephyr.a(timeutil.c.o)
                              (--whole-archive)
/home/will/Documents/Lab5_emmaw_willg/.pio/build/rtc/zephyr/libzephyr.a(heap.c.o)
                              (--whole-archive)
/home/will/Documents/Lab5_emmaw_willg/.pio/build/rtc/zephyr/libzephyr.a(heap-validate.c.o)
                              (--whole-archive)
/home/will/Documents/Lab5_emmaw_willg/.pio/build/rtc/zephyr/libzephyr.a(bitarray.c.o)
                              (--whole-archive)
/home/will/Documents/Lab5_emmaw_willg/.pio/build/rtc/zephyr/libzephyr.a(cbprintf_complete.c.o)
                              (--whole-archive)
/home/will/Documents/Lab5_emmaw_willg/.pio/build/rtc/zephyr/libzephyr.a(configs.c.o)
                              (--whole-archive)
/home/will/Documents/Lab5_emmaw_willg/.pio/build/rtc/zephyr/libzephyr.a(soc.c.o)
                              (--whole-archive)
/home/will/Documents/Lab5_emmaw_willg/.pio/build/rtc/zephyr/libzephyr.a(stm32cube_hal.c.o)
                              (--whole-archive)
/home/will/Documents/Lab5_emmaw_willg/.pio/build/rtc/zephyr/libzephyr.a(soc_config.c.o)
                              (--whole-archive)
/home/will/Documents/Lab5_emmaw_willg/.pio/build/rtc/zephyr/libzephyr.a(tracing_none.c.o)
                              (--whole-archive)
/home/will/Documents/Lab5_emmaw_willg/.pio/build/rtc/zephyr/libzephyr.a(pinmux_stm32.c.o)
                              (--whole-archive)
/home/will/Documents/Lab5_emmaw_willg/.pio/build/rtc/zephyr/arch/common/libarch__common.a(sw_isr_common.c.o)
                              (--whole-archive)
/home/will/Documents/Lab5_emmaw_willg/.pio/build/rtc/zephyr/arch/arch/arm/core/aarch32/libarch__arm__core__aarch32.a(cpu_idle.S.o)
                              (--whole-archive)
/home/will/Documents/Lab5_emmaw_willg/.pio/build/rtc/zephyr/arch/arch/arm/core/aarch32/libarch__arm__core__aarch32.a(fatal.c.o)
                              (--whole-archive)
/home/will/Documents/Lab5_emmaw_willg/.pio/build/rtc/zephyr/arch/arch/arm/core/aarch32/libarch__arm__core__aarch32.a(irq_manage.c.o)
                              (--whole-archive)
/home/will/Documents/Lab5_emmaw_willg/.pio/build/rtc/zephyr/arch/arch/arm/core/aarch32/libarch__arm__core__aarch32.a(nmi.c.o)
                              (--whole-archive)
/home/will/Documents/Lab5_emmaw_willg/.pio/build/rtc/zephyr/arch/arch/arm/core/aarch32/libarch__arm__core__aarch32.a(nmi_on_reset.S.o)
                              (--whole-archive)
/home/will/Documents/Lab5_emmaw_willg/.pio/build/rtc/zephyr/arch/arch/arm/core/aarch32/libarch__arm__core__aarch32.a(prep_c.c.o)
                              (--whole-archive)
[...]
Memory Configuration

Name             Origin             Length             Attributes
FLASH            0x0000000008000000 0x0000000000020000 xr
SRAM             0x0000000020000000 0x0000000000004000 xw
IDT_LIST         0x00000000fffff7ff 0x0000000000000800 xw
*default*        0x0000000000000000 0xffffffffffffffff

Linker script and memory map

LOAD .pio/build/rtc/zephyr_prebuilt/zephyr/misc/empty_file.c.o
LOAD .pio/build/rtc/src/gpio_interrupt.o
LOAD .pio/build/rtc/src/kernel.o
LOAD .pio/build/rtc/src/main.o
LOAD .pio/build/rtc/src/rtc.o
LOAD .pio/build/rtc/src/sleep.o
LOAD .pio/build/rtc/zephyr_final/zephyr/misc/empty_file.c.o
LOAD .pio/build/rtc/zephyr_final/zephyr/isr_tables.c.o
LOAD .pio/build/rtc/zephyr_final/zephyr/dev_handles.c.o
LOAD /home/will/Documents/Lab5_emmaw_willg/.pio/build/rtc/zephyr/libzephyr.a
LOAD /home/will/Documents/Lab5_emmaw_willg/.pio/build/rtc/zephyr/arch/common/libarch__common.a
LOAD /home/will/Documents/Lab5_emmaw_willg/.pio/build/rtc/zephyr/arch/arch/arm/core/aarch32/libarch__arm__core__aarch32.a
LOAD /home/will/Documents/Lab5_emmaw_willg/.pio/build/rtc/zephyr/arch/arch/arm/core/aarch32/cortex_m/libarch__arm__core__aarch32__cortex_m.a
LOAD /home/will/Documents/Lab5_emmaw_willg/.pio/build/rtc/zephyr/lib/libc/newlib/liblib__libc__newlib.a
LOAD /home/will/Documents/Lab5_emmaw_willg/.pio/build/rtc/zephyr/lib/posix/liblib__posix.a
LOAD /home/will/Documents/Lab5_emmaw_willg/.pio/build/rtc/zephyr/drivers/interrupt_controller/libdrivers__interrupt_controller.a
LOAD /home/will/Documents/Lab5_emmaw_willg/.pio/build/rtc/zephyr/drivers/clock_control/libdrivers__clock_control.a
LOAD /home/will/Documents/Lab5_emmaw_willg/.pio/build/rtc/zephyr/drivers/console/libdrivers__console.a
LOAD /home/will/Documents/Lab5_emmaw_willg/.pio/build/rtc/zephyr/drivers/gpio/libdrivers__gpio.a
LOAD /home/will/Documents/Lab5_emmaw_willg/.pio/build/rtc/zephyr/drivers/serial/libdrivers__serial.a
LOAD /home/will/Documents/Lab5_emmaw_willg/.pio/build/rtc/zephyr/drivers/timer/libdrivers__timer.a
LOAD /home/will/Documents/Lab5_emmaw_willg/.pio/build/rtc/modules/_bare_module/lib_pio___bare_module.a
LOAD /home/will/Documents/Lab5_emmaw_willg/.pio/build/rtc/modules/stm32/stm32cube/lib_pio__modules__hal__stm32__stm32cube.a
LOAD /home/will/Documents/Lab5_emmaw_willg/.pio/build/rtc/zephyr/liboffsets.a
LOAD /home/will/Documents/Lab5_emmaw_willg/.pio/build/rtc/zephyr/kernel/libkernel.a
LOAD /home/will/Documents/Lab5_emmaw_willg/.pio/build/rtc/zephyr/arch/common/libisr_tables.a
LOAD /home/will/.platformio/packages/toolchain-gccarmnoneeabi@1.80201.181220/lib/gcc/arm-none-eabi/8.2.1/thumb/v6-m/nofp/libgcc.a
LOAD /home/will/.platformio/packages/toolchain-gccarmnoneeabi@1.80201.181220/arm-none-eabi/lib/thumb/v6-m/nofp/libm.a
LOAD /home/will/.platformio/packages/toolchain-gccarmnoneeabi@1.80201.181220/arm-none-eabi/lib/thumb/v6-m/nofp/libc_nano.a
LOAD /home/will/.platformio/packages/toolchain-gccarmnoneeabi@1.80201.181220/lib/gcc/arm-none-eabi/8.2.1/thumb/v6-m/nofp/libgcc.a
LOAD /home/will/.platformio/packages/toolchain-gccarmnoneeabi@1.80201.181220/arm-none-eabi/lib/thumb/v6-m/nofp/libc_nano.a
                0x0000000000000004                _region_min_align = 0x4

.rel.plt        0x0000000008000000        0x0
 *(SORT_BY_ALIGNMENT(.rel.plt))
                [!provide]                        PROVIDE (__rel_iplt_start = .)
 *(SORT_BY_ALIGNMENT(.rel.iplt))
 .rel.iplt      0x0000000008000000        0x0 .pio/build/rtc/src/main.o
                [!provide]                        PROVIDE (__rel_iplt_end = .)

.rela.plt       0x0000000000000000        0x0
 *(SORT_BY_ALIGNMENT(.rela.plt))
                [!provide]                        PROVIDE (__rela_iplt_start = .)
 *(SORT_BY_ALIGNMENT(.rela.iplt))
                [!provide]                        PROVIDE (__rela_iplt_end = .)

.rel.dyn
 *(SORT_BY_ALIGNMENT(.rel.*))

.rela.dyn
 *(SORT_BY_ALIGNMENT(.rela.*))

/DISCARD/
 *(SORT_BY_ALIGNMENT(.plt))
 *(SORT_BY_ALIGNMENT(.iplt))
 *(SORT_BY_ALIGNMENT(.got.plt))
 *(SORT_BY_ALIGNMENT(.igot.plt))
 *(SORT_BY_ALIGNMENT(.got))
 *(SORT_BY_ALIGNMENT(.igot))
 *(SORT_BY_ALIGNMENT(.irq_info*))
 *(SORT_BY_ALIGNMENT(.intList*))
 *(SORT_BY_ALIGNMENT(.note.GNU-stack))
                0x0000000008000000                __rom_region_start = 0x8000000

rom_start       0x0000000008000000       0xc0
                0x0000000000000000                . = 0x0
                0x0000000000000000                . = ALIGN (0x4)
                0x0000000000000000                _vector_start = .
 *(SORT_BY_ALIGNMENT(.exc_vector_table))
 *(SORT_BY_ALIGNMENT(.exc_vector_table.*))
 .exc_vector_table._vector_table_section
                0x0000000008000000       0x40 /home/will/Documents/Lab5_emmaw_willg/.pio/build/rtc/zephyr/arch/arch/arm/core/aarch32/cortex_m/libarch__arm__core__aarch32__cortex_m.a(vector_table.S.o)
                0x0000000008000000                _vector_table
 *(SORT_BY_ALIGNMENT(.gnu.linkonce.irq_vector_table*))
 .gnu.linkonce.irq_vector_table
                0x0000000008000040       0x80 .pio/build/rtc/zephyr_final/zephyr/isr_tables.c.o
                0x0000000008000040                _irq_vector_table
 *(SORT_BY_ALIGNMENT(.vectors))
                0x00000000080000c0                _vector_end = .

text            0x00000000080000c0     0x2c5c
                0x00000000080000c0                __text_region_start = .
 *(SORT_BY_ALIGNMENT(.text))
 .text          0x00000000080000c0       0x14 /home/will/.platformio/packages/toolchain-gccarmnoneeabi@1.80201.181220/lib/gcc/arm-none-eabi/8.2.1/thumb/v6-m/nofp/libgcc.a(_thumb1_case_uqi.o)
                0x00000000080000c0                __gnu_thumb1_case_uqi
 .text          0x00000000080000d4      0x114 /home/will/.platformio/packages/toolchain-gccarmnoneeabi@1.80201.181220/lib/gcc/arm-none-eabi/8.2.1/thumb/v6-m/nofp/libgcc.a(_udivsi3.o)
                0x00000000080000d4                __udivsi3
                0x00000000080000d4                __aeabi_uidiv
                0x00000000080001e0                __aeabi_uidivmod
 .text          0x00000000080001e8        0x4 /home/will/.platformio/packages/toolchain-gccarmnoneeabi@1.80201.181220/lib/gcc/arm-none-eabi/8.2.1/thumb/v6-m/nofp/libgcc.a(_dvmd_tls.o)
                0x00000000080001e8                __aeabi_ldiv0
                0x00000000080001e8                __aeabi_idiv0
 .text          0x00000000080001ec       0x3c /home/will/.platformio/packages/toolchain-gccarmnoneeabi@1.80201.181220/lib/gcc/arm-none-eabi/8.2.1/thumb/v6-m/nofp/libgcc.a(_clzsi2.o)
                0x00000000080001ec                __clzsi2
 .text          0x0000000008000228       0x40 /home/will/.platformio/packages/toolchain-gccarmnoneeabi@1.80201.181220/lib/gcc/arm-none-eabi/8.2.1/thumb/v6-m/nofp/libgcc.a(_aeabi_uldivmod.o)
                0x0000000008000228                __aeabi_uldivmod
 .text          0x0000000008000268       0x54 /home/will/.platformio/packages/toolchain-gccarmnoneeabi@1.80201.181220/lib/gcc/arm-none-eabi/8.2.1/thumb/v6-m/nofp/libgcc.a(_muldi3.o)
                0x0000000008000268                __aeabi_lmul
                0x0000000008000268                __muldi3
 .text          0x00000000080002bc      0x1a4 /home/will/.platformio/packages/toolchain-gccarmnoneeabi@1.80201.181220/lib/gcc/arm-none-eabi/8.2.1/thumb/v6-m/nofp/libgcc.a(_udivmoddi4.o)
                0x00000000080002bc                __udivmoddi4
 .text          0x0000000008000460       0x18 /home/will/.platformio/packages/toolchain-gccarmnoneeabi@1.80201.181220/lib/gcc/arm-none-eabi/8.2.1/thumb/v6-m/nofp/libgcc.a(_clzdi2.o)
                0x0000000008000460                __clzdi2
 .text          0x0000000008000478       0x14 /home/will/.platformio/packages/toolchain-gccarmnoneeabi@1.80201.181220/arm-none-eabi/lib/thumb/v6-m/nofp/libc_nano.a(lib_a-strcmp.o)
                0x0000000008000478                strcmp
 .text          0x000000000800048c        0xe /home/will/.platformio/packages/toolchain-gccarmnoneeabi@1.80201.181220/arm-none-eabi/lib/thumb/v6-m/nofp/libc_nano.a(lib_a-strlen.o)
                0x000000000800048c                strlen
 *(SORT_BY_ALIGNMENT(.text.*))
 *fill*         0x000000000800049a        0x2 
 .text.alarm_interrupt
                0x000000000800049c       0x34 .pio/build/rtc/src/rtc.o
                0x000000000800049c                alarm_interrupt
 .text.rtc_main
                0x00000000080004d0       0x90 .pio/build/rtc/src/rtc.o
                0x00000000080004d0                rtc_main
 .text.char_out
                0x0000000008000560       0x14 /home/will/Documents/Lab5_emmaw_willg/.pio/build/rtc/zephyr/libzephyr.a(printk.c.o)
 .text.__printk_hook_install
                0x0000000008000574        0xc /home/will/Documents/Lab5_emmaw_willg/.pio/build/rtc/zephyr/libzephyr.a(printk.c.o)
                0x0000000008000574                __printk_hook_install
 .text.vprintk  0x0000000008000580       0x18 /home/will/Documents/Lab5_emmaw_willg/.pio/build/rtc/zephyr/libzephyr.a(printk.c.o)
                0x0000000008000580                vprintk
 .text.extract_decimal
                0x0000000008000598       0x28 /home/will/Documents/Lab5_emmaw_willg/.pio/build/rtc/zephyr/libzephyr.a(cbprintf_complete.c.o)
 .text.encode_uint
                0x00000000080005c0       0x9c /home/will/Documents/Lab5_emmaw_willg/.pio/build/rtc/zephyr/libzephyr.a(cbprintf_complete.c.o)
 .text.cbvprintf
                0x000000000800065c      0x67c /home/will/Documents/Lab5_emmaw_willg/.pio/build/rtc/zephyr/libzephyr.a(cbprintf_complete.c.o)
                0x000000000800065c                cbvprintf
 .text.stm32f0_init
                0x0000000008000cd8       0x24 /home/will/Documents/Lab5_emmaw_willg/.pio/build/rtc/zephyr/libzephyr.a(soc.c.o)
 .text.relocate_vector_table
                0x0000000008000cfc       0x2c /home/will/Documents/Lab5_emmaw_willg/.pio/build/rtc/zephyr/libzephyr.a(soc.c.o)
                0x0000000008000cfc                relocate_vector_table
 .text.stm32_pin_configure
                0x0000000008000d28       0x44 /home/will/Documents/Lab5_emmaw_willg/.pio/build/rtc/zephyr/libzephyr.a(pinmux_stm32.c.o)
 .text.z_arm_cpu_idle_init
                0x0000000008000d6c        0xc /home/will/Documents/Lab5_emmaw_willg/.pio/build/rtc/zephyr/arch/arch/arm/core/aarch32/libarch__arm__core__aarch32.a(cpu_idle.S.o)
                0x0000000008000d6c                z_arm_cpu_idle_init
 .text.arch_cpu_idle
                0x0000000008000d78       0x10 /home/will/Documents/Lab5_emmaw_willg/.pio/build/rtc/zephyr/arch/arch/arm/core/aarch32/libarch__arm__core__aarch32.a(cpu_idle.S.o)
                0x0000000008000d78                arch_cpu_idle
 .text.arch_irq_enable
                0x0000000008000d88       0x18 /home/will/Documents/Lab5_emmaw_willg/.pio/build/rtc/zephyr/arch/arch/arm/core/aarch32/libarch__arm__core__aarch32.a(irq_manage.c.o)
                0x0000000008000d88                arch_irq_enable
 .text.z_arm_irq_priority_set
                0x0000000008000da0       0x54 /home/will/Documents/Lab5_emmaw_willg/.pio/build/rtc/zephyr/arch/arch/arm/core/aarch32/libarch__arm__core__aarch32.a(irq_manage.c.o)
                0x0000000008000da0                z_arm_irq_priority_set
 .text.z_SysNmiOnReset
                0x0000000008000df4        0x4 /home/will/Documents/Lab5_emmaw_willg/.pio/build/rtc/zephyr/arch/arch/arm/core/aarch32/libarch__arm__core__aarch32.a(nmi_on_reset.S.o)
                0x0000000008000df4                z_SysNmiOnReset
 .text.arch_swap
                0x0000000008000df8       0x30 /home/will/Documents/Lab5_emmaw_willg/.pio/build/rtc/zephyr/arch/arch/arm/core/aarch32/libarch__arm__core__aarch32.a(swap.c.o)
                0x0000000008000df8                arch_swap
 .text.z_arm_pendsv
                0x0000000008000e28       0x60 /home/will/Documents/Lab5_emmaw_willg/.pio/build/rtc/zephyr/arch/arch/arm/core/aarch32/libarch__arm__core__aarch32.a(swap_helper.S.o)
                0x0000000008000e28                z_arm_pendsv
 .text.z_arm_svc
                0x0000000008000e88       0x24 /home/will/Documents/Lab5_emmaw_willg/.pio/build/rtc/zephyr/arch/arch/arm/core/aarch32/libarch__arm__core__aarch32.a(swap_helper.S.o)
                0x0000000008000e88                z_arm_svc
 .text.arch_new_thread
                0x0000000008000eac       0x2c /home/will/Documents/Lab5_emmaw_willg/.pio/build/rtc/zephyr/arch/arch/arm/core/aarch32/libarch__arm__core__aarch32.a(thread.c.o)
                0x0000000008000eac                arch_new_thread
 .text.arch_switch_to_main_thread
                0x0000000008000ed8       0x20 /home/will/Documents/Lab5_emmaw_willg/.pio/build/rtc/zephyr/arch/arch/arm/core/aarch32/libarch__arm__core__aarch32.a(thread.c.o)
                0x0000000008000ed8                arch_switch_to_main_thread
 .text._isr_wrapper
                0x0000000008000ef8       0x28 /home/will/Documents/Lab5_emmaw_willg/.pio/build/rtc/zephyr/arch/arch/arm/core/aarch32/libarch__arm__core__aarch32.a(isr_wrapper.S.o)
                0x0000000008000ef8                _isr_wrapper
 .text._HandlerModeExit
                0x0000000008000f20       0x20 /home/will/Documents/Lab5_emmaw_willg/.pio/build/rtc/zephyr/arch/arch/arm/core/aarch32/cortex_m/libarch__arm__core__aarch32__cortex_m.a(exc_exit.S.o)
                0x0000000008000f20                z_arm_exc_exit
                0x0000000008000f20                z_arm_int_exit
 .text.z_arm_fault
                0x0000000008000f40       0x7c /home/will/Documents/Lab5_emmaw_willg/.pio/build/rtc/zephyr/arch/arch/arm/core/aarch32/cortex_m/libarch__arm__core__aarch32__cortex_m.a(fault.c.o)
                0x0000000008000f40                z_arm_fault
 .text.__fault  0x0000000008000fbc       0x14 /home/will/Documents/Lab5_emmaw_willg/.pio/build/rtc/zephyr/arch/arch/arm/core/aarch32/cortex_m/libarch__arm__core__aarch32__cortex_m.a(fault_s.S.o)
                0x0000000008000fbc                z_arm_exc_spurious
                0x0000000008000fbc                z_arm_hard_fault
 .text.z_arm_interrupt_init
                0x0000000008000fd0       0x30 /home/will/Documents/Lab5_emmaw_willg/.pio/build/rtc/zephyr/arch/arch/arm/core/aarch32/cortex_m/libarch__arm__core__aarch32__cortex_m.a(irq_init.c.o)
                0x0000000008000fd0                z_arm_interrupt_init
 .text._reset_section
                0x0000000008001000       0x28 /home/will/Documents/Lab5_emmaw_willg/.pio/build/rtc/zephyr/arch/arch/arm/core/aarch32/cortex_m/libarch__arm__core__aarch32__cortex_m.a(reset.S.o)
                0x0000000008001000                z_arm_reset
                0x0000000008001000                __start
 .text.z_impl_k_thread_abort
                0x0000000008001028       0x2c /home/will/Documents/Lab5_emmaw_willg/.pio/build/rtc/zephyr/arch/arch/arm/core/aarch32/cortex_m/libarch__arm__core__aarch32__cortex_m.a(thread_abort.c.o)
                0x0000000008001028                z_impl_k_thread_abort
 .text.__stdout_hook_install
                0x0000000008001054        0xc /home/will/Documents/Lab5_emmaw_willg/.pio/build/rtc/zephyr/lib/libc/newlib/liblib__libc__newlib.a(libc-hooks.c.o)
                0x0000000008001054                __stdout_hook_install
 .text.__stm32_exti_isr.isra.2
                0x0000000008001060       0x38 /home/will/Documents/Lab5_emmaw_willg/.pio/build/rtc/zephyr/drivers/interrupt_controller/libdrivers__interrupt_controller.a(intc_exti_stm32.c.o)
 .text.stm32_exti_enable
                0x0000000008001098       0x24 /home/will/Documents/Lab5_emmaw_willg/.pio/build/rtc/zephyr/drivers/interrupt_controller/libdrivers__interrupt_controller.a(intc_exti_stm32.c.o)
                0x0000000008001098                stm32_exti_enable
 .text.stm32_exti_disable
                0x00000000080010bc       0x18 /home/will/Documents/Lab5_emmaw_willg/.pio/build/rtc/zephyr/drivers/interrupt_controller/libdrivers__interrupt_controller.a(intc_exti_stm32.c.o)
                0x00000000080010bc                stm32_exti_disable
 .text.stm32_exti_trigger
                0x00000000080010d4       0x5c /home/will/Documents/Lab5_emmaw_willg/.pio/build/rtc/zephyr/drivers/interrupt_controller/libdrivers__interrupt_controller.a(intc_exti_stm32.c.o)
                0x00000000080010d4                stm32_exti_trigger
 .text.stm32_exti_set_callback
                0x0000000008001130       0x20 /home/will/Documents/Lab5_emmaw_willg/.pio/build/rtc/zephyr/drivers/interrupt_controller/libdrivers__interrupt_controller.a(intc_exti_stm32.c.o)
                0x0000000008001130                stm32_exti_set_callback
 .text.stm32_exti_unset_callback
                0x0000000008001150       0x14 /home/will/Documents/Lab5_emmaw_willg/.pio/build/rtc/zephyr/drivers/interrupt_controller/libdrivers__interrupt_controller.a(intc_exti_stm32.c.o)
                0x0000000008001150                stm32_exti_unset_callback
 .text.stm32_clock_control_on
                0x0000000008001164       0x5c /home/will/Documents/Lab5_emmaw_willg/.pio/build/rtc/zephyr/drivers/clock_control/libdrivers__clock_control.a(clock_stm32_ll_common.c.o)
 .text.stm32_clock_control_off
                0x00000000080011c0       0x40 /home/will/Documents/Lab5_emmaw_willg/.pio/build/rtc/zephyr/drivers/clock_control/libdrivers__clock_control.a(clock_stm32_ll_common.c.o)
 .text.stm32_clock_control_get_subsys_rate
                0x0000000008001200       0x30 /home/will/Documents/Lab5_emmaw_willg/.pio/build/rtc/zephyr/drivers/clock_control/libdrivers__clock_control.a(clock_stm32_ll_common.c.o)
 .text.stm32_clock_control_init
                0x0000000008001230       0x74 /home/will/Documents/Lab5_emmaw_willg/.pio/build/rtc/zephyr/drivers/clock_control/libdrivers__clock_control.a(clock_stm32_ll_common.c.o)
                0x0000000008001230                stm32_clock_control_init
 .text.config_enable_default_clocks
                0x00000000080012a4       0x1c /home/will/Documents/Lab5_emmaw_willg/.pio/build/rtc/zephyr/drivers/clock_control/libdrivers__clock_control.a(clock_stm32f0_f3.c.o)
                0x00000000080012a4                config_enable_default_clocks
 .text.uart_console_init
                0x00000000080012c0       0x34 /home/will/Documents/Lab5_emmaw_willg/.pio/build/rtc/zephyr/drivers/console/libdrivers__console.a(uart_console.c.o)
 .text.console_out
                0x00000000080012f4       0x28 /home/will/Documents/Lab5_emmaw_willg/.pio/build/rtc/zephyr/drivers/console/libdrivers__console.a(uart_console.c.o)
 .text.gpio_stm32_pin_interrupt_configure
                0x000000000800131c       0xcc /home/will/Documents/Lab5_emmaw_willg/.pio/build/rtc/zephyr/drivers/gpio/libdrivers__gpio.a(gpio_stm32.c.o)
 .text.gpio_stm32_clock_request
                0x00000000080013e8       0x3c /home/will/Documents/Lab5_emmaw_willg/.pio/build/rtc/zephyr/drivers/gpio/libdrivers__gpio.a(gpio_stm32.c.o)
                0x00000000080013e8                gpio_stm32_clock_request
 .text.uart_stm32_config_get
                0x0000000008001424       0xa4 /home/will/Documents/Lab5_emmaw_willg/.pio/build/rtc/zephyr/drivers/serial/libdrivers__serial.a(uart_stm32.c.o)
 .text.uart_stm32_irq_err_enable
                0x00000000080014c8       0x4c /home/will/Documents/Lab5_emmaw_willg/.pio/build/rtc/zephyr/drivers/serial/libdrivers__serial.a(uart_stm32.c.o)
 .text.uart_stm32_irq_err_disable
                0x0000000008001514       0x50 /home/will/Documents/Lab5_emmaw_willg/.pio/build/rtc/zephyr/drivers/serial/libdrivers__serial.a(uart_stm32.c.o)
 .text.uart_stm32_set_baudrate
                0x0000000008001564       0x4c /home/will/Documents/Lab5_emmaw_willg/.pio/build/rtc/zephyr/drivers/serial/libdrivers__serial.a(uart_stm32.c.o)
 .text.uart_stm32_init
                0x00000000080015b0       0xe0 /home/will/Documents/Lab5_emmaw_willg/.pio/build/rtc/zephyr/drivers/serial/libdrivers__serial.a(uart_stm32.c.o)
 .text.uart_stm32_configure
                0x0000000008001690      0x168 /home/will/Documents/Lab5_emmaw_willg/.pio/build/rtc/zephyr/drivers/serial/libdrivers__serial.a(uart_stm32.c.o)
 .text.elapsed  0x00000000080017f8       0x38 /home/will/Documents/Lab5_emmaw_willg/.pio/build/rtc/zephyr/drivers/timer/libdrivers__timer.a(cortex_m_systick.c.o)
 .text.sys_clock_isr
                0x0000000008001830       0x44 /home/will/Documents/Lab5_emmaw_willg/.pio/build/rtc/zephyr/drivers/timer/libdrivers__timer.a(cortex_m_systick.c.o)
                0x0000000008001830                sys_clock_isr
 .text.sys_clock_driver_init
                0x0000000008001874       0x3c /home/will/Documents/Lab5_emmaw_willg/.pio/build/rtc/zephyr/drivers/timer/libdrivers__timer.a(cortex_m_systick.c.o)
                0x0000000008001874                sys_clock_driver_init
 .text.sys_clock_set_timeout
                0x00000000080018b0      0x104 /home/will/Documents/Lab5_emmaw_willg/.pio/build/rtc/zephyr/drivers/timer/libdrivers__timer.a(cortex_m_systick.c.o)
                0x00000000080018b0                sys_clock_set_timeout
 .text.sys_clock_elapsed
                0x00000000080019b4       0x34 /home/will/Documents/Lab5_emmaw_willg/.pio/build/rtc/zephyr/drivers/timer/libdrivers__timer.a(cortex_m_systick.c.o)
                0x00000000080019b4                sys_clock_elapsed
 .text.LL_RCC_PLL_ConfigDomain_SYS
                0x00000000080019e8       0x24 /home/will/Documents/Lab5_emmaw_willg/.pio/build/rtc/modules/stm32/stm32cube/lib_pio__modules__hal__stm32__stm32cube.a(stm32f0xx_ll_utils.c.o)
 .text.UTILS_PLL_IsBusy
                0x0000000008001a0c       0x10 /home/will/Documents/Lab5_emmaw_willg/.pio/build/rtc/modules/stm32/stm32cube/lib_pio__modules__hal__stm32__stm32cube.a(stm32f0xx_ll_utils.c.o)
 .text.LL_SetFlashLatency
                0x0000000008001a1c       0x38 /home/will/Documents/Lab5_emmaw_willg/.pio/build/rtc/modules/stm32/stm32cube/lib_pio__modules__hal__stm32__stm32cube.a(stm32f0xx_ll_utils.c.o)
                0x0000000008001a1c                LL_SetFlashLatency
 .text.UTILS_EnablePLLAndSwitchSystem
                0x0000000008001a54       0xa0 /home/will/Documents/Lab5_emmaw_willg/.pio/build/rtc/modules/stm32/stm32cube/lib_pio__modules__hal__stm32__stm32cube.a(stm32f0xx_ll_utils.c.o)
 .text.LL_PLL_ConfigSystemClock_HSI
                0x0000000008001af4       0x64 /home/will/Documents/Lab5_emmaw_willg/.pio/build/rtc/modules/stm32/stm32cube/lib_pio__modules__hal__stm32__stm32cube.a(stm32f0xx_ll_utils.c.o)
                0x0000000008001af4                LL_PLL_ConfigSystemClock_HSI
 .text.z_sys_init_run_level
                0x0000000008001b58       0x44 /home/will/Documents/Lab5_emmaw_willg/.pio/build/rtc/zephyr/kernel/libkernel.a(device.c.o)
                0x0000000008001b58                z_sys_init_run_level
 .text.z_impl_device_get_binding
                0x0000000008001b9c       0x5c /home/will/Documents/Lab5_emmaw_willg/.pio/build/rtc/zephyr/kernel/libkernel.a(device.c.o)
                0x0000000008001b9c                z_impl_device_get_binding
 .text.init_idle_thread
                0x0000000008001bf8       0x54 /home/will/Documents/Lab5_emmaw_willg/.pio/build/rtc/zephyr/kernel/libkernel.a(init.c.o)
 .text.bg_thread_main
                0x0000000008001c4c       0x34 /home/will/Documents/Lab5_emmaw_willg/.pio/build/rtc/zephyr/kernel/libkernel.a(init.c.o)
 .text.z_bss_zero
                0x0000000008001c80       0x18 /home/will/Documents/Lab5_emmaw_willg/.pio/build/rtc/zephyr/kernel/libkernel.a(init.c.o)
                0x0000000008001c80                z_bss_zero
 .text.z_cstart
                0x0000000008001c98       0xb8 /home/will/Documents/Lab5_emmaw_willg/.pio/build/rtc/zephyr/kernel/libkernel.a(init.c.o)
                0x0000000008001c98                z_cstart
 .text.z_setup_new_thread
                0x0000000008001d50       0x58 /home/will/Documents/Lab5_emmaw_willg/.pio/build/rtc/zephyr/kernel/libkernel.a(thread.c.o)
                0x0000000008001d50                z_setup_new_thread
 .text.z_init_static_threads
                0x0000000008001da8       0x90 /home/will/Documents/Lab5_emmaw_willg/.pio/build/rtc/zephyr/kernel/libkernel.a(thread.c.o)
                0x0000000008001da8                z_init_static_threads
 .text.z_reset_time_slice
                0x0000000008001e38       0x28 /home/will/Documents/Lab5_emmaw_willg/.pio/build/rtc/zephyr/kernel/libkernel.a(sched.c.o)
                0x0000000008001e38                z_reset_time_slice
 .text.k_sched_time_slice_set
                0x0000000008001e60       0x44 /home/will/Documents/Lab5_emmaw_willg/.pio/build/rtc/zephyr/kernel/libkernel.a(sched.c.o)
                0x0000000008001e60                k_sched_time_slice_set
 .text.z_reschedule
                0x0000000008001ea4       0x2c /home/will/Documents/Lab5_emmaw_willg/.pio/build/rtc/zephyr/kernel/libkernel.a(sched.c.o)
                0x0000000008001ea4                z_reschedule
 .text.k_sched_lock
                0x0000000008001ed0       0x20 /home/will/Documents/Lab5_emmaw_willg/.pio/build/rtc/zephyr/kernel/libkernel.a(sched.c.o)
                0x0000000008001ed0                k_sched_lock
 .text.update_cache
                0x0000000008001ef0       0x44 /home/will/Documents/Lab5_emmaw_willg/.pio/build/rtc/zephyr/kernel/libkernel.a(sched.c.o)
 .text.move_thread_to_end_of_prio_q
                0x0000000008001f34       0x78 /home/will/Documents/Lab5_emmaw_willg/.pio/build/rtc/zephyr/kernel/libkernel.a(sched.c.o)
 .text.z_time_slice
                0x0000000008001fac       0x7c /home/will/Documents/Lab5_emmaw_willg/.pio/build/rtc/zephyr/kernel/libkernel.a(sched.c.o)
                0x0000000008001fac                z_time_slice
 .text.ready_thread
                0x0000000008002028       0x6c /home/will/Documents/Lab5_emmaw_willg/.pio/build/rtc/zephyr/kernel/libkernel.a(sched.c.o)
 .text.z_sched_start
                0x0000000008002094       0x34 /home/will/Documents/Lab5_emmaw_willg/.pio/build/rtc/zephyr/kernel/libkernel.a(sched.c.o)
                0x0000000008002094                z_sched_start
 .text.unready_thread
                0x00000000080020c8       0x2c /home/will/Documents/Lab5_emmaw_willg/.pio/build/rtc/zephyr/kernel/libkernel.a(sched.c.o)
 .text.z_impl_k_thread_suspend
                0x00000000080020f4       0x54 /home/will/Documents/Lab5_emmaw_willg/.pio/build/rtc/zephyr/kernel/libkernel.a(sched.c.o)
                0x00000000080020f4                z_impl_k_thread_suspend
 .text.k_sched_unlock
                0x0000000008002148       0x2c /home/will/Documents/Lab5_emmaw_willg/.pio/build/rtc/zephyr/kernel/libkernel.a(sched.c.o)
                0x0000000008002148                k_sched_unlock
 .text.z_sched_init
                0x0000000008002174       0x1c /home/will/Documents/Lab5_emmaw_willg/.pio/build/rtc/zephyr/kernel/libkernel.a(sched.c.o)
                0x0000000008002174                z_sched_init
 .text.z_impl_k_yield
                0x0000000008002190       0x7c /home/will/Documents/Lab5_emmaw_willg/.pio/build/rtc/zephyr/kernel/libkernel.a(sched.c.o)
                0x0000000008002190                z_impl_k_yield
 .text.z_tick_sleep
                0x000000000800220c       0x94 /home/will/Documents/Lab5_emmaw_willg/.pio/build/rtc/zephyr/kernel/libkernel.a(sched.c.o)
 .text.z_impl_k_sleep
                0x00000000080022a0       0x30 /home/will/Documents/Lab5_emmaw_willg/.pio/build/rtc/zephyr/kernel/libkernel.a(sched.c.o)
                0x00000000080022a0                z_impl_k_sleep
 .text.z_impl_z_current_get
                0x00000000080022d0        0xc /home/will/Documents/Lab5_emmaw_willg/.pio/build/rtc/zephyr/kernel/libkernel.a(sched.c.o)
                0x00000000080022d0                z_impl_z_current_get
 .text.z_thread_abort
                0x00000000080022dc       0xa0 /home/will/Documents/Lab5_emmaw_willg/.pio/build/rtc/zephyr/kernel/libkernel.a(sched.c.o)
                0x00000000080022dc                z_thread_abort
 .text.z_data_copy
                0x000000000800237c       0x34 /home/will/Documents/Lab5_emmaw_willg/.pio/build/rtc/zephyr/kernel/libkernel.a(xip.c.o)
                0x000000000800237c                z_data_copy
 .text.elapsed  0x00000000080023b0       0x18 /home/will/Documents/Lab5_emmaw_willg/.pio/build/rtc/zephyr/kernel/libkernel.a(timeout.c.o)
 .text.remove_timeout
                0x00000000080023c8       0x38 /home/will/Documents/Lab5_emmaw_willg/.pio/build/rtc/zephyr/kernel/libkernel.a(timeout.c.o)
 .text.next_timeout
                0x0000000008002400       0x58 /home/will/Documents/Lab5_emmaw_willg/.pio/build/rtc/zephyr/kernel/libkernel.a(timeout.c.o)
 .text.z_add_timeout
                0x0000000008002458       0xf0 /home/will/Documents/Lab5_emmaw_willg/.pio/build/rtc/zephyr/kernel/libkernel.a(timeout.c.o)
                0x0000000008002458                z_add_timeout
 .text.sys_clock_announce
                0x0000000008002548       0xe8 /home/will/Documents/Lab5_emmaw_willg/.pio/build/rtc/zephyr/kernel/libkernel.a(timeout.c.o)
                0x0000000008002548                sys_clock_announce
 .text.sys_clock_tick_get
                0x0000000008002630       0x30 /home/will/Documents/Lab5_emmaw_willg/.pio/build/rtc/zephyr/kernel/libkernel.a(timeout.c.o)
                0x0000000008002630                sys_clock_tick_get
 .text.boot_banner
                0x0000000008002660       0x1c /home/will/Documents/Lab5_emmaw_willg/.pio/build/rtc/zephyr/kernel/libkernel.a(banner.c.o)
                0x0000000008002660                boot_banner
 .text.main     0x000000000800267c        0x8 .pio/build/rtc/src/main.o
                0x000000000800267c                main
 .text.arch_printk_char_out
                0x0000000008002684        0x4 /home/will/Documents/Lab5_emmaw_willg/.pio/build/rtc/zephyr/libzephyr.a(printk.c.o)
                0x0000000008002684                arch_printk_char_out
 .text.printk   0x0000000008002688       0x16 /home/will/Documents/Lab5_emmaw_willg/.pio/build/rtc/zephyr/libzephyr.a(printk.c.o)
                0x0000000008002688                printk
 .text.z_thread_entry
                0x000000000800269e       0x14 /home/will/Documents/Lab5_emmaw_willg/.pio/build/rtc/zephyr/libzephyr.a(thread_entry.c.o)
                0x000000000800269e                z_thread_entry
 .text.outs     0x00000000080026b2       0x2c /home/will/Documents/Lab5_emmaw_willg/.pio/build/rtc/zephyr/libzephyr.a(cbprintf_complete.c.o)
 .text._ConfigAbsSyms
                0x00000000080026de        0x2 /home/will/Documents/Lab5_emmaw_willg/.pio/build/rtc/zephyr/libzephyr.a(configs.c.o)
                0x00000000080026de                _ConfigAbsSyms
 .text.st_stm32_common_config
                0x00000000080026e0        0x4 /home/will/Documents/Lab5_emmaw_willg/.pio/build/rtc/zephyr/libzephyr.a(soc_config.c.o)
 .text.stm32_dt_pinctrl_configure
                0x00000000080026e4       0x4a /home/will/Documents/Lab5_emmaw_willg/.pio/build/rtc/zephyr/libzephyr.a(pinmux_stm32.c.o)
                0x00000000080026e4                stm32_dt_pinctrl_configure
 .text.z_arm_fatal_error
                0x000000000800272e        0x8 /home/will/Documents/Lab5_emmaw_willg/.pio/build/rtc/zephyr/arch/arch/arm/core/aarch32/libarch__arm__core__aarch32.a(fatal.c.o)
                0x000000000800272e                z_arm_fatal_error
 .text.z_do_kernel_oops
                0x0000000008002736        0xc /home/will/Documents/Lab5_emmaw_willg/.pio/build/rtc/zephyr/arch/arch/arm/core/aarch32/libarch__arm__core__aarch32.a(fatal.c.o)
                0x0000000008002736                z_do_kernel_oops
 .text.z_irq_spurious
                0x0000000008002742        0xc /home/will/Documents/Lab5_emmaw_willg/.pio/build/rtc/zephyr/arch/arch/arm/core/aarch32/libarch__arm__core__aarch32.a(irq_manage.c.o)
                0x0000000008002742                z_irq_spurious
 .text.z_arm_nmi
                0x000000000800274e        0xc /home/will/Documents/Lab5_emmaw_willg/.pio/build/rtc/zephyr/arch/arch/arm/core/aarch32/libarch__arm__core__aarch32.a(nmi.c.o)
                0x000000000800274e                z_arm_nmi
 .text.z_arm_prep_c
                0x000000000800275a       0x16 /home/will/Documents/Lab5_emmaw_willg/.pio/build/rtc/zephyr/arch/arch/arm/core/aarch32/libarch__arm__core__aarch32.a(prep_c.c.o)
                0x000000000800275a                z_arm_prep_c
 .text.z_arm_fault_init
                0x0000000008002770        0x2 /home/will/Documents/Lab5_emmaw_willg/.pio/build/rtc/zephyr/arch/arch/arm/core/aarch32/cortex_m/libarch__arm__core__aarch32__cortex_m.a(fault.c.o)
                0x0000000008002770                z_arm_fault_init
 .text.malloc_prepare
                0x0000000008002772        0x4 /home/will/Documents/Lab5_emmaw_willg/.pio/build/rtc/zephyr/lib/libc/newlib/liblib__libc__newlib.a(libc-hooks.c.o)
 .text._stdout_hook_default
                0x0000000008002776        0x6 /home/will/Documents/Lab5_emmaw_willg/.pio/build/rtc/zephyr/lib/libc/newlib/liblib__libc__newlib.a(libc-hooks.c.o)
 .text.__stm32_exti_isr_0_1
                0x000000000800277c        0xe /home/will/Documents/Lab5_emmaw_willg/.pio/build/rtc/zephyr/drivers/interrupt_controller/libdrivers__interrupt_controller.a(intc_exti_stm32.c.o)
 .text.__stm32_exti_isr_2_3
                0x000000000800278a        0xe /home/will/Documents/Lab5_emmaw_willg/.pio/build/rtc/zephyr/drivers/interrupt_controller/libdrivers__interrupt_controller.a(intc_exti_stm32.c.o)
 .text.__stm32_exti_isr_4_15
                0x0000000008002798        0xe /home/will/Documents/Lab5_emmaw_willg/.pio/build/rtc/zephyr/drivers/interrupt_controller/libdrivers__interrupt_controller.a(intc_exti_stm32.c.o)
 .text.stm32_exti_init
                0x00000000080027a6       0x24 /home/will/Documents/Lab5_emmaw_willg/.pio/build/rtc/zephyr/drivers/interrupt_controller/libdrivers__interrupt_controller.a(intc_exti_stm32.c.o)
 .text.config_pll_init
                0x00000000080027ca        0xc /home/will/Documents/Lab5_emmaw_willg/.pio/build/rtc/zephyr/drivers/clock_control/libdrivers__clock_control.a(clock_stm32f0_f3.c.o)
                0x00000000080027ca                config_pll_init
 .text.LL_RCC_MSI_Disable
                0x00000000080027d6        0x2 /home/will/Documents/Lab5_emmaw_willg/.pio/build/rtc/zephyr/drivers/clock_control/libdrivers__clock_control.a(clock_stm32f0_f3.c.o)
                0x00000000080027d6                LL_RCC_MSI_Disable
 .text.gpio_stm32_isr
                0x00000000080027d8       0x2a /home/will/Documents/Lab5_emmaw_willg/.pio/build/rtc/zephyr/drivers/gpio/libdrivers__gpio.a(gpio_stm32.c.o)
 .text.gpio_stm32_port_get_raw
                0x0000000008002802        0xc /home/will/Documents/Lab5_emmaw_willg/.pio/build/rtc/zephyr/drivers/gpio/libdrivers__gpio.a(gpio_stm32.c.o)
 .text.gpio_stm32_port_set_masked_raw
                0x000000000800280e       0x12 /home/will/Documents/Lab5_emmaw_willg/.pio/build/rtc/zephyr/drivers/gpio/libdrivers__gpio.a(gpio_stm32.c.o)
 .text.gpio_stm32_port_set_bits_raw
                0x0000000008002820        0xa /home/will/Documents/Lab5_emmaw_willg/.pio/build/rtc/zephyr/drivers/gpio/libdrivers__gpio.a(gpio_stm32.c.o)
 .text.gpio_stm32_port_clear_bits_raw
                0x000000000800282a        0xa /home/will/Documents/Lab5_emmaw_willg/.pio/build/rtc/zephyr/drivers/gpio/libdrivers__gpio.a(gpio_stm32.c.o)
 .text.gpio_stm32_port_toggle_bits
                0x0000000008002834        0xe /home/will/Documents/Lab5_emmaw_willg/.pio/build/rtc/zephyr/drivers/gpio/libdrivers__gpio.a(gpio_stm32.c.o)
 .text.gpio_stm32_manage_callback
                0x0000000008002842       0x5e /home/will/Documents/Lab5_emmaw_willg/.pio/build/rtc/zephyr/drivers/gpio/libdrivers__gpio.a(gpio_stm32.c.o)
 .text.gpio_stm32_configure
                0x00000000080028a0       0x9a /home/will/Documents/Lab5_emmaw_willg/.pio/build/rtc/zephyr/drivers/gpio/libdrivers__gpio.a(gpio_stm32.c.o)
                0x00000000080028a0                gpio_stm32_configure
 .text.gpio_stm32_config
                0x000000000800293a       0x76 /home/will/Documents/Lab5_emmaw_willg/.pio/build/rtc/zephyr/drivers/gpio/libdrivers__gpio.a(gpio_stm32.c.o)
 .text.gpio_stm32_init
                0x00000000080029b0        0xe /home/will/Documents/Lab5_emmaw_willg/.pio/build/rtc/zephyr/drivers/gpio/libdrivers__gpio.a(gpio_stm32.c.o)
 .text.uart_stm32_err_check
                0x00000000080029be       0x40 /home/will/Documents/Lab5_emmaw_willg/.pio/build/rtc/zephyr/drivers/serial/libdrivers__serial.a(uart_stm32.c.o)
 .text.uart_stm32_irq_tx_enable
                0x00000000080029fe       0x1c /home/will/Documents/Lab5_emmaw_willg/.pio/build/rtc/zephyr/drivers/serial/libdrivers__serial.a(uart_stm32.c.o)
 .text.uart_stm32_irq_tx_disable
                0x0000000008002a1a       0x1c /home/will/Documents/Lab5_emmaw_willg/.pio/build/rtc/zephyr/drivers/serial/libdrivers__serial.a(uart_stm32.c.o)
 .text.uart_stm32_irq_rx_enable
                0x0000000008002a36       0x1c /home/will/Documents/Lab5_emmaw_willg/.pio/build/rtc/zephyr/drivers/serial/libdrivers__serial.a(uart_stm32.c.o)
 .text.uart_stm32_irq_rx_disable
                0x0000000008002a52       0x1c /home/will/Documents/Lab5_emmaw_willg/.pio/build/rtc/zephyr/drivers/serial/libdrivers__serial.a(uart_stm32.c.o)
 .text.uart_stm32_irq_is_pending
                0x0000000008002a6e       0x24 /home/will/Documents/Lab5_emmaw_willg/.pio/build/rtc/zephyr/drivers/serial/libdrivers__serial.a(uart_stm32.c.o)
 .text.uart_stm32_irq_update
                0x0000000008002a92        0x4 /home/will/Documents/Lab5_emmaw_willg/.pio/build/rtc/zephyr/drivers/serial/libdrivers__serial.a(uart_stm32.c.o)
 .text.uart_stm32_irq_callback_set
                0x0000000008002a96        0x8 /home/will/Documents/Lab5_emmaw_willg/.pio/build/rtc/zephyr/drivers/serial/libdrivers__serial.a(uart_stm32.c.o)
 .text.uart_stm32_isr
                0x0000000008002a9e       0x10 /home/will/Documents/Lab5_emmaw_willg/.pio/build/rtc/zephyr/drivers/serial/libdrivers__serial.a(uart_stm32.c.o)
 .text.uart_stm32_irq_config_func_0
                0x0000000008002aae       0x14 /home/will/Documents/Lab5_emmaw_willg/.pio/build/rtc/zephyr/drivers/serial/libdrivers__serial.a(uart_stm32.c.o)
 .text.uart_stm32_poll_out
                0x0000000008002ac2       0x12 /home/will/Documents/Lab5_emmaw_willg/.pio/build/rtc/zephyr/drivers/serial/libdrivers__serial.a(uart_stm32.c.o)
 .text.uart_stm32_fifo_fill
                0x0000000008002ad4       0x22 /home/will/Documents/Lab5_emmaw_willg/.pio/build/rtc/zephyr/drivers/serial/libdrivers__serial.a(uart_stm32.c.o)
 .text.uart_stm32_irq_tx_complete
                0x0000000008002af6        0xc /home/will/Documents/Lab5_emmaw_willg/.pio/build/rtc/zephyr/drivers/serial/libdrivers__serial.a(uart_stm32.c.o)
 .text.uart_stm32_irq_rx_ready
                0x0000000008002b02        0xc /home/will/Documents/Lab5_emmaw_willg/.pio/build/rtc/zephyr/drivers/serial/libdrivers__serial.a(uart_stm32.c.o)
 .text.uart_stm32_fifo_read
                0x0000000008002b0e       0x2e /home/will/Documents/Lab5_emmaw_willg/.pio/build/rtc/zephyr/drivers/serial/libdrivers__serial.a(uart_stm32.c.o)
 .text.uart_stm32_poll_in
                0x0000000008002b3c       0x22 /home/will/Documents/Lab5_emmaw_willg/.pio/build/rtc/zephyr/drivers/serial/libdrivers__serial.a(uart_stm32.c.o)
 .text.uart_stm32_irq_tx_ready
                0x0000000008002b5e       0x14 /home/will/Documents/Lab5_emmaw_willg/.pio/build/rtc/zephyr/drivers/serial/libdrivers__serial.a(uart_stm32.c.o)
 .text._OffsetAbsSyms
                0x0000000008002b72        0x2 /home/will/Documents/Lab5_emmaw_willg/.pio/build/rtc/zephyr/liboffsets.a(offsets.c.o)
                0x0000000008002b72                _OffsetAbsSyms
 .text.z_device_state_init
                0x0000000008002b74        0x2 /home/will/Documents/Lab5_emmaw_willg/.pio/build/rtc/zephyr/kernel/libkernel.a(device.c.o)
                0x0000000008002b74                z_device_state_init
 .text.z_device_ready
                0x0000000008002b76       0x1a /home/will/Documents/Lab5_emmaw_willg/.pio/build/rtc/zephyr/kernel/libkernel.a(device.c.o)
                0x0000000008002b76                z_device_ready
 .text.arch_system_halt
                0x0000000008002b90        0x8 /home/will/Documents/Lab5_emmaw_willg/.pio/build/rtc/zephyr/kernel/libkernel.a(fatal.c.o)
                0x0000000008002b90                arch_system_halt
 .text.k_sys_fatal_error_handler
                0x0000000008002b98        0x6 /home/will/Documents/Lab5_emmaw_willg/.pio/build/rtc/zephyr/kernel/libkernel.a(fatal.c.o)
                0x0000000008002b98                k_sys_fatal_error_handler
 .text.z_fatal_error
                0x0000000008002b9e       0x2c /home/will/Documents/Lab5_emmaw_willg/.pio/build/rtc/zephyr/kernel/libkernel.a(fatal.c.o)
                0x0000000008002b9e                z_fatal_error
 .text.idle     0x0000000008002bca        0xe /home/will/Documents/Lab5_emmaw_willg/.pio/build/rtc/zephyr/kernel/libkernel.a(idle.c.o)
                0x0000000008002bca                idle
 .text.sys_dlist_remove
                0x0000000008002bd8       0x10 /home/will/Documents/Lab5_emmaw_willg/.pio/build/rtc/zephyr/kernel/libkernel.a(sched.c.o)
 .text.unpend_thread_no_timeout
                0x0000000008002be8       0x16 /home/will/Documents/Lab5_emmaw_willg/.pio/build/rtc/zephyr/kernel/libkernel.a(sched.c.o)
 .text.z_reschedule_irqlock
                0x0000000008002bfe       0x1c /home/will/Documents/Lab5_emmaw_willg/.pio/build/rtc/zephyr/kernel/libkernel.a(sched.c.o)
                0x0000000008002bfe                z_reschedule_irqlock
 .text.z_reschedule_unlocked
                0x0000000008002c1a        0xe /home/will/Documents/Lab5_emmaw_willg/.pio/build/rtc/zephyr/kernel/libkernel.a(sched.c.o)
 .text.z_priq_dumb_best
                0x0000000008002c28        0xc /home/will/Documents/Lab5_emmaw_willg/.pio/build/rtc/zephyr/kernel/libkernel.a(sched.c.o)
                0x0000000008002c28                z_priq_dumb_best
 .text.z_ready_thread
                0x0000000008002c34       0x18 /home/will/Documents/Lab5_emmaw_willg/.pio/build/rtc/zephyr/kernel/libkernel.a(sched.c.o)
                0x0000000008002c34                z_ready_thread
 .text.z_thread_timeout
                0x0000000008002c4c       0x3e /home/will/Documents/Lab5_emmaw_willg/.pio/build/rtc/zephyr/kernel/libkernel.a(sched.c.o)
                0x0000000008002c4c                z_thread_timeout
 .text.z_abort_timeout
                0x0000000008002c8a       0x26 /home/will/Documents/Lab5_emmaw_willg/.pio/build/rtc/zephyr/kernel/libkernel.a(timeout.c.o)
                0x0000000008002c8a                z_abort_timeout
 .text.z_set_timeout_expiry
                0x0000000008002cb0       0x2c /home/will/Documents/Lab5_emmaw_willg/.pio/build/rtc/zephyr/kernel/libkernel.a(timeout.c.o)
                0x0000000008002cb0                z_set_timeout_expiry
 .text.sys_clock_tick_get_32
                0x0000000008002cdc        0x8 /home/will/Documents/Lab5_emmaw_willg/.pio/build/rtc/zephyr/kernel/libkernel.a(timeout.c.o)
                0x0000000008002cdc                sys_clock_tick_get_32
 .text.memcpy   0x0000000008002ce4       0x12 /home/will/.platformio/packages/toolchain-gccarmnoneeabi@1.80201.181220/arm-none-eabi/lib/thumb/v6-m/nofp/libc_nano.a(lib_a-memcpy-stub.o)
                0x0000000008002ce4                memcpy
 .text.memset   0x0000000008002cf6       0x10 /home/will/.platformio/packages/toolchain-gccarmnoneeabi@1.80201.181220/arm-none-eabi/lib/thumb/v6-m/nofp/libc_nano.a(lib_a-memset.o)
                0x0000000008002cf6                memset
 .text.strnlen  0x0000000008002d06       0x16 /home/will/.platformio/packages/toolchain-gccarmnoneeabi@1.80201.181220/arm-none-eabi/lib/thumb/v6-m/nofp/libc_nano.a(lib_a-strnlen.o)
                0x0000000008002d06                strnlen
 *(SORT_BY_ALIGNMENT(.TEXT.*))
 *(SORT_BY_ALIGNMENT(.gnu.linkonce.t.*))
 *(SORT_BY_ALIGNMENT(.glue_7t))
 .glue_7t       0x0000000008002d1c        0x0 linker stubs
 *(SORT_BY_ALIGNMENT(.glue_7))
 .glue_7        0x0000000008002d1c        0x0 linker stubs
 *(SORT_BY_ALIGNMENT(.vfp11_veneer))
 .vfp11_veneer  0x0000000008002d1c        0x0 linker stubs
 *(SORT_BY_ALIGNMENT(.v4_bx))
 .v4_bx         0x0000000008002d1c        0x0 linker stubs
                0x0000000008002d1c                __text_region_end = .

.ARM.exidx      0x0000000008002d1c        0x8
                0x0000000008002d1c                __exidx_start = .
 *(SORT_BY_ALIGNMENT(.ARM.exidx*) SORT_BY_ALIGNMENT(gnu.linkonce.armexidx.*))
 .ARM.exidx     0x0000000008002d1c        0x8 /home/will/.platformio/packages/toolchain-gccarmnoneeabi@1.80201.181220/lib/gcc/arm-none-eabi/8.2.1/thumb/v6-m/nofp/libgcc.a(_udivmoddi4.o)
                0x0000000008002d24                __exidx_end = .
                0x0000000008002d24                __rodata_region_start = .

initlevel       0x0000000008002d24       0x70
                0x0000000008002d24                __init_start = .
                0x0000000008002d24                __init_PRE_KERNEL_1_start = .
 *(SORT_BY_NAME(SORT_BY_ALIGNMENT(.z_init_PRE_KERNEL_1[0-9]_*)))
 .z_init_PRE_KERNEL_10_
                0x0000000008002d24        0x8 /home/will/Documents/Lab5_emmaw_willg/.pio/build/rtc/zephyr/libzephyr.a(soc.c.o)
 .z_init_PRE_KERNEL_11_
                0x0000000008002d2c        0x8 /home/will/Documents/Lab5_emmaw_willg/.pio/build/rtc/zephyr/libzephyr.a(soc_config.c.o)
 .z_init_PRE_KERNEL_11_
                0x0000000008002d34        0x8 /home/will/Documents/Lab5_emmaw_willg/.pio/build/rtc/zephyr/drivers/clock_control/libdrivers__clock_control.a(clock_stm32_ll_common.c.o)
 *(SORT_BY_NAME(SORT_BY_ALIGNMENT(.z_init_PRE_KERNEL_1[1-9][0-9]_*)))
 .z_init_PRE_KERNEL_140_
                0x0000000008002d3c       0x30 /home/will/Documents/Lab5_emmaw_willg/.pio/build/rtc/zephyr/drivers/gpio/libdrivers__gpio.a(gpio_stm32.c.o)
 .z_init_PRE_KERNEL_150_
                0x0000000008002d6c        0x8 /home/will/Documents/Lab5_emmaw_willg/.pio/build/rtc/zephyr/drivers/interrupt_controller/libdrivers__interrupt_controller.a(intc_exti_stm32.c.o)
 .z_init_PRE_KERNEL_155_
                0x0000000008002d74        0x8 /home/will/Documents/Lab5_emmaw_willg/.pio/build/rtc/zephyr/drivers/serial/libdrivers__serial.a(uart_stm32.c.o)
 .z_init_PRE_KERNEL_160_
                0x0000000008002d7c        0x8 /home/will/Documents/Lab5_emmaw_willg/.pio/build/rtc/zephyr/drivers/console/libdrivers__console.a(uart_console.c.o)
                0x0000000008002d84                __init_PRE_KERNEL_2_start = .
 *(SORT_BY_NAME(SORT_BY_ALIGNMENT(.z_init_PRE_KERNEL_2[0-9]_*)))
 .z_init_PRE_KERNEL_20_
                0x0000000008002d84        0x8 /home/will/Documents/Lab5_emmaw_willg/.pio/build/rtc/zephyr/drivers/timer/libdrivers__timer.a(sys_clock_init.c.o)
 *(SORT_BY_NAME(SORT_BY_ALIGNMENT(.z_init_PRE_KERNEL_2[1-9][0-9]_*)))
                0x0000000008002d8c                __init_POST_KERNEL_start = .
 *(SORT_BY_NAME(SORT_BY_ALIGNMENT(.z_init_POST_KERNEL[0-9]_*)))
 *(SORT_BY_NAME(SORT_BY_ALIGNMENT(.z_init_POST_KERNEL[1-9][0-9]_*)))
                0x0000000008002d8c                __init_APPLICATION_start = .
 *(SORT_BY_NAME(SORT_BY_ALIGNMENT(.z_init_APPLICATION[0-9]_*)))
 *(SORT_BY_NAME(SORT_BY_ALIGNMENT(.z_init_APPLICATION[1-9][0-9]_*)))
 .z_init_APPLICATION40_
                0x0000000008002d8c        0x8 /home/will/Documents/Lab5_emmaw_willg/.pio/build/rtc/zephyr/lib/libc/newlib/liblib__libc__newlib.a(libc-hooks.c.o)
                0x0000000008002d94                __init_SMP_start = .
 *(SORT_BY_NAME(SORT_BY_ALIGNMENT(.z_init_SMP[0-9]_*)))
 *(SORT_BY_NAME(SORT_BY_ALIGNMENT(.z_init_SMP[1-9][0-9]_*)))
                0x0000000008002d94                __init_end = .

devices         0x0000000008002d94       0xf0
                0x0000000008002d94                __device_start = .
                0x0000000008002d94                __device_PRE_KERNEL_1_start = .
 *(SORT_BY_NAME(SORT_BY_ALIGNMENT(.z_device_PRE_KERNEL_1[0-9]_*)))
 .z_device_PRE_KERNEL_11_
                0x0000000008002d94       0x18 /home/will/Documents/Lab5_emmaw_willg/.pio/build/rtc/zephyr/drivers/clock_control/libdrivers__clock_control.a(clock_stm32_ll_common.c.o)
                0x0000000008002d94                __device_dts_ord_15
 *(SORT_BY_NAME(SORT_BY_ALIGNMENT(.z_device_PRE_KERNEL_1[1-9][0-9]_*)))
 .z_device_PRE_KERNEL_140_
                0x0000000008002dac       0x90 /home/will/Documents/Lab5_emmaw_willg/.pio/build/rtc/zephyr/drivers/gpio/libdrivers__gpio.a(gpio_stm32.c.o)
                0x0000000008002dac                __device_dts_ord_78
                0x0000000008002dc4                __device_dts_ord_77
                0x0000000008002ddc                __device_dts_ord_76
                0x0000000008002df4                __device_dts_ord_19
                0x0000000008002e0c                __device_dts_ord_75
                0x0000000008002e24                __device_dts_ord_16
 .z_device_PRE_KERNEL_150_
                0x0000000008002e3c       0x18 /home/will/Documents/Lab5_emmaw_willg/.pio/build/rtc/zephyr/drivers/interrupt_controller/libdrivers__interrupt_controller.a(intc_exti_stm32.c.o)
                0x0000000008002e3c                __device_dts_ord_37
 .z_device_PRE_KERNEL_155_
                0x0000000008002e54       0x18 /home/will/Documents/Lab5_emmaw_willg/.pio/build/rtc/zephyr/drivers/serial/libdrivers__serial.a(uart_stm32.c.o)
                0x0000000008002e54                __device_dts_ord_42
                0x0000000008002e6c                __device_PRE_KERNEL_2_start = .
 *(SORT_BY_NAME(SORT_BY_ALIGNMENT(.z_device_PRE_KERNEL_2[0-9]_*)))
 .z_device_PRE_KERNEL_20_
                0x0000000008002e6c       0x18 /home/will/Documents/Lab5_emmaw_willg/.pio/build/rtc/zephyr/drivers/timer/libdrivers__timer.a(sys_clock_init.c.o)
 *(SORT_BY_NAME(SORT_BY_ALIGNMENT(.z_device_PRE_KERNEL_2[1-9][0-9]_*)))
                0x0000000008002e84                __device_POST_KERNEL_start = .
 *(SORT_BY_NAME(SORT_BY_ALIGNMENT(.z_device_POST_KERNEL[0-9]_*)))
 *(SORT_BY_NAME(SORT_BY_ALIGNMENT(.z_device_POST_KERNEL[1-9][0-9]_*)))
                0x0000000008002e84                __device_APPLICATION_start = .
 *(SORT_BY_NAME(SORT_BY_ALIGNMENT(.z_device_APPLICATION[0-9]_*)))
 *(SORT_BY_NAME(SORT_BY_ALIGNMENT(.z_device_APPLICATION[1-9][0-9]_*)))
                0x0000000008002e84                __device_SMP_start = .
 *(SORT_BY_NAME(SORT_BY_ALIGNMENT(.z_device_SMP[0-9]_*)))
 *(SORT_BY_NAME(SORT_BY_ALIGNMENT(.z_device_SMP[1-9][0-9]_*)))
                0x0000000008002e84                __device_end = .

sw_isr_table    0x0000000008002e84      0x100
                0x0000000008002e84                . = ALIGN (0x0)
 *(SORT_BY_ALIGNMENT(.gnu.linkonce.sw_isr_table*))
 .gnu.linkonce.sw_isr_table
                0x0000000008002e84      0x100 .pio/build/rtc/zephyr_final/zephyr/isr_tables.c.o
                0x0000000008002e84                _sw_isr_table

initlevel_error
                0x0000000008002d24        0x0
 *(SORT_BY_NAME(SORT_BY_ALIGNMENT(.z_init_[_A-Z0-9]*)))
                0x0000000000000001                ASSERT ((SIZEOF (initlevel_error) == 0x0), Undefined initialization levels used.)

app_shmem_regions
                0x0000000008002f84        0x0
                0x0000000008002f84                __app_shmem_regions_start = .
 *(SORT_BY_NAME(SORT_BY_ALIGNMENT(.app_regions.*)))
                0x0000000008002f84                __app_shmem_regions_end = .

bt_l2cap_fixed_chan_area
                0x0000000008002f84        0x0
                0x0000000008002f84                _bt_l2cap_fixed_chan_list_start = .
 *(SORT_BY_NAME(SORT_BY_ALIGNMENT(._bt_l2cap_fixed_chan.static.*)))
                0x0000000008002f84                _bt_l2cap_fixed_chan_list_end = .

bt_gatt_service_static_area
                0x0000000008002f84        0x0
                0x0000000008002f84                _bt_gatt_service_static_list_start = .
 *(SORT_BY_NAME(SORT_BY_ALIGNMENT(._bt_gatt_service_static.static.*)))
                0x0000000008002f84                _bt_gatt_service_static_list_end = .

k_p4wq_initparam_area
                0x0000000008002f84        0x0
                0x0000000008002f84                _k_p4wq_initparam_list_start = .
 *(SORT_BY_NAME(SORT_BY_ALIGNMENT(._k_p4wq_initparam.static.*)))
                0x0000000008002f84                _k_p4wq_initparam_list_end = .

log_strings_sections
                0x0000000008002f84        0x0
                0x0000000008002f84                __log_strings_start = .
 *(SORT_BY_NAME(SORT_BY_ALIGNMENT(.log_strings*)))
                0x0000000008002f84                __log_strings_end = .

log_const_sections
                0x0000000008002f84        0x0
                0x0000000008002f84                __log_const_start = .
 *(SORT_BY_NAME(SORT_BY_ALIGNMENT(.log_const_*)))
                0x0000000008002f84                __log_const_end = .

log_backends_sections
                0x0000000008002f84        0x0
                0x0000000008002f84                __log_backends_start = .
 *(SORT_BY_ALIGNMENT(._log_backend.*))
                0x0000000008002f84                __log_backends_end = .

shell_area      0x0000000008002f84        0x0
                0x0000000008002f84                _shell_list_start = .
 *(SORT_BY_NAME(SORT_BY_ALIGNMENT(._shell.static.*)))
                0x0000000008002f84                _shell_list_end = .

shell_root_cmds_sections
                0x0000000008002f84        0x0
                0x0000000008002f84                __shell_root_cmds_start = .
 *(SORT_BY_NAME(SORT_BY_ALIGNMENT(.shell_root_cmd_*)))
                0x0000000008002f84                __shell_root_cmds_end = .

font_entry_sections
                0x0000000008002f84        0x0
                0x0000000008002f84                __font_entry_start = .
 *(SORT_BY_NAME(SORT_BY_ALIGNMENT(._cfb_font.*)))
                0x0000000008002f84                __font_entry_end = .

tracing_backend_area
                0x0000000008002f84        0x0
                0x0000000008002f84                _tracing_backend_list_start = .
 *(SORT_BY_NAME(SORT_BY_ALIGNMENT(._tracing_backend.static.*)))
                0x0000000008002f84                _tracing_backend_list_end = .

zephyr_dbg_info
 *(SORT_BY_ALIGNMENT(.dbg_thread_info))

device_handles  0x0000000008002f84       0x50
                0x0000000008002f84                __device_handles_start = .
 *(SORT_BY_NAME(SORT_BY_ALIGNMENT(.__device_handles_pass2*)))
 .__device_handles_pass2
                0x0000000008002f84       0x50 .pio/build/rtc/zephyr_final/zephyr/dev_handles.c.o
                0x0000000008002f84                __devicehdl_sys_init_sys_clock_driver_init0
                0x0000000008002f88                __devicehdl_DT_N_S_soc_S_serial_40013800
                0x0000000008002f96                __devicehdl_DT_N_S_soc_S_interrupt_controller_40010400
                0x0000000008002f9c                __devicehdl_DT_N_S_soc_S_pin_controller_48000000_S_gpio_48000000
                0x0000000008002fa4                __devicehdl_DT_N_S_soc_S_pin_controller_48000000_S_gpio_48000400
                0x0000000008002fac                __devicehdl_DT_N_S_soc_S_pin_controller_48000000_S_gpio_48000800
                0x0000000008002fb4                __devicehdl_DT_N_S_soc_S_pin_controller_48000000_S_gpio_48000c00
                0x0000000008002fbc                __devicehdl_DT_N_S_soc_S_pin_controller_48000000_S_gpio_48001000
                0x0000000008002fc4                __devicehdl_DT_N_S_soc_S_pin_controller_48000000_S_gpio_48001400
                0x0000000008002fcc                __devicehdl_DT_N_S_soc_S_rcc_40021000
                0x0000000008002fd4                __device_handles_end = .

rodata          0x0000000008002fd4      0x330
 *(SORT_BY_ALIGNMENT(.rodata))
 *(SORT_BY_ALIGNMENT(.rodata.*))
 .rodata.gpio_ports
                0x0000000008002fd4       0x2c /home/will/Documents/Lab5_emmaw_willg/.pio/build/rtc/zephyr/libzephyr.a(pinmux_stm32.c.o)
                0x0000000008002fd4                gpio_ports
 .rodata.gpio_stm32_cfg_a
                0x0000000008003000       0x14 /home/will/Documents/Lab5_emmaw_willg/.pio/build/rtc/zephyr/drivers/gpio/libdrivers__gpio.a(gpio_stm32.c.o)
 .rodata.gpio_stm32_cfg_b
                0x0000000008003014       0x14 /home/will/Documents/Lab5_emmaw_willg/.pio/build/rtc/zephyr/drivers/gpio/libdrivers__gpio.a(gpio_stm32.c.o)
 .rodata.gpio_stm32_cfg_c
                0x0000000008003028       0x14 /home/will/Documents/Lab5_emmaw_willg/.pio/build/rtc/zephyr/drivers/gpio/libdrivers__gpio.a(gpio_stm32.c.o)
 .rodata.gpio_stm32_cfg_d
                0x000000000800303c       0x14 /home/will/Documents/Lab5_emmaw_willg/.pio/build/rtc/zephyr/drivers/gpio/libdrivers__gpio.a(gpio_stm32.c.o)
 .rodata.gpio_stm32_cfg_e
                0x0000000008003050       0x14 /home/will/Documents/Lab5_emmaw_willg/.pio/build/rtc/zephyr/drivers/gpio/libdrivers__gpio.a(gpio_stm32.c.o)
 .rodata.gpio_stm32_cfg_f
                0x0000000008003064       0x14 /home/will/Documents/Lab5_emmaw_willg/.pio/build/rtc/zephyr/drivers/gpio/libdrivers__gpio.a(gpio_stm32.c.o)
 .rodata.gpio_stm32_driver
                0x0000000008003078       0x24 /home/will/Documents/Lab5_emmaw_willg/.pio/build/rtc/zephyr/drivers/gpio/libdrivers__gpio.a(gpio_stm32.c.o)
 .rodata.uart_pins_0
                0x000000000800309c       0x10 /home/will/Documents/Lab5_emmaw_willg/.pio/build/rtc/zephyr/drivers/serial/libdrivers__serial.a(uart_stm32.c.o)
 .rodata.uart_stm32_cfg_0
                0x00000000080030ac       0x24 /home/will/Documents/Lab5_emmaw_willg/.pio/build/rtc/zephyr/drivers/serial/libdrivers__serial.a(uart_stm32.c.o)
 .rodata.uart_stm32_driver_api
                0x00000000080030d0       0x4c /home/will/Documents/Lab5_emmaw_willg/.pio/build/rtc/zephyr/drivers/serial/libdrivers__serial.a(uart_stm32.c.o)
 .rodata.levels.7564
                0x000000000800311c       0x14 /home/will/Documents/Lab5_emmaw_willg/.pio/build/rtc/zephyr/kernel/libkernel.a(device.c.o)
 .rodata._k_neg_eagain
                0x0000000008003130        0x4 /home/will/Documents/Lab5_emmaw_willg/.pio/build/rtc/zephyr/kernel/libkernel.a(errno.c.o)
                0x0000000008003130                _k_neg_eagain
 .rodata.CSWTCH.148
                0x0000000008003134        0x6 /home/will/Documents/Lab5_emmaw_willg/.pio/build/rtc/zephyr/drivers/serial/libdrivers__serial.a(uart_stm32.c.o)
 .rodata.rtc_main.str1.1
                0x000000000800313a        0xc .pio/build/rtc/src/rtc.o
 .rodata.cbvprintf.str1.1
                0x0000000008003146        0x6 /home/will/Documents/Lab5_emmaw_willg/.pio/build/rtc/zephyr/libzephyr.a(cbprintf_complete.c.o)
 .rodata.exti_irq_table
                0x000000000800314c       0x10 /home/will/Documents/Lab5_emmaw_willg/.pio/build/rtc/zephyr/drivers/interrupt_controller/libdrivers__interrupt_controller.a(intc_exti_stm32.c.o)
                0x000000000800314c                exti_irq_table
 .rodata.str1.1
                0x000000000800315c       0x1e /home/will/Documents/Lab5_emmaw_willg/.pio/build/rtc/zephyr/drivers/interrupt_controller/libdrivers__interrupt_controller.a(intc_exti_stm32.c.o)
 .rodata.str1.1
                0x000000000800317a        0xd /home/will/Documents/Lab5_emmaw_willg/.pio/build/rtc/zephyr/drivers/clock_control/libdrivers__clock_control.a(clock_stm32_ll_common.c.o)
 .rodata.str1.1
                0x0000000008003187       0x1e /home/will/Documents/Lab5_emmaw_willg/.pio/build/rtc/zephyr/drivers/gpio/libdrivers__gpio.a(gpio_stm32.c.o)
                                         0x24 (size before relaxing)
 .rodata.str1.1
                0x00000000080031a5        0x7 /home/will/Documents/Lab5_emmaw_willg/.pio/build/rtc/zephyr/drivers/serial/libdrivers__serial.a(uart_stm32.c.o)
 .rodata.str1.1
                0x00000000080031ac        0xa /home/will/Documents/Lab5_emmaw_willg/.pio/build/rtc/zephyr/drivers/timer/libdrivers__timer.a(sys_clock_init.c.o)
 .rodata.AHBPrescTable
                0x00000000080031b6       0x10 /home/will/Documents/Lab5_emmaw_willg/.pio/build/rtc/modules/stm32/stm32cube/lib_pio__modules__hal__stm32__stm32cube.a(system_stm32f0xx.c.o)
                0x00000000080031b6                AHBPrescTable
 .rodata.z_cstart.str1.1
                0x00000000080031c6        0x5 /home/will/Documents/Lab5_emmaw_willg/.pio/build/rtc/zephyr/kernel/libkernel.a(init.c.o)
 .rodata.boot_banner.str1.1
                0x00000000080031cb       0x35 /home/will/Documents/Lab5_emmaw_willg/.pio/build/rtc/zephyr/kernel/libkernel.a(banner.c.o)
                                         0x36 (size before relaxing)
 .rodata._ctype_
                0x0000000008003200      0x101 /home/will/.platformio/packages/toolchain-gccarmnoneeabi@1.80201.181220/arm-none-eabi/lib/thumb/v6-m/nofp/libc_nano.a(lib_a-ctype_.o)
                0x0000000008003200                _ctype_
 *(SORT_BY_ALIGNMENT(.gnu.linkonce.r.*))
                0x0000000008003304                . = ALIGN (0x4)
 *fill*         0x0000000008003301        0x3 
                0x0000000008003304                __rodata_region_end = .
                0x0000000008003304                . = ALIGN (_region_min_align)
                0x0000000008003304                __rom_region_end = .
                0x0000000020000000                . = 0x20000000
                0x0000000020000000                . = ALIGN (_region_min_align)
                0x0000000020000000                _image_ram_start = .

.st_stm32f0x_vt
                0x0000000020000000       0xc0
                0x0000000020000000                _ram_vector_start = .
                0x00000000200000c0                . = (. + (_vector_end - _vector_start))
 *fill*         0x0000000020000000       0xc0 
                0x00000000200000c0                _ram_vector_end = .

.ramfunc        0x00000000200000c0        0x0 load address 0x0000000008003304
                0x00000000200000c0                . = ALIGN (_region_min_align)
                0x00000000200000c0                __ramfunc_start = .
 *(SORT_BY_ALIGNMENT(.ramfunc))
 *(SORT_BY_ALIGNMENT(.ramfunc.*))
                0x00000000200000c0                . = ALIGN (_region_min_align)
                0x00000000200000c0                __ramfunc_end = .
                0x0000000000000000                __ramfunc_size = (__ramfunc_end - __ramfunc_start)
                0x0000000008003304                __ramfunc_load_start = LOADADDR (.ramfunc)

datas           0x00000000200000c0       0x38 load address 0x0000000008003304
                0x00000000200000c0                __data_region_start = .
                0x00000000200000c0                __data_start = .
 *(SORT_BY_ALIGNMENT(.data))
 *(SORT_BY_ALIGNMENT(.data.*))
 .data._char_out
                0x00000000200000c0        0x4 /home/will/Documents/Lab5_emmaw_willg/.pio/build/rtc/zephyr/libzephyr.a(printk.c.o)
                0x00000000200000c0                _char_out
 .data._stdout_hook
                0x00000000200000c4        0x4 /home/will/Documents/Lab5_emmaw_willg/.pio/build/rtc/zephyr/lib/libc/newlib/liblib__libc__newlib.a(libc-hooks.c.o)
 .data.stm32_clock_control_api
                0x00000000200000c8       0x14 /home/will/Documents/Lab5_emmaw_willg/.pio/build/rtc/zephyr/drivers/clock_control/libdrivers__clock_control.a(clock_stm32_ll_common.c.o)
 .data.uart_stm32_data_0
                0x00000000200000dc       0x10 /home/will/Documents/Lab5_emmaw_willg/.pio/build/rtc/zephyr/drivers/serial/libdrivers__serial.a(uart_stm32.c.o)
 .data.SystemCoreClock
                0x00000000200000ec        0x4 /home/will/Documents/Lab5_emmaw_willg/.pio/build/rtc/modules/stm32/stm32cube/lib_pio__modules__hal__stm32__stm32cube.a(system_stm32f0xx.c.o)
                0x00000000200000ec                SystemCoreClock
 .data.timeout_list
                0x00000000200000f0        0x8 /home/will/Documents/Lab5_emmaw_willg/.pio/build/rtc/zephyr/kernel/libkernel.a(timeout.c.o)
 *(SORT_BY_ALIGNMENT(.kernel.*))
                0x00000000200000f8                __data_end = .
                0x0000000000000038                __data_size = (__data_end - __data_start)
                0x0000000008003304                __data_load_start = LOADADDR (datas)
                0x0000000008003304                __data_region_load_start = LOADADDR (datas)

device_states   0x00000000200000f8       0x28 load address 0x000000000800333c
                0x00000000200000f8                __device_states_start = .
 *(SORT_BY_ALIGNMENT(.z_devstate))
 .z_devstate    0x00000000200000f8        0x4 /home/will/Documents/Lab5_emmaw_willg/.pio/build/rtc/zephyr/drivers/interrupt_controller/libdrivers__interrupt_controller.a(intc_exti_stm32.c.o)
 .z_devstate    0x00000000200000fc        0x4 /home/will/Documents/Lab5_emmaw_willg/.pio/build/rtc/zephyr/drivers/clock_control/libdrivers__clock_control.a(clock_stm32_ll_common.c.o)
 .z_devstate    0x0000000020000100       0x18 /home/will/Documents/Lab5_emmaw_willg/.pio/build/rtc/zephyr/drivers/gpio/libdrivers__gpio.a(gpio_stm32.c.o)
 .z_devstate    0x0000000020000118        0x4 /home/will/Documents/Lab5_emmaw_willg/.pio/build/rtc/zephyr/drivers/serial/libdrivers__serial.a(uart_stm32.c.o)
 .z_devstate    0x000000002000011c        0x4 /home/will/Documents/Lab5_emmaw_willg/.pio/build/rtc/zephyr/drivers/timer/libdrivers__timer.a(sys_clock_init.c.o)
 *(SORT_BY_ALIGNMENT(.z_devstate.*))
                0x0000000020000120                __device_states_end = .

initshell       0x0000000020000120        0x0 load address 0x0000000008003364
                0x0000000020000120                __shell_module_start = .
 *(SORT_BY_ALIGNMENT(.shell_module_*))
                0x0000000020000120                __shell_module_end = .
                0x0000000020000120                __shell_cmd_start = .
 *(SORT_BY_ALIGNMENT(.shell_cmd_*))
                0x0000000020000120                __shell_cmd_end = .

log_dynamic_sections
                0x0000000020000120        0x0 load address 0x0000000008003364
                0x0000000020000120                __log_dynamic_start = .
 *(SORT_BY_NAME(SORT_BY_ALIGNMENT(.log_dynamic_*)))
                0x0000000020000120                __log_dynamic_end = .

_static_thread_data_area
                0x0000000020000120        0x0 load address 0x0000000008003364
                0x0000000020000120                __static_thread_data_list_start = .
 *(SORT_BY_NAME(SORT_BY_ALIGNMENT(.__static_thread_data.static.*)))
                0x0000000020000120                __static_thread_data_list_end = .

k_timer_area    0x0000000020000120        0x0 load address 0x0000000008003364
                0x0000000020000120                _k_timer_list_start = .
 *(SORT_BY_NAME(SORT_BY_ALIGNMENT(._k_timer.static.*)))
                0x0000000020000120                _k_timer_list_end = .

k_mem_slab_area
                0x0000000020000120        0x0 load address 0x0000000008003364
                0x0000000020000120                _k_mem_slab_list_start = .
 *(SORT_BY_NAME(SORT_BY_ALIGNMENT(._k_mem_slab.static.*)))
                0x0000000020000120                _k_mem_slab_list_end = .

k_mem_pool_area
                0x0000000020000120        0x0 load address 0x0000000008003364
                0x0000000020000120                _k_mem_pool_list_start = .
 *(SORT_BY_NAME(SORT_BY_ALIGNMENT(._k_mem_pool.static.*)))
                0x0000000020000120                _k_mem_pool_list_end = .

k_heap_area     0x0000000020000120        0x0 load address 0x0000000008003364
                0x0000000020000120                _k_heap_list_start = .
 *(SORT_BY_NAME(SORT_BY_ALIGNMENT(._k_heap.static.*)))
                0x0000000020000120                _k_heap_list_end = .

k_mutex_area    0x0000000020000120        0x0 load address 0x0000000008003364
                0x0000000020000120                _k_mutex_list_start = .
 *(SORT_BY_NAME(SORT_BY_ALIGNMENT(._k_mutex.static.*)))
                0x0000000020000120                _k_mutex_list_end = .

k_stack_area    0x0000000020000120        0x0 load address 0x0000000008003364
                0x0000000020000120                _k_stack_list_start = .
 *(SORT_BY_NAME(SORT_BY_ALIGNMENT(._k_stack.static.*)))
                0x0000000020000120                _k_stack_list_end = .

k_msgq_area     0x0000000020000120        0x0 load address 0x0000000008003364
                0x0000000020000120                _k_msgq_list_start = .
 *(SORT_BY_NAME(SORT_BY_ALIGNMENT(._k_msgq.static.*)))
                0x0000000020000120                _k_msgq_list_end = .

k_mbox_area     0x0000000020000120        0x0 load address 0x0000000008003364
                0x0000000020000120                _k_mbox_list_start = .
 *(SORT_BY_NAME(SORT_BY_ALIGNMENT(._k_mbox.static.*)))
                0x0000000020000120                _k_mbox_list_end = .

k_pipe_area     0x0000000020000120        0x0 load address 0x0000000008003364
                0x0000000020000120                _k_pipe_list_start = .
 *(SORT_BY_NAME(SORT_BY_ALIGNMENT(._k_pipe.static.*)))
                0x0000000020000120                _k_pipe_list_end = .

k_sem_area      0x0000000020000120        0x0 load address 0x0000000008003364
                0x0000000020000120                _k_sem_list_start = .
 *(SORT_BY_NAME(SORT_BY_ALIGNMENT(._k_sem.static.*)))
                0x0000000020000120                _k_sem_list_end = .

k_queue_area    0x0000000020000120        0x0 load address 0x0000000008003364
                0x0000000020000120                _k_queue_list_start = .
 *(SORT_BY_NAME(SORT_BY_ALIGNMENT(._k_queue.static.*)))
                0x0000000020000120                _k_queue_list_end = .

k_condvar_area  0x0000000020000120        0x0 load address 0x0000000008003364
                0x0000000020000120                _k_condvar_list_start = .
 *(SORT_BY_NAME(SORT_BY_ALIGNMENT(._k_condvar.static.*)))
                0x0000000020000120                _k_condvar_list_end = .

_net_buf_pool_area
                0x0000000020000120        0x0 load address 0x0000000008003364
                0x0000000020000120                _net_buf_pool_list = .
 *(SORT_BY_NAME(SORT_BY_ALIGNMENT(._net_buf_pool.static.*)))
                0x0000000020000120                __data_region_end = .

bss             0x0000000020000120      0x229
                0x0000000020000120                . = ALIGN (0x4)
                0x0000000020000120                __bss_start = .
                0x0000000020000120                __kernel_ram_start = .
 *(SORT_BY_ALIGNMENT(.bss))
 *(SORT_BY_ALIGNMENT(.bss.*))
 .bss.z_idle_threads
                0x0000000020000120       0x70 /home/will/Documents/Lab5_emmaw_willg/.pio/build/rtc/zephyr/kernel/libkernel.a(init.c.o)
                0x0000000020000120                z_idle_threads
 .bss.z_main_thread
                0x0000000020000190       0x70 /home/will/Documents/Lab5_emmaw_willg/.pio/build/rtc/zephyr/kernel/libkernel.a(init.c.o)
                0x0000000020000190                z_main_thread
 .bss.curr_tick
                0x0000000020000200        0x8 /home/will/Documents/Lab5_emmaw_willg/.pio/build/rtc/zephyr/kernel/libkernel.a(timeout.c.o)
 .bss.alarm     0x0000000020000208       0x10 .pio/build/rtc/src/rtc.o
                0x0000000020000208                alarm
 .bss.dev_count
                0x0000000020000218        0x4 .pio/build/rtc/src/rtc.o
                0x0000000020000218                dev_count
 .bss.dev_out   0x000000002000021c        0x4 .pio/build/rtc/src/rtc.o
                0x000000002000021c                dev_out
 .bss.exti_data
                0x0000000020000220       0x80 /home/will/Documents/Lab5_emmaw_willg/.pio/build/rtc/zephyr/drivers/interrupt_controller/libdrivers__interrupt_controller.a(intc_exti_stm32.c.o)
 .bss.uart_console_dev
                0x00000000200002a0        0x4 /home/will/Documents/Lab5_emmaw_willg/.pio/build/rtc/zephyr/drivers/console/libdrivers__console.a(uart_console.c.o)
 .bss.gpio_stm32_data_a
                0x00000000200002a4       0x10 /home/will/Documents/Lab5_emmaw_willg/.pio/build/rtc/zephyr/drivers/gpio/libdrivers__gpio.a(gpio_stm32.c.o)
 .bss.gpio_stm32_data_b
                0x00000000200002b4       0x10 /home/will/Documents/Lab5_emmaw_willg/.pio/build/rtc/zephyr/drivers/gpio/libdrivers__gpio.a(gpio_stm32.c.o)
 .bss.gpio_stm32_data_c
                0x00000000200002c4       0x10 /home/will/Documents/Lab5_emmaw_willg/.pio/build/rtc/zephyr/drivers/gpio/libdrivers__gpio.a(gpio_stm32.c.o)
 .bss.gpio_stm32_data_d
                0x00000000200002d4       0x10 /home/will/Documents/Lab5_emmaw_willg/.pio/build/rtc/zephyr/drivers/gpio/libdrivers__gpio.a(gpio_stm32.c.o)
 .bss.gpio_stm32_data_e
                0x00000000200002e4       0x10 /home/will/Documents/Lab5_emmaw_willg/.pio/build/rtc/zephyr/drivers/gpio/libdrivers__gpio.a(gpio_stm32.c.o)
 .bss.gpio_stm32_data_f
                0x00000000200002f4       0x10 /home/will/Documents/Lab5_emmaw_willg/.pio/build/rtc/zephyr/drivers/gpio/libdrivers__gpio.a(gpio_stm32.c.o)
 .bss.announced_cycles
                0x0000000020000304        0x4 /home/will/Documents/Lab5_emmaw_willg/.pio/build/rtc/zephyr/drivers/timer/libdrivers__timer.a(cortex_m_systick.c.o)
 .bss.cycle_count
                0x0000000020000308        0x4 /home/will/Documents/Lab5_emmaw_willg/.pio/build/rtc/zephyr/drivers/timer/libdrivers__timer.a(cortex_m_systick.c.o)
 .bss.last_load
                0x000000002000030c        0x4 /home/will/Documents/Lab5_emmaw_willg/.pio/build/rtc/zephyr/drivers/timer/libdrivers__timer.a(cortex_m_systick.c.o)
 .bss.overflow_cyc
                0x0000000020000310        0x4 /home/will/Documents/Lab5_emmaw_willg/.pio/build/rtc/zephyr/drivers/timer/libdrivers__timer.a(cortex_m_systick.c.o)
 .bss._kernel   0x0000000020000314       0x24 /home/will/Documents/Lab5_emmaw_willg/.pio/build/rtc/zephyr/kernel/libkernel.a(init.c.o)
                0x0000000020000314                _kernel
 .bss.pending_current
                0x0000000020000338        0x4 /home/will/Documents/Lab5_emmaw_willg/.pio/build/rtc/zephyr/kernel/libkernel.a(sched.c.o)
 .bss.slice_max_prio
                0x000000002000033c        0x4 /home/will/Documents/Lab5_emmaw_willg/.pio/build/rtc/zephyr/kernel/libkernel.a(sched.c.o)
 .bss.slice_time
                0x0000000020000340        0x4 /home/will/Documents/Lab5_emmaw_willg/.pio/build/rtc/zephyr/kernel/libkernel.a(sched.c.o)
 .bss.announce_remaining
                0x0000000020000344        0x4 /home/will/Documents/Lab5_emmaw_willg/.pio/build/rtc/zephyr/kernel/libkernel.a(timeout.c.o)
 .bss.z_sys_post_kernel
                0x0000000020000348        0x1 /home/will/Documents/Lab5_emmaw_willg/.pio/build/rtc/zephyr/kernel/libkernel.a(init.c.o)
                0x0000000020000348                z_sys_post_kernel
 .bss.sched_spinlock
                0x0000000020000349        0x0 /home/will/Documents/Lab5_emmaw_willg/.pio/build/rtc/zephyr/kernel/libkernel.a(sched.c.o)
                0x0000000020000349                sched_spinlock
 *(SORT_BY_ALIGNMENT(COMMON))
 *(SORT_BY_ALIGNMENT(.kernel_bss.*))
                0x000000002000034c                __bss_end = ALIGN (0x4)

noinit          0x0000000020000350      0xd00
 *(SORT_BY_ALIGNMENT(.noinit))
 *(SORT_BY_ALIGNMENT(.noinit.*))
 .noinit."ZEPHYR_BASE/kernel/init.c".1
                0x0000000020000350      0x400 /home/will/Documents/Lab5_emmaw_willg/.pio/build/rtc/zephyr/kernel/libkernel.a(init.c.o)
                0x0000000020000350                z_main_stack
 .noinit."ZEPHYR_BASE/kernel/init.c".2
                0x0000000020000750      0x100 /home/will/Documents/Lab5_emmaw_willg/.pio/build/rtc/zephyr/kernel/libkernel.a(init.c.o)
 .noinit."ZEPHYR_BASE/kernel/init.c".3
                0x0000000020000850      0x800 /home/will/Documents/Lab5_emmaw_willg/.pio/build/rtc/zephyr/kernel/libkernel.a(init.c.o)
                0x0000000020000850                z_interrupt_stacks
 *(SORT_BY_ALIGNMENT(.kernel_noinit.*))
                0x0000000020001050                _image_ram_end = .
                0x0000000020001050                _end = .
                0x0000000020004000                __kernel_ram_end = 0x20004000
                0x0000000000003ee0                __kernel_ram_size = (__kernel_ram_end - __kernel_ram_start)

.stab
 *(SORT_BY_ALIGNMENT(.stab))

.stabstr
 *(SORT_BY_ALIGNMENT(.stabstr))

.stab.excl
 *(SORT_BY_ALIGNMENT(.stab.excl))

.stab.exclstr
 *(SORT_BY_ALIGNMENT(.stab.exclstr))

.stab.index
 *(SORT_BY_ALIGNMENT(.stab.index))

.stab.indexstr
 *(SORT_BY_ALIGNMENT(.stab.indexstr))

.gnu.build.attributes
 *(SORT_BY_ALIGNMENT(.gnu.build.attributes) SORT_BY_ALIGNMENT(.gnu.build.attributes.*))

.comment        0x0000000000000000       0x75
 *(SORT_BY_ALIGNMENT(.comment))
 .comment       0x0000000000000000       0x75 .pio/build/rtc/src/main.o
                                         0x76 (size before relaxing)
 .comment       0x0000000000000075       0x76 .pio/build/rtc/src/rtc.o
 .comment       0x0000000000000075       0x76 .pio/build/rtc/zephyr_final/zephyr/isr_tables.c.o
 .comment       0x0000000000000075       0x76 .pio/build/rtc/zephyr_final/zephyr/dev_handles.c.o
 .comment       0x0000000000000075       0x76 /home/will/Documents/Lab5_emmaw_willg/.pio/build/rtc/zephyr/libzephyr.a(printk.c.o)
 .comment       0x0000000000000075       0x76 /home/will/Documents/Lab5_emmaw_willg/.pio/build/rtc/zephyr/libzephyr.a(thread_entry.c.o)
 .comment       0x0000000000000075       0x76 /home/will/Documents/Lab5_emmaw_willg/.pio/build/rtc/zephyr/libzephyr.a(cbprintf_complete.c.o)
 .comment       0x0000000000000075       0x76 /home/will/Documents/Lab5_emmaw_willg/.pio/build/rtc/zephyr/libzephyr.a(configs.c.o)
 .comment       0x0000000000000075       0x76 /home/will/Documents/Lab5_emmaw_willg/.pio/build/rtc/zephyr/libzephyr.a(soc.c.o)
 .comment       0x0000000000000075       0x76 /home/will/Documents/Lab5_emmaw_willg/.pio/build/rtc/zephyr/libzephyr.a(soc_config.c.o)
 .comment       0x0000000000000075       0x76 /home/will/Documents/Lab5_emmaw_willg/.pio/build/rtc/zephyr/libzephyr.a(pinmux_stm32.c.o)
 .comment       0x0000000000000075       0x76 /home/will/Documents/Lab5_emmaw_willg/.pio/build/rtc/zephyr/arch/arch/arm/core/aarch32/libarch__arm__core__aarch32.a(fatal.c.o)
 .comment       0x0000000000000075       0x76 /home/will/Documents/Lab5_emmaw_willg/.pio/build/rtc/zephyr/arch/arch/arm/core/aarch32/libarch__arm__core__aarch32.a(irq_manage.c.o)
 .comment       0x0000000000000075       0x76 /home/will/Documents/Lab5_emmaw_willg/.pio/build/rtc/zephyr/arch/arch/arm/core/aarch32/libarch__arm__core__aarch32.a(nmi.c.o)
 .comment       0x0000000000000075       0x76 /home/will/Documents/Lab5_emmaw_willg/.pio/build/rtc/zephyr/arch/arch/arm/core/aarch32/libarch__arm__core__aarch32.a(prep_c.c.o)
 .comment       0x0000000000000075       0x76 /home/will/Documents/Lab5_emmaw_willg/.pio/build/rtc/zephyr/arch/arch/arm/core/aarch32/libarch__arm__core__aarch32.a(swap.c.o)
 .comment       0x0000000000000075       0x76 /home/will/Documents/Lab5_emmaw_willg/.pio/build/rtc/zephyr/arch/arch/arm/core/aarch32/libarch__arm__core__aarch32.a(thread.c.o)
 .comment       0x0000000000000075       0x76 /home/will/Documents/Lab5_emmaw_willg/.pio/build/rtc/zephyr/arch/arch/arm/core/aarch32/cortex_m/libarch__arm__core__aarch32__cortex_m.a(fault.c.o)
 .comment       0x0000000000000075       0x76 /home/will/Documents/Lab5_emmaw_willg/.pio/build/rtc/zephyr/arch/arch/arm/core/aarch32/cortex_m/libarch__arm__core__aarch32__cortex_m.a(irq_init.c.o)
 .comment       0x0000000000000075       0x76 /home/will/Documents/Lab5_emmaw_willg/.pio/build/rtc/zephyr/arch/arch/arm/core/aarch32/cortex_m/libarch__arm__core__aarch32__cortex_m.a(thread_abort.c.o)
 .comment       0x0000000000000075       0x76 /home/will/Documents/Lab5_emmaw_willg/.pio/build/rtc/zephyr/lib/libc/newlib/liblib__libc__newlib.a(libc-hooks.c.o)
 .comment       0x0000000000000075       0x76 /home/will/Documents/Lab5_emmaw_willg/.pio/build/rtc/zephyr/drivers/interrupt_controller/libdrivers__interrupt_controller.a(intc_exti_stm32.c.o)
 .comment       0x0000000000000075       0x76 /home/will/Documents/Lab5_emmaw_willg/.pio/build/rtc/zephyr/drivers/clock_control/libdrivers__clock_control.a(clock_stm32_ll_common.c.o)
 .comment       0x0000000000000075       0x76 /home/will/Documents/Lab5_emmaw_willg/.pio/build/rtc/zephyr/drivers/clock_control/libdrivers__clock_control.a(clock_stm32f0_f3.c.o)
 .comment       0x0000000000000075       0x76 /home/will/Documents/Lab5_emmaw_willg/.pio/build/rtc/zephyr/drivers/console/libdrivers__console.a(uart_console.c.o)
 .comment       0x0000000000000075       0x76 /home/will/Documents/Lab5_emmaw_willg/.pio/build/rtc/zephyr/drivers/gpio/libdrivers__gpio.a(gpio_stm32.c.o)
 .comment       0x0000000000000075       0x76 /home/will/Documents/Lab5_emmaw_willg/.pio/build/rtc/zephyr/drivers/serial/libdrivers__serial.a(uart_stm32.c.o)
 .comment       0x0000000000000075       0x76 /home/will/Documents/Lab5_emmaw_willg/.pio/build/rtc/zephyr/drivers/timer/libdrivers__timer.a(sys_clock_init.c.o)
 .comment       0x0000000000000075       0x76 /home/will/Documents/Lab5_emmaw_willg/.pio/build/rtc/zephyr/drivers/timer/libdrivers__timer.a(cortex_m_systick.c.o)
 .comment       0x0000000000000075       0x76 /home/will/Documents/Lab5_emmaw_willg/.pio/build/rtc/modules/stm32/stm32cube/lib_pio__modules__hal__stm32__stm32cube.a(system_stm32f0xx.c.o)
 .comment       0x0000000000000075       0x76 /home/will/Documents/Lab5_emmaw_willg/.pio/build/rtc/modules/stm32/stm32cube/lib_pio__modules__hal__stm32__stm32cube.a(stm32f0xx_ll_utils.c.o)
 .comment       0x0000000000000075       0x76 /home/will/Documents/Lab5_emmaw_willg/.pio/build/rtc/zephyr/liboffsets.a(offsets.c.o)
 .comment       0x0000000000000075       0x76 /home/will/Documents/Lab5_emmaw_willg/.pio/build/rtc/zephyr/kernel/libkernel.a(device.c.o)
 .comment       0x0000000000000075       0x76 /home/will/Documents/Lab5_emmaw_willg/.pio/build/rtc/zephyr/kernel/libkernel.a(errno.c.o)
 .comment       0x0000000000000075       0x76 /home/will/Documents/Lab5_emmaw_willg/.pio/build/rtc/zephyr/kernel/libkernel.a(fatal.c.o)
 .comment       0x0000000000000075       0x76 /home/will/Documents/Lab5_emmaw_willg/.pio/build/rtc/zephyr/kernel/libkernel.a(init.c.o)
 .comment       0x0000000000000075       0x76 /home/will/Documents/Lab5_emmaw_willg/.pio/build/rtc/zephyr/kernel/libkernel.a(thread.c.o)
 .comment       0x0000000000000075       0x76 /home/will/Documents/Lab5_emmaw_willg/.pio/build/rtc/zephyr/kernel/libkernel.a(idle.c.o)
 .comment       0x0000000000000075       0x76 /home/will/Documents/Lab5_emmaw_willg/.pio/build/rtc/zephyr/kernel/libkernel.a(sched.c.o)
 .comment       0x0000000000000075       0x76 /home/will/Documents/Lab5_emmaw_willg/.pio/build/rtc/zephyr/kernel/libkernel.a(xip.c.o)
 .comment       0x0000000000000075       0x76 /home/will/Documents/Lab5_emmaw_willg/.pio/build/rtc/zephyr/kernel/libkernel.a(timeout.c.o)
 .comment       0x0000000000000075       0x76 /home/will/Documents/Lab5_emmaw_willg/.pio/build/rtc/zephyr/kernel/libkernel.a(banner.c.o)

.debug
 *(SORT_BY_ALIGNMENT(.debug))

.line
 *(SORT_BY_ALIGNMENT(.line))

.debug_srcinfo
 *(SORT_BY_ALIGNMENT(.debug_srcinfo))

.debug_sfnames
 *(SORT_BY_ALIGNMENT(.debug_sfnames))

.debug_aranges  0x0000000000000000      0xd48
 *(SORT_BY_ALIGNMENT(.debug_aranges))
 .debug_aranges
                0x0000000000000000       0x30 /home/will/Documents/Lab5_emmaw_willg/.pio/build/rtc/zephyr/arch/arch/arm/core/aarch32/libarch__arm__core__aarch32.a(cpu_idle.S.o)
 .debug_aranges
                0x0000000000000030       0x20 /home/will/Documents/Lab5_emmaw_willg/.pio/build/rtc/zephyr/arch/arch/arm/core/aarch32/libarch__arm__core__aarch32.a(nmi_on_reset.S.o)
 .debug_aranges
                0x0000000000000050       0x28 /home/will/Documents/Lab5_emmaw_willg/.pio/build/rtc/zephyr/arch/arch/arm/core/aarch32/libarch__arm__core__aarch32.a(swap_helper.S.o)
 .debug_aranges
                0x0000000000000078       0x20 /home/will/Documents/Lab5_emmaw_willg/.pio/build/rtc/zephyr/arch/arch/arm/core/aarch32/libarch__arm__core__aarch32.a(isr_wrapper.S.o)
 .debug_aranges
                0x0000000000000098       0x20 /home/will/Documents/Lab5_emmaw_willg/.pio/build/rtc/zephyr/arch/arch/arm/core/aarch32/cortex_m/libarch__arm__core__aarch32__cortex_m.a(exc_exit.S.o)
 .debug_aranges
                0x00000000000000b8       0x20 /home/will/Documents/Lab5_emmaw_willg/.pio/build/rtc/zephyr/arch/arch/arm/core/aarch32/cortex_m/libarch__arm__core__aarch32__cortex_m.a(fault_s.S.o)
 .debug_aranges
                0x00000000000000d8       0x20 /home/will/Documents/Lab5_emmaw_willg/.pio/build/rtc/zephyr/arch/arch/arm/core/aarch32/cortex_m/libarch__arm__core__aarch32__cortex_m.a(reset.S.o)
 .debug_aranges
                0x00000000000000f8       0x20 .pio/build/rtc/src/main.o
 .debug_aranges
                0x0000000000000118       0x28 .pio/build/rtc/src/rtc.o
 .debug_aranges
                0x0000000000000140       0x18 .pio/build/rtc/zephyr_final/zephyr/isr_tables.c.o
 .debug_aranges
                0x0000000000000158       0x18 .pio/build/rtc/zephyr_final/zephyr/dev_handles.c.o
 .debug_aranges
                0x0000000000000170       0x68 /home/will/Documents/Lab5_emmaw_willg/.pio/build/rtc/zephyr/libzephyr.a(printk.c.o)
 .debug_aranges
                0x00000000000001d8       0x20 /home/will/Documents/Lab5_emmaw_willg/.pio/build/rtc/zephyr/libzephyr.a(thread_entry.c.o)
 .debug_aranges
                0x00000000000001f8       0x38 /home/will/Documents/Lab5_emmaw_willg/.pio/build/rtc/zephyr/libzephyr.a(cbprintf_complete.c.o)
 .debug_aranges
                0x0000000000000230       0x20 /home/will/Documents/Lab5_emmaw_willg/.pio/build/rtc/zephyr/libzephyr.a(configs.c.o)
 .debug_aranges
                0x0000000000000250       0x28 /home/will/Documents/Lab5_emmaw_willg/.pio/build/rtc/zephyr/libzephyr.a(soc.c.o)
 .debug_aranges
                0x0000000000000278       0x20 /home/will/Documents/Lab5_emmaw_willg/.pio/build/rtc/zephyr/libzephyr.a(soc_config.c.o)
 .debug_aranges
                0x0000000000000298       0x38 /home/will/Documents/Lab5_emmaw_willg/.pio/build/rtc/zephyr/libzephyr.a(pinmux_stm32.c.o)
 .debug_aranges
                0x00000000000002d0       0x30 /home/will/Documents/Lab5_emmaw_willg/.pio/build/rtc/zephyr/arch/arch/arm/core/aarch32/libarch__arm__core__aarch32.a(fatal.c.o)
 .debug_aranges
                0x0000000000000300       0x40 /home/will/Documents/Lab5_emmaw_willg/.pio/build/rtc/zephyr/arch/arch/arm/core/aarch32/libarch__arm__core__aarch32.a(irq_manage.c.o)
 .debug_aranges
                0x0000000000000340       0x20 /home/will/Documents/Lab5_emmaw_willg/.pio/build/rtc/zephyr/arch/arch/arm/core/aarch32/libarch__arm__core__aarch32.a(nmi.c.o)
 .debug_aranges
                0x0000000000000360       0x28 /home/will/Documents/Lab5_emmaw_willg/.pio/build/rtc/zephyr/arch/arch/arm/core/aarch32/libarch__arm__core__aarch32.a(prep_c.c.o)
 .debug_aranges
                0x0000000000000388       0x20 /home/will/Documents/Lab5_emmaw_willg/.pio/build/rtc/zephyr/arch/arch/arm/core/aarch32/libarch__arm__core__aarch32.a(swap.c.o)
 .debug_aranges
                0x00000000000003a8       0x28 /home/will/Documents/Lab5_emmaw_willg/.pio/build/rtc/zephyr/arch/arch/arm/core/aarch32/libarch__arm__core__aarch32.a(thread.c.o)
 .debug_aranges
                0x00000000000003d0       0x28 /home/will/Documents/Lab5_emmaw_willg/.pio/build/rtc/zephyr/arch/arch/arm/core/aarch32/cortex_m/libarch__arm__core__aarch32__cortex_m.a(fault.c.o)
 .debug_aranges
                0x00000000000003f8       0x20 /home/will/Documents/Lab5_emmaw_willg/.pio/build/rtc/zephyr/arch/arch/arm/core/aarch32/cortex_m/libarch__arm__core__aarch32__cortex_m.a(irq_init.c.o)
 .debug_aranges
                0x0000000000000418       0x20 /home/will/Documents/Lab5_emmaw_willg/.pio/build/rtc/zephyr/arch/arch/arm/core/aarch32/cortex_m/libarch__arm__core__aarch32__cortex_m.a(thread_abort.c.o)
 .debug_aranges
                0x0000000000000438      0x100 /home/will/Documents/Lab5_emmaw_willg/.pio/build/rtc/zephyr/lib/libc/newlib/liblib__libc__newlib.a(libc-hooks.c.o)
 .debug_aranges
                0x0000000000000538       0x68 /home/will/Documents/Lab5_emmaw_willg/.pio/build/rtc/zephyr/drivers/interrupt_controller/libdrivers__interrupt_controller.a(intc_exti_stm32.c.o)
 .debug_aranges
                0x00000000000005a0       0x38 /home/will/Documents/Lab5_emmaw_willg/.pio/build/rtc/zephyr/drivers/clock_control/libdrivers__clock_control.a(clock_stm32_ll_common.c.o)
 .debug_aranges
                0x00000000000005d8       0x30 /home/will/Documents/Lab5_emmaw_willg/.pio/build/rtc/zephyr/drivers/clock_control/libdrivers__clock_control.a(clock_stm32f0_f3.c.o)
 .debug_aranges
                0x0000000000000608       0x28 /home/will/Documents/Lab5_emmaw_willg/.pio/build/rtc/zephyr/drivers/console/libdrivers__console.a(uart_console.c.o)
 .debug_aranges
                0x0000000000000630       0x78 /home/will/Documents/Lab5_emmaw_willg/.pio/build/rtc/zephyr/drivers/gpio/libdrivers__gpio.a(gpio_stm32.c.o)
 .debug_aranges
                0x00000000000006a8       0xd0 /home/will/Documents/Lab5_emmaw_willg/.pio/build/rtc/zephyr/drivers/serial/libdrivers__serial.a(uart_stm32.c.o)
 .debug_aranges
                0x0000000000000778       0x40 /home/will/Documents/Lab5_emmaw_willg/.pio/build/rtc/zephyr/drivers/timer/libdrivers__timer.a(sys_clock_init.c.o)
 .debug_aranges
                0x00000000000007b8       0x58 /home/will/Documents/Lab5_emmaw_willg/.pio/build/rtc/zephyr/drivers/timer/libdrivers__timer.a(cortex_m_systick.c.o)
 .debug_aranges
                0x0000000000000810       0x28 /home/will/Documents/Lab5_emmaw_willg/.pio/build/rtc/modules/stm32/stm32cube/lib_pio__modules__hal__stm32__stm32cube.a(system_stm32f0xx.c.o)
 .debug_aranges
                0x0000000000000838       0x68 /home/will/Documents/Lab5_emmaw_willg/.pio/build/rtc/modules/stm32/stm32cube/lib_pio__modules__hal__stm32__stm32cube.a(stm32f0xx_ll_utils.c.o)
 .debug_aranges
                0x00000000000008a0       0x20 /home/will/Documents/Lab5_emmaw_willg/.pio/build/rtc/zephyr/liboffsets.a(offsets.c.o)
 .debug_aranges
                0x00000000000008c0       0x48 /home/will/Documents/Lab5_emmaw_willg/.pio/build/rtc/zephyr/kernel/libkernel.a(device.c.o)
 .debug_aranges
                0x0000000000000908       0x20 /home/will/Documents/Lab5_emmaw_willg/.pio/build/rtc/zephyr/kernel/libkernel.a(errno.c.o)
 .debug_aranges
                0x0000000000000928       0x58 /home/will/Documents/Lab5_emmaw_willg/.pio/build/rtc/zephyr/kernel/libkernel.a(fatal.c.o)
 .debug_aranges
                0x0000000000000980       0x40 /home/will/Documents/Lab5_emmaw_willg/.pio/build/rtc/zephyr/kernel/libkernel.a(init.c.o)
 .debug_aranges
                0x00000000000009c0       0xa0 /home/will/Documents/Lab5_emmaw_willg/.pio/build/rtc/zephyr/kernel/libkernel.a(thread.c.o)
 .debug_aranges
                0x0000000000000a60       0x28 /home/will/Documents/Lab5_emmaw_willg/.pio/build/rtc/zephyr/kernel/libkernel.a(idle.c.o)
 .debug_aranges
                0x0000000000000a88      0x1e8 /home/will/Documents/Lab5_emmaw_willg/.pio/build/rtc/zephyr/kernel/libkernel.a(sched.c.o)
 .debug_aranges
                0x0000000000000c70       0x20 /home/will/Documents/Lab5_emmaw_willg/.pio/build/rtc/zephyr/kernel/libkernel.a(xip.c.o)
 .debug_aranges
                0x0000000000000c90       0x98 /home/will/Documents/Lab5_emmaw_willg/.pio/build/rtc/zephyr/kernel/libkernel.a(timeout.c.o)
 .debug_aranges
                0x0000000000000d28       0x20 /home/will/Documents/Lab5_emmaw_willg/.pio/build/rtc/zephyr/kernel/libkernel.a(banner.c.o)

.debug_pubnames
 *(SORT_BY_ALIGNMENT(.debug_pubnames))

.debug_info     0x0000000000000000    0x4f380
 *(SORT_BY_ALIGNMENT(.debug_info) SORT_BY_ALIGNMENT(.gnu.linkonce.wi.*))
 .debug_info    0x0000000000000000       0x52 .pio/build/rtc/src/main.o
 .debug_info    0x0000000000000052     0x2923 .pio/build/rtc/src/rtc.o
 .debug_info    0x0000000000002975      0x13a .pio/build/rtc/zephyr_final/zephyr/isr_tables.c.o
 .debug_info    0x0000000000002aaf     0x1b25 .pio/build/rtc/zephyr_final/zephyr/dev_handles.c.o
 .debug_info    0x00000000000045d4     0x1467 /home/will/Documents/Lab5_emmaw_willg/.pio/build/rtc/zephyr/libzephyr.a(printk.c.o)
 .debug_info    0x0000000000005a3b     0x10d1 /home/will/Documents/Lab5_emmaw_willg/.pio/build/rtc/zephyr/libzephyr.a(thread_entry.c.o)
 .debug_info    0x0000000000006b0c     0x188e /home/will/Documents/Lab5_emmaw_willg/.pio/build/rtc/zephyr/libzephyr.a(cbprintf_complete.c.o)
 .debug_info    0x000000000000839a       0x38 /home/will/Documents/Lab5_emmaw_willg/.pio/build/rtc/zephyr/libzephyr.a(configs.c.o)
 .debug_info    0x00000000000083d2     0x1ee2 /home/will/Documents/Lab5_emmaw_willg/.pio/build/rtc/zephyr/libzephyr.a(soc.c.o)
 .debug_info    0x000000000000a2b4     0x1b53 /home/will/Documents/Lab5_emmaw_willg/.pio/build/rtc/zephyr/libzephyr.a(soc_config.c.o)
 .debug_info    0x000000000000be07     0x1f04 /home/will/Documents/Lab5_emmaw_willg/.pio/build/rtc/zephyr/libzephyr.a(pinmux_stm32.c.o)
 .debug_info    0x000000000000dd0b       0x22 /home/will/Documents/Lab5_emmaw_willg/.pio/build/rtc/zephyr/arch/arch/arm/core/aarch32/libarch__arm__core__aarch32.a(cpu_idle.S.o)
 .debug_info    0x000000000000dd2d     0x2af6 /home/will/Documents/Lab5_emmaw_willg/.pio/build/rtc/zephyr/arch/arch/arm/core/aarch32/libarch__arm__core__aarch32.a(fatal.c.o)
 .debug_info    0x0000000000010823     0x153b /home/will/Documents/Lab5_emmaw_willg/.pio/build/rtc/zephyr/arch/arch/arm/core/aarch32/libarch__arm__core__aarch32.a(irq_manage.c.o)
 .debug_info    0x0000000000011d5e      0xfa9 /home/will/Documents/Lab5_emmaw_willg/.pio/build/rtc/zephyr/arch/arch/arm/core/aarch32/libarch__arm__core__aarch32.a(nmi.c.o)
 .debug_info    0x0000000000012d07       0x26 /home/will/Documents/Lab5_emmaw_willg/.pio/build/rtc/zephyr/arch/arch/arm/core/aarch32/libarch__arm__core__aarch32.a(nmi_on_reset.S.o)
 .debug_info    0x0000000000012d2d     0x133e /home/will/Documents/Lab5_emmaw_willg/.pio/build/rtc/zephyr/arch/arch/arm/core/aarch32/libarch__arm__core__aarch32.a(prep_c.c.o)
 .debug_info    0x000000000001406b     0x11af /home/will/Documents/Lab5_emmaw_willg/.pio/build/rtc/zephyr/arch/arch/arm/core/aarch32/libarch__arm__core__aarch32.a(swap.c.o)
 .debug_info    0x000000000001521a       0x22 /home/will/Documents/Lab5_emmaw_willg/.pio/build/rtc/zephyr/arch/arch/arm/core/aarch32/libarch__arm__core__aarch32.a(swap_helper.S.o)
 .debug_info    0x000000000001523c     0x12dc /home/will/Documents/Lab5_emmaw_willg/.pio/build/rtc/zephyr/arch/arch/arm/core/aarch32/libarch__arm__core__aarch32.a(thread.c.o)