Archive member included to satisfy reference by file (symbol)

/home/will/Documents/Lab5_emmaw_willg/.pio/build/kernel/zephyr/libzephyr.a(cbprintf.c.o)
                              (--whole-archive)
/home/will/Documents/Lab5_emmaw_willg/.pio/build/kernel/zephyr/libzephyr.a(cbprintf_packaged.c.o)
                              (--whole-archive)
/home/will/Documents/Lab5_emmaw_willg/.pio/build/kernel/zephyr/libzephyr.a(crc32c_sw.c.o)
                              (--whole-archive)
/home/will/Documents/Lab5_emmaw_willg/.pio/build/kernel/zephyr/libzephyr.a(crc32_sw.c.o)
                              (--whole-archive)
/home/will/Documents/Lab5_emmaw_willg/.pio/build/kernel/zephyr/libzephyr.a(crc16_sw.c.o)
                              (--whole-archive)
/home/will/Documents/Lab5_emmaw_willg/.pio/build/kernel/zephyr/libzephyr.a(crc8_sw.c.o)
                              (--whole-archive)
/home/will/Documents/Lab5_emmaw_willg/.pio/build/kernel/zephyr/libzephyr.a(crc7_sw.c.o)
                              (--whole-archive)
/home/will/Documents/Lab5_emmaw_willg/.pio/build/kernel/zephyr/libzephyr.a(dec.c.o)
                              (--whole-archive)
/home/will/Documents/Lab5_emmaw_willg/.pio/build/kernel/zephyr/libzephyr.a(fdtable.c.o)
                              (--whole-archive)
/home/will/Documents/Lab5_emmaw_willg/.pio/build/kernel/zephyr/libzephyr.a(hex.c.o)
                              (--whole-archive)
/home/will/Documents/Lab5_emmaw_willg/.pio/build/kernel/zephyr/libzephyr.a(notify.c.o)
                              (--whole-archive)
/home/will/Documents/Lab5_emmaw_willg/.pio/build/kernel/zephyr/libzephyr.a(printk.c.o)
                              (--whole-archive)
/home/will/Documents/Lab5_emmaw_willg/.pio/build/kernel/zephyr/libzephyr.a(onoff.c.o)
                              (--whole-archive)
/home/will/Documents/Lab5_emmaw_willg/.pio/build/kernel/zephyr/libzephyr.a(rb.c.o)
                              (--whole-archive)
/home/will/Documents/Lab5_emmaw_willg/.pio/build/kernel/zephyr/libzephyr.a(sem.c.o)
                              (--whole-archive)
/home/will/Documents/Lab5_emmaw_willg/.pio/build/kernel/zephyr/libzephyr.a(thread_entry.c.o)
                              (--whole-archive)
/home/will/Documents/Lab5_emmaw_willg/.pio/build/kernel/zephyr/libzephyr.a(timeutil.c.o)
                              (--whole-archive)
/home/will/Documents/Lab5_emmaw_willg/.pio/build/kernel/zephyr/libzephyr.a(heap.c.o)
                              (--whole-archive)
/home/will/Documents/Lab5_emmaw_willg/.pio/build/kernel/zephyr/libzephyr.a(heap-validate.c.o)
                              (--whole-archive)
/home/will/Documents/Lab5_emmaw_willg/.pio/build/kernel/zephyr/libzephyr.a(bitarray.c.o)
                              (--whole-archive)
/home/will/Documents/Lab5_emmaw_willg/.pio/build/kernel/zephyr/libzephyr.a(cbprintf_complete.c.o)
                              (--whole-archive)
/home/will/Documents/Lab5_emmaw_willg/.pio/build/kernel/zephyr/libzephyr.a(configs.c.o)
                              (--whole-archive)
/home/will/Documents/Lab5_emmaw_willg/.pio/build/kernel/zephyr/libzephyr.a(soc.c.o)
                              (--whole-archive)
/home/will/Documents/Lab5_emmaw_willg/.pio/build/kernel/zephyr/libzephyr.a(stm32cube_hal.c.o)
                              (--whole-archive)
/home/will/Documents/Lab5_emmaw_willg/.pio/build/kernel/zephyr/libzephyr.a(soc_config.c.o)
                              (--whole-archive)
/home/will/Documents/Lab5_emmaw_willg/.pio/build/kernel/zephyr/libzephyr.a(tracing_none.c.o)
                              (--whole-archive)
/home/will/Documents/Lab5_emmaw_willg/.pio/build/kernel/zephyr/libzephyr.a(pinmux_stm32.c.o)
                              (--whole-archive)
/home/will/Documents/Lab5_emmaw_willg/.pio/build/kernel/zephyr/arch/common/libarch__common.a(sw_isr_common.c.o)
                              (--whole-archive)
/home/will/Documents/Lab5_emmaw_willg/.pio/build/kernel/zephyr/arch/arch/arm/core/aarch32/libarch__arm__core__aarch32.a(cpu_idle.S.o)
                              (--whole-archive)
/home/will/Documents/Lab5_emmaw_willg/.pio/build/kernel/zephyr/arch/arch/arm/core/aarch32/libarch__arm__core__aarch32.a(fatal.c.o)
                              (--whole-archive)
/home/will/Documents/Lab5_emmaw_willg/.pio/build/kernel/zephyr/arch/arch/arm/core/aarch32/libarch__arm__core__aarch32.a(irq_manage.c.o)
                              (--whole-archive)
/home/will/Documents/Lab5_emmaw_willg/.pio/build/kernel/zephyr/arch/arch/arm/core/aarch32/libarch__arm__core__aarch32.a(nmi.c.o)
                              (--whole-archive)
/home/will/Documents/Lab5_emmaw_willg/.pio/build/kernel/zephyr/arch/arch/arm/core/aarch32/libarch__arm__core__aarch32.a(nmi_on_reset.S.o)
                              (--whole-archive)
/home/will/Documents/Lab5_emmaw_willg/.pio/build/kernel/zephyr/arch/arch/arm/core/aarch32/libarch__arm__core__aarch32.a(prep_c.c.o)
[...]
Memory Configuration

Name             Origin             Length             Attributes
FLASH            0x0000000008000000 0x0000000000020000 xr
SRAM             0x0000000020000000 0x0000000000004000 xw
IDT_LIST         0x00000000fffff7ff 0x0000000000000800 xw
*default*        0x0000000000000000 0xffffffffffffffff

Linker script and memory map

LOAD .pio/build/kernel/zephyr_prebuilt/zephyr/misc/empty_file.c.o
LOAD .pio/build/kernel/src/gpio_interrupt.o
LOAD .pio/build/kernel/src/kernel.o
LOAD .pio/build/kernel/src/main.o
LOAD .pio/build/kernel/src/rtc.o
LOAD .pio/build/kernel/src/sleep.o
LOAD .pio/build/kernel/zephyr_final/zephyr/misc/empty_file.c.o
LOAD .pio/build/kernel/zephyr_final/zephyr/isr_tables.c.o
LOAD .pio/build/kernel/zephyr_final/zephyr/dev_handles.c.o
LOAD /home/will/Documents/Lab5_emmaw_willg/.pio/build/kernel/zephyr/libzephyr.a
LOAD /home/will/Documents/Lab5_emmaw_willg/.pio/build/kernel/zephyr/arch/common/libarch__common.a
LOAD /home/will/Documents/Lab5_emmaw_willg/.pio/build/kernel/zephyr/arch/arch/arm/core/aarch32/libarch__arm__core__aarch32.a
LOAD /home/will/Documents/Lab5_emmaw_willg/.pio/build/kernel/zephyr/arch/arch/arm/core/aarch32/cortex_m/libarch__arm__core__aarch32__cortex_m.a
LOAD /home/will/Documents/Lab5_emmaw_willg/.pio/build/kernel/zephyr/lib/libc/newlib/liblib__libc__newlib.a
LOAD /home/will/Documents/Lab5_emmaw_willg/.pio/build/kernel/zephyr/lib/posix/liblib__posix.a
LOAD /home/will/Documents/Lab5_emmaw_willg/.pio/build/kernel/zephyr/drivers/interrupt_controller/libdrivers__interrupt_controller.a
LOAD /home/will/Documents/Lab5_emmaw_willg/.pio/build/kernel/zephyr/drivers/clock_control/libdrivers__clock_control.a
LOAD /home/will/Documents/Lab5_emmaw_willg/.pio/build/kernel/zephyr/drivers/console/libdrivers__console.a
LOAD /home/will/Documents/Lab5_emmaw_willg/.pio/build/kernel/zephyr/drivers/gpio/libdrivers__gpio.a
LOAD /home/will/Documents/Lab5_emmaw_willg/.pio/build/kernel/zephyr/drivers/serial/libdrivers__serial.a
LOAD /home/will/Documents/Lab5_emmaw_willg/.pio/build/kernel/zephyr/drivers/timer/libdrivers__timer.a
LOAD /home/will/Documents/Lab5_emmaw_willg/.pio/build/kernel/modules/_bare_module/lib_pio___bare_module.a
LOAD /home/will/Documents/Lab5_emmaw_willg/.pio/build/kernel/modules/stm32/stm32cube/lib_pio__modules__hal__stm32__stm32cube.a
LOAD /home/will/Documents/Lab5_emmaw_willg/.pio/build/kernel/zephyr/liboffsets.a
LOAD /home/will/Documents/Lab5_emmaw_willg/.pio/build/kernel/zephyr/kernel/libkernel.a
LOAD /home/will/Documents/Lab5_emmaw_willg/.pio/build/kernel/zephyr/arch/common/libisr_tables.a
LOAD /home/will/.platformio/packages/toolchain-gccarmnoneeabi@1.80201.181220/lib/gcc/arm-none-eabi/8.2.1/thumb/v6-m/nofp/libgcc.a
LOAD /home/will/.platformio/packages/toolchain-gccarmnoneeabi@1.80201.181220/arm-none-eabi/lib/thumb/v6-m/nofp/libm.a
LOAD /home/will/.platformio/packages/toolchain-gccarmnoneeabi@1.80201.181220/arm-none-eabi/lib/thumb/v6-m/nofp/libc_nano.a
LOAD /home/will/.platformio/packages/toolchain-gccarmnoneeabi@1.80201.181220/lib/gcc/arm-none-eabi/8.2.1/thumb/v6-m/nofp/libgcc.a
LOAD /home/will/.platformio/packages/toolchain-gccarmnoneeabi@1.80201.181220/arm-none-eabi/lib/thumb/v6-m/nofp/libc_nano.a
                0x0000000000000004                _region_min_align = 0x4

.rel.plt        0x0000000008000000        0x0
 *(SORT_BY_ALIGNMENT(.rel.plt))
                [!provide]                        PROVIDE (__rel_iplt_start = .)
 *(SORT_BY_ALIGNMENT(.rel.iplt))
 .rel.iplt      0x0000000008000000        0x0 .pio/build/kernel/src/kernel.o
                [!provide]                        PROVIDE (__rel_iplt_end = .)

.rela.plt       0x0000000000000000        0x0
 *(SORT_BY_ALIGNMENT(.rela.plt))
                [!provide]                        PROVIDE (__rela_iplt_start = .)
 *(SORT_BY_ALIGNMENT(.rela.iplt))
                [!provide]                        PROVIDE (__rela_iplt_end = .)

.rel.dyn
 *(SORT_BY_ALIGNMENT(.rel.*))

.rela.dyn
 *(SORT_BY_ALIGNMENT(.rela.*))

/DISCARD/
 *(SORT_BY_ALIGNMENT(.plt))
 *(SORT_BY_ALIGNMENT(.iplt))
 *(SORT_BY_ALIGNMENT(.got.plt))
 *(SORT_BY_ALIGNMENT(.igot.plt))
 *(SORT_BY_ALIGNMENT(.got))
 *(SORT_BY_ALIGNMENT(.igot))
 *(SORT_BY_ALIGNMENT(.irq_info*))
 *(SORT_BY_ALIGNMENT(.intList*))
 *(SORT_BY_ALIGNMENT(.note.GNU-stack))
                0x0000000008000000                __rom_region_start = 0x8000000

rom_start       0x0000000008000000       0xc0
                0x0000000000000000                . = 0x0
                0x0000000000000000                . = ALIGN (0x4)
                0x0000000000000000                _vector_start = .
 *(SORT_BY_ALIGNMENT(.exc_vector_table))
 *(SORT_BY_ALIGNMENT(.exc_vector_table.*))
 .exc_vector_table._vector_table_section
                0x0000000008000000       0x40 /home/will/Documents/Lab5_emmaw_willg/.pio/build/kernel/zephyr/arch/arch/arm/core/aarch32/cortex_m/libarch__arm__core__aarch32__cortex_m.a(vector_table.S.o)
                0x0000000008000000                _vector_table
 *(SORT_BY_ALIGNMENT(.gnu.linkonce.irq_vector_table*))
 .gnu.linkonce.irq_vector_table
                0x0000000008000040       0x80 .pio/build/kernel/zephyr_final/zephyr/isr_tables.c.o
                0x0000000008000040                _irq_vector_table
 *(SORT_BY_ALIGNMENT(.vectors))
                0x00000000080000c0                _vector_end = .

text            0x00000000080000c0     0x2c8c
                0x00000000080000c0                __text_region_start = .
 *(SORT_BY_ALIGNMENT(.text))
 .text          0x00000000080000c0       0x14 /home/will/.platformio/packages/toolchain-gccarmnoneeabi@1.80201.181220/lib/gcc/arm-none-eabi/8.2.1/thumb/v6-m/nofp/libgcc.a(_thumb1_case_uqi.o)
                0x00000000080000c0                __gnu_thumb1_case_uqi
 .text          0x00000000080000d4      0x114 /home/will/.platformio/packages/toolchain-gccarmnoneeabi@1.80201.181220/lib/gcc/arm-none-eabi/8.2.1/thumb/v6-m/nofp/libgcc.a(_udivsi3.o)
                0x00000000080000d4                __udivsi3
                0x00000000080000d4                __aeabi_uidiv
                0x00000000080001e0                __aeabi_uidivmod
 .text          0x00000000080001e8        0x4 /home/will/.platformio/packages/toolchain-gccarmnoneeabi@1.80201.181220/lib/gcc/arm-none-eabi/8.2.1/thumb/v6-m/nofp/libgcc.a(_dvmd_tls.o)
                0x00000000080001e8                __aeabi_ldiv0
                0x00000000080001e8                __aeabi_idiv0
 .text          0x00000000080001ec       0x3c /home/will/.platformio/packages/toolchain-gccarmnoneeabi@1.80201.181220/lib/gcc/arm-none-eabi/8.2.1/thumb/v6-m/nofp/libgcc.a(_clzsi2.o)
                0x00000000080001ec                __clzsi2
 .text          0x0000000008000228       0x40 /home/will/.platformio/packages/toolchain-gccarmnoneeabi@1.80201.181220/lib/gcc/arm-none-eabi/8.2.1/thumb/v6-m/nofp/libgcc.a(_aeabi_uldivmod.o)
                0x0000000008000228                __aeabi_uldivmod
 .text          0x0000000008000268       0x54 /home/will/.platformio/packages/toolchain-gccarmnoneeabi@1.80201.181220/lib/gcc/arm-none-eabi/8.2.1/thumb/v6-m/nofp/libgcc.a(_muldi3.o)
                0x0000000008000268                __aeabi_lmul
                0x0000000008000268                __muldi3
 .text          0x00000000080002bc      0x1a4 /home/will/.platformio/packages/toolchain-gccarmnoneeabi@1.80201.181220/lib/gcc/arm-none-eabi/8.2.1/thumb/v6-m/nofp/libgcc.a(_udivmoddi4.o)
                0x00000000080002bc                __udivmoddi4
 .text          0x0000000008000460       0x18 /home/will/.platformio/packages/toolchain-gccarmnoneeabi@1.80201.181220/lib/gcc/arm-none-eabi/8.2.1/thumb/v6-m/nofp/libgcc.a(_clzdi2.o)
                0x0000000008000460                __clzdi2
 .text          0x0000000008000478       0x14 /home/will/.platformio/packages/toolchain-gccarmnoneeabi@1.80201.181220/arm-none-eabi/lib/thumb/v6-m/nofp/libc_nano.a(lib_a-strcmp.o)
                0x0000000008000478                strcmp
 .text          0x000000000800048c        0xe /home/will/.platformio/packages/toolchain-gccarmnoneeabi@1.80201.181220/arm-none-eabi/lib/thumb/v6-m/nofp/libc_nano.a(lib_a-strlen.o)
                0x000000000800048c                strlen
 *(SORT_BY_ALIGNMENT(.text.*))
 *fill*         0x000000000800049a        0x2 
 .text.kernel_main
                0x000000000800049c       0x58 .pio/build/kernel/src/kernel.o
                0x000000000800049c                kernel_main
 .text.char_out
                0x00000000080004f4       0x14 /home/will/Documents/Lab5_emmaw_willg/.pio/build/kernel/zephyr/libzephyr.a(printk.c.o)
 .text.__printk_hook_install
                0x0000000008000508        0xc /home/will/Documents/Lab5_emmaw_willg/.pio/build/kernel/zephyr/libzephyr.a(printk.c.o)
                0x0000000008000508                __printk_hook_install
 .text.vprintk  0x0000000008000514       0x18 /home/will/Documents/Lab5_emmaw_willg/.pio/build/kernel/zephyr/libzephyr.a(printk.c.o)
                0x0000000008000514                vprintk
 .text.extract_decimal
                0x000000000800052c       0x28 /home/will/Documents/Lab5_emmaw_willg/.pio/build/kernel/zephyr/libzephyr.a(cbprintf_complete.c.o)
 .text.encode_uint
                0x0000000008000554       0x9c /home/will/Documents/Lab5_emmaw_willg/.pio/build/kernel/zephyr/libzephyr.a(cbprintf_complete.c.o)
 .text.cbvprintf
                0x00000000080005f0      0x67c /home/will/Documents/Lab5_emmaw_willg/.pio/build/kernel/zephyr/libzephyr.a(cbprintf_complete.c.o)
                0x00000000080005f0                cbvprintf
 .text.stm32f0_init
                0x0000000008000c6c       0x24 /home/will/Documents/Lab5_emmaw_willg/.pio/build/kernel/zephyr/libzephyr.a(soc.c.o)
 .text.relocate_vector_table
                0x0000000008000c90       0x2c /home/will/Documents/Lab5_emmaw_willg/.pio/build/kernel/zephyr/libzephyr.a(soc.c.o)
                0x0000000008000c90                relocate_vector_table
 .text.stm32_pin_configure
                0x0000000008000cbc       0x44 /home/will/Documents/Lab5_emmaw_willg/.pio/build/kernel/zephyr/libzephyr.a(pinmux_stm32.c.o)
 .text.z_arm_cpu_idle_init
                0x0000000008000d00        0xc /home/will/Documents/Lab5_emmaw_willg/.pio/build/kernel/zephyr/arch/arch/arm/core/aarch32/libarch__arm__core__aarch32.a(cpu_idle.S.o)
                0x0000000008000d00                z_arm_cpu_idle_init
 .text.arch_cpu_idle
                0x0000000008000d0c       0x10 /home/will/Documents/Lab5_emmaw_willg/.pio/build/kernel/zephyr/arch/arch/arm/core/aarch32/libarch__arm__core__aarch32.a(cpu_idle.S.o)
                0x0000000008000d0c                arch_cpu_idle
 .text.arch_irq_enable
                0x0000000008000d1c       0x18 /home/will/Documents/Lab5_emmaw_willg/.pio/build/kernel/zephyr/arch/arch/arm/core/aarch32/libarch__arm__core__aarch32.a(irq_manage.c.o)
                0x0000000008000d1c                arch_irq_enable
 .text.z_arm_irq_priority_set
                0x0000000008000d34       0x54 /home/will/Documents/Lab5_emmaw_willg/.pio/build/kernel/zephyr/arch/arch/arm/core/aarch32/libarch__arm__core__aarch32.a(irq_manage.c.o)
                0x0000000008000d34                z_arm_irq_priority_set
 .text.z_SysNmiOnReset
                0x0000000008000d88        0x4 /home/will/Documents/Lab5_emmaw_willg/.pio/build/kernel/zephyr/arch/arch/arm/core/aarch32/libarch__arm__core__aarch32.a(nmi_on_reset.S.o)
                0x0000000008000d88                z_SysNmiOnReset
 .text.arch_swap
                0x0000000008000d8c       0x30 /home/will/Documents/Lab5_emmaw_willg/.pio/build/kernel/zephyr/arch/arch/arm/core/aarch32/libarch__arm__core__aarch32.a(swap.c.o)
                0x0000000008000d8c                arch_swap
 .text.z_arm_pendsv
                0x0000000008000dbc       0x60 /home/will/Documents/Lab5_emmaw_willg/.pio/build/kernel/zephyr/arch/arch/arm/core/aarch32/libarch__arm__core__aarch32.a(swap_helper.S.o)
                0x0000000008000dbc                z_arm_pendsv
 .text.z_arm_svc
                0x0000000008000e1c       0x24 /home/will/Documents/Lab5_emmaw_willg/.pio/build/kernel/zephyr/arch/arch/arm/core/aarch32/libarch__arm__core__aarch32.a(swap_helper.S.o)
                0x0000000008000e1c                z_arm_svc
 .text.arch_new_thread
                0x0000000008000e40       0x2c /home/will/Documents/Lab5_emmaw_willg/.pio/build/kernel/zephyr/arch/arch/arm/core/aarch32/libarch__arm__core__aarch32.a(thread.c.o)
                0x0000000008000e40                arch_new_thread
 .text.arch_switch_to_main_thread
                0x0000000008000e6c       0x20 /home/will/Documents/Lab5_emmaw_willg/.pio/build/kernel/zephyr/arch/arch/arm/core/aarch32/libarch__arm__core__aarch32.a(thread.c.o)
                0x0000000008000e6c                arch_switch_to_main_thread
 .text._isr_wrapper
                0x0000000008000e8c       0x28 /home/will/Documents/Lab5_emmaw_willg/.pio/build/kernel/zephyr/arch/arch/arm/core/aarch32/libarch__arm__core__aarch32.a(isr_wrapper.S.o)
                0x0000000008000e8c                _isr_wrapper
 .text._HandlerModeExit
                0x0000000008000eb4       0x20 /home/will/Documents/Lab5_emmaw_willg/.pio/build/kernel/zephyr/arch/arch/arm/core/aarch32/cortex_m/libarch__arm__core__aarch32__cortex_m.a(exc_exit.S.o)
                0x0000000008000eb4                z_arm_exc_exit
                0x0000000008000eb4                z_arm_int_exit
 .text.z_arm_fault
                0x0000000008000ed4       0x7c /home/will/Documents/Lab5_emmaw_willg/.pio/build/kernel/zephyr/arch/arch/arm/core/aarch32/cortex_m/libarch__arm__core__aarch32__cortex_m.a(fault.c.o)
                0x0000000008000ed4                z_arm_fault
 .text.__fault  0x0000000008000f50       0x14 /home/will/Documents/Lab5_emmaw_willg/.pio/build/kernel/zephyr/arch/arch/arm/core/aarch32/cortex_m/libarch__arm__core__aarch32__cortex_m.a(fault_s.S.o)
                0x0000000008000f50                z_arm_exc_spurious
                0x0000000008000f50                z_arm_hard_fault
 .text.z_arm_interrupt_init
                0x0000000008000f64       0x30 /home/will/Documents/Lab5_emmaw_willg/.pio/build/kernel/zephyr/arch/arch/arm/core/aarch32/cortex_m/libarch__arm__core__aarch32__cortex_m.a(irq_init.c.o)
                0x0000000008000f64                z_arm_interrupt_init
 .text._reset_section
                0x0000000008000f94       0x28 /home/will/Documents/Lab5_emmaw_willg/.pio/build/kernel/zephyr/arch/arch/arm/core/aarch32/cortex_m/libarch__arm__core__aarch32__cortex_m.a(reset.S.o)
                0x0000000008000f94                z_arm_reset
                0x0000000008000f94                __start
 .text.z_impl_k_thread_abort
                0x0000000008000fbc       0x2c /home/will/Documents/Lab5_emmaw_willg/.pio/build/kernel/zephyr/arch/arch/arm/core/aarch32/cortex_m/libarch__arm__core__aarch32__cortex_m.a(thread_abort.c.o)
                0x0000000008000fbc                z_impl_k_thread_abort
 .text.__stdout_hook_install
                0x0000000008000fe8        0xc /home/will/Documents/Lab5_emmaw_willg/.pio/build/kernel/zephyr/lib/libc/newlib/liblib__libc__newlib.a(libc-hooks.c.o)
                0x0000000008000fe8                __stdout_hook_install
 .text.__stm32_exti_isr.isra.2
                0x0000000008000ff4       0x38 /home/will/Documents/Lab5_emmaw_willg/.pio/build/kernel/zephyr/drivers/interrupt_controller/libdrivers__interrupt_controller.a(intc_exti_stm32.c.o)
 .text.stm32_exti_enable
                0x000000000800102c       0x24 /home/will/Documents/Lab5_emmaw_willg/.pio/build/kernel/zephyr/drivers/interrupt_controller/libdrivers__interrupt_controller.a(intc_exti_stm32.c.o)
                0x000000000800102c                stm32_exti_enable
 .text.stm32_exti_disable
                0x0000000008001050       0x18 /home/will/Documents/Lab5_emmaw_willg/.pio/build/kernel/zephyr/drivers/interrupt_controller/libdrivers__interrupt_controller.a(intc_exti_stm32.c.o)
                0x0000000008001050                stm32_exti_disable
 .text.stm32_exti_trigger
                0x0000000008001068       0x5c /home/will/Documents/Lab5_emmaw_willg/.pio/build/kernel/zephyr/drivers/interrupt_controller/libdrivers__interrupt_controller.a(intc_exti_stm32.c.o)
                0x0000000008001068                stm32_exti_trigger
 .text.stm32_exti_set_callback
                0x00000000080010c4       0x20 /home/will/Documents/Lab5_emmaw_willg/.pio/build/kernel/zephyr/drivers/interrupt_controller/libdrivers__interrupt_controller.a(intc_exti_stm32.c.o)
                0x00000000080010c4                stm32_exti_set_callback
 .text.stm32_exti_unset_callback
                0x00000000080010e4       0x14 /home/will/Documents/Lab5_emmaw_willg/.pio/build/kernel/zephyr/drivers/interrupt_controller/libdrivers__interrupt_controller.a(intc_exti_stm32.c.o)
                0x00000000080010e4                stm32_exti_unset_callback
 .text.stm32_clock_control_on
                0x00000000080010f8       0x5c /home/will/Documents/Lab5_emmaw_willg/.pio/build/kernel/zephyr/drivers/clock_control/libdrivers__clock_control.a(clock_stm32_ll_common.c.o)
 .text.stm32_clock_control_off
                0x0000000008001154       0x40 /home/will/Documents/Lab5_emmaw_willg/.pio/build/kernel/zephyr/drivers/clock_control/libdrivers__clock_control.a(clock_stm32_ll_common.c.o)
 .text.stm32_clock_control_get_subsys_rate
                0x0000000008001194       0x30 /home/will/Documents/Lab5_emmaw_willg/.pio/build/kernel/zephyr/drivers/clock_control/libdrivers__clock_control.a(clock_stm32_ll_common.c.o)
 .text.stm32_clock_control_init
                0x00000000080011c4       0x74 /home/will/Documents/Lab5_emmaw_willg/.pio/build/kernel/zephyr/drivers/clock_control/libdrivers__clock_control.a(clock_stm32_ll_common.c.o)
                0x00000000080011c4                stm32_clock_control_init
 .text.config_enable_default_clocks
                0x0000000008001238       0x1c /home/will/Documents/Lab5_emmaw_willg/.pio/build/kernel/zephyr/drivers/clock_control/libdrivers__clock_control.a(clock_stm32f0_f3.c.o)
                0x0000000008001238                config_enable_default_clocks
 .text.uart_console_init
                0x0000000008001254       0x34 /home/will/Documents/Lab5_emmaw_willg/.pio/build/kernel/zephyr/drivers/console/libdrivers__console.a(uart_console.c.o)
 .text.console_out
                0x0000000008001288       0x28 /home/will/Documents/Lab5_emmaw_willg/.pio/build/kernel/zephyr/drivers/console/libdrivers__console.a(uart_console.c.o)
 .text.gpio_stm32_pin_interrupt_configure
                0x00000000080012b0       0xcc /home/will/Documents/Lab5_emmaw_willg/.pio/build/kernel/zephyr/drivers/gpio/libdrivers__gpio.a(gpio_stm32.c.o)
 .text.gpio_stm32_clock_request
                0x000000000800137c       0x3c /home/will/Documents/Lab5_emmaw_willg/.pio/build/kernel/zephyr/drivers/gpio/libdrivers__gpio.a(gpio_stm32.c.o)
                0x000000000800137c                gpio_stm32_clock_request
 .text.uart_stm32_config_get
                0x00000000080013b8       0xa4 /home/will/Documents/Lab5_emmaw_willg/.pio/build/kernel/zephyr/drivers/serial/libdrivers__serial.a(uart_stm32.c.o)
 .text.uart_stm32_irq_err_enable
                0x000000000800145c       0x4c /home/will/Documents/Lab5_emmaw_willg/.pio/build/kernel/zephyr/drivers/serial/libdrivers__serial.a(uart_stm32.c.o)
 .text.uart_stm32_irq_err_disable
                0x00000000080014a8       0x50 /home/will/Documents/Lab5_emmaw_willg/.pio/build/kernel/zephyr/drivers/serial/libdrivers__serial.a(uart_stm32.c.o)
 .text.uart_stm32_set_baudrate
                0x00000000080014f8       0x4c /home/will/Documents/Lab5_emmaw_willg/.pio/build/kernel/zephyr/drivers/serial/libdrivers__serial.a(uart_stm32.c.o)
 .text.uart_stm32_init
                0x0000000008001544       0xe0 /home/will/Documents/Lab5_emmaw_willg/.pio/build/kernel/zephyr/drivers/serial/libdrivers__serial.a(uart_stm32.c.o)
 .text.uart_stm32_configure
                0x0000000008001624      0x168 /home/will/Documents/Lab5_emmaw_willg/.pio/build/kernel/zephyr/drivers/serial/libdrivers__serial.a(uart_stm32.c.o)
 .text.elapsed  0x000000000800178c       0x38 /home/will/Documents/Lab5_emmaw_willg/.pio/build/kernel/zephyr/drivers/timer/libdrivers__timer.a(cortex_m_systick.c.o)
 .text.sys_clock_isr
                0x00000000080017c4       0x44 /home/will/Documents/Lab5_emmaw_willg/.pio/build/kernel/zephyr/drivers/timer/libdrivers__timer.a(cortex_m_systick.c.o)
                0x00000000080017c4                sys_clock_isr
 .text.sys_clock_driver_init
                0x0000000008001808       0x3c /home/will/Documents/Lab5_emmaw_willg/.pio/build/kernel/zephyr/drivers/timer/libdrivers__timer.a(cortex_m_systick.c.o)
                0x0000000008001808                sys_clock_driver_init
 .text.sys_clock_set_timeout
                0x0000000008001844      0x104 /home/will/Documents/Lab5_emmaw_willg/.pio/build/kernel/zephyr/drivers/timer/libdrivers__timer.a(cortex_m_systick.c.o)
                0x0000000008001844                sys_clock_set_timeout
 .text.sys_clock_elapsed
                0x0000000008001948       0x34 /home/will/Documents/Lab5_emmaw_willg/.pio/build/kernel/zephyr/drivers/timer/libdrivers__timer.a(cortex_m_systick.c.o)
                0x0000000008001948                sys_clock_elapsed
 .text.LL_RCC_PLL_ConfigDomain_SYS
                0x000000000800197c       0x24 /home/will/Documents/Lab5_emmaw_willg/.pio/build/kernel/modules/stm32/stm32cube/lib_pio__modules__hal__stm32__stm32cube.a(stm32f0xx_ll_utils.c.o)
 .text.UTILS_PLL_IsBusy
                0x00000000080019a0       0x10 /home/will/Documents/Lab5_emmaw_willg/.pio/build/kernel/modules/stm32/stm32cube/lib_pio__modules__hal__stm32__stm32cube.a(stm32f0xx_ll_utils.c.o)
 .text.LL_SetFlashLatency
                0x00000000080019b0       0x38 /home/will/Documents/Lab5_emmaw_willg/.pio/build/kernel/modules/stm32/stm32cube/lib_pio__modules__hal__stm32__stm32cube.a(stm32f0xx_ll_utils.c.o)
                0x00000000080019b0                LL_SetFlashLatency
 .text.UTILS_EnablePLLAndSwitchSystem
                0x00000000080019e8       0xa0 /home/will/Documents/Lab5_emmaw_willg/.pio/build/kernel/modules/stm32/stm32cube/lib_pio__modules__hal__stm32__stm32cube.a(stm32f0xx_ll_utils.c.o)
 .text.LL_PLL_ConfigSystemClock_HSI
                0x0000000008001a88       0x64 /home/will/Documents/Lab5_emmaw_willg/.pio/build/kernel/modules/stm32/stm32cube/lib_pio__modules__hal__stm32__stm32cube.a(stm32f0xx_ll_utils.c.o)
                0x0000000008001a88                LL_PLL_ConfigSystemClock_HSI
 .text.z_sys_init_run_level
                0x0000000008001aec       0x44 /home/will/Documents/Lab5_emmaw_willg/.pio/build/kernel/zephyr/kernel/libkernel.a(device.c.o)
                0x0000000008001aec                z_sys_init_run_level
 .text.z_impl_device_get_binding
                0x0000000008001b30       0x5c /home/will/Documents/Lab5_emmaw_willg/.pio/build/kernel/zephyr/kernel/libkernel.a(device.c.o)
                0x0000000008001b30                z_impl_device_get_binding
 .text.init_idle_thread
                0x0000000008001b8c       0x54 /home/will/Documents/Lab5_emmaw_willg/.pio/build/kernel/zephyr/kernel/libkernel.a(init.c.o)
 .text.bg_thread_main
                0x0000000008001be0       0x34 /home/will/Documents/Lab5_emmaw_willg/.pio/build/kernel/zephyr/kernel/libkernel.a(init.c.o)
 .text.z_bss_zero
                0x0000000008001c14       0x18 /home/will/Documents/Lab5_emmaw_willg/.pio/build/kernel/zephyr/kernel/libkernel.a(init.c.o)
                0x0000000008001c14                z_bss_zero
 .text.z_cstart
                0x0000000008001c2c       0xb8 /home/will/Documents/Lab5_emmaw_willg/.pio/build/kernel/zephyr/kernel/libkernel.a(init.c.o)
                0x0000000008001c2c                z_cstart
 .text.z_setup_new_thread
                0x0000000008001ce4       0x58 /home/will/Documents/Lab5_emmaw_willg/.pio/build/kernel/zephyr/kernel/libkernel.a(thread.c.o)
                0x0000000008001ce4                z_setup_new_thread
 .text.z_init_static_threads
                0x0000000008001d3c       0x90 /home/will/Documents/Lab5_emmaw_willg/.pio/build/kernel/zephyr/kernel/libkernel.a(thread.c.o)
                0x0000000008001d3c                z_init_static_threads
 .text.z_reset_time_slice
                0x0000000008001dcc       0x28 /home/will/Documents/Lab5_emmaw_willg/.pio/build/kernel/zephyr/kernel/libkernel.a(sched.c.o)
                0x0000000008001dcc                z_reset_time_slice
 .text.k_sched_time_slice_set
                0x0000000008001df4       0x44 /home/will/Documents/Lab5_emmaw_willg/.pio/build/kernel/zephyr/kernel/libkernel.a(sched.c.o)
                0x0000000008001df4                k_sched_time_slice_set
 .text.z_reschedule
                0x0000000008001e38       0x2c /home/will/Documents/Lab5_emmaw_willg/.pio/build/kernel/zephyr/kernel/libkernel.a(sched.c.o)
                0x0000000008001e38                z_reschedule
 .text.k_sched_lock
                0x0000000008001e64       0x20 /home/will/Documents/Lab5_emmaw_willg/.pio/build/kernel/zephyr/kernel/libkernel.a(sched.c.o)
                0x0000000008001e64                k_sched_lock
 .text.update_cache
                0x0000000008001e84       0x44 /home/will/Documents/Lab5_emmaw_willg/.pio/build/kernel/zephyr/kernel/libkernel.a(sched.c.o)
 .text.move_thread_to_end_of_prio_q
                0x0000000008001ec8       0x78 /home/will/Documents/Lab5_emmaw_willg/.pio/build/kernel/zephyr/kernel/libkernel.a(sched.c.o)
 .text.z_time_slice
                0x0000000008001f40       0x7c /home/will/Documents/Lab5_emmaw_willg/.pio/build/kernel/zephyr/kernel/libkernel.a(sched.c.o)
                0x0000000008001f40                z_time_slice
 .text.ready_thread
                0x0000000008001fbc       0x6c /home/will/Documents/Lab5_emmaw_willg/.pio/build/kernel/zephyr/kernel/libkernel.a(sched.c.o)
 .text.z_sched_start
                0x0000000008002028       0x34 /home/will/Documents/Lab5_emmaw_willg/.pio/build/kernel/zephyr/kernel/libkernel.a(sched.c.o)
                0x0000000008002028                z_sched_start
 .text.unready_thread
                0x000000000800205c       0x2c /home/will/Documents/Lab5_emmaw_willg/.pio/build/kernel/zephyr/kernel/libkernel.a(sched.c.o)
 .text.pend     0x0000000008002088       0x3c /home/will/Documents/Lab5_emmaw_willg/.pio/build/kernel/zephyr/kernel/libkernel.a(sched.c.o)
 .text.z_pend_curr
                0x00000000080020c4       0x28 /home/will/Documents/Lab5_emmaw_willg/.pio/build/kernel/zephyr/kernel/libkernel.a(sched.c.o)
                0x00000000080020c4                z_pend_curr
 .text.k_sched_unlock
                0x00000000080020ec       0x2c /home/will/Documents/Lab5_emmaw_willg/.pio/build/kernel/zephyr/kernel/libkernel.a(sched.c.o)
                0x00000000080020ec                k_sched_unlock
 .text.z_sched_init
                0x0000000008002118       0x1c /home/will/Documents/Lab5_emmaw_willg/.pio/build/kernel/zephyr/kernel/libkernel.a(sched.c.o)
                0x0000000008002118                z_sched_init
 .text.z_impl_z_current_get
                0x0000000008002134        0xc /home/will/Documents/Lab5_emmaw_willg/.pio/build/kernel/zephyr/kernel/libkernel.a(sched.c.o)
                0x0000000008002134                z_impl_z_current_get
 .text.z_thread_abort
                0x0000000008002140       0xa0 /home/will/Documents/Lab5_emmaw_willg/.pio/build/kernel/zephyr/kernel/libkernel.a(sched.c.o)
                0x0000000008002140                z_thread_abort
 .text.z_data_copy
                0x00000000080021e0       0x34 /home/will/Documents/Lab5_emmaw_willg/.pio/build/kernel/zephyr/kernel/libkernel.a(xip.c.o)
                0x00000000080021e0                z_data_copy
 .text.elapsed  0x0000000008002214       0x18 /home/will/Documents/Lab5_emmaw_willg/.pio/build/kernel/zephyr/kernel/libkernel.a(timeout.c.o)
 .text.remove_timeout
                0x000000000800222c       0x38 /home/will/Documents/Lab5_emmaw_willg/.pio/build/kernel/zephyr/kernel/libkernel.a(timeout.c.o)
 .text.next_timeout
                0x0000000008002264       0x58 /home/will/Documents/Lab5_emmaw_willg/.pio/build/kernel/zephyr/kernel/libkernel.a(timeout.c.o)
 .text.z_add_timeout
                0x00000000080022bc       0xf0 /home/will/Documents/Lab5_emmaw_willg/.pio/build/kernel/zephyr/kernel/libkernel.a(timeout.c.o)
                0x00000000080022bc                z_add_timeout
 .text.sys_clock_announce
                0x00000000080023ac       0xe8 /home/will/Documents/Lab5_emmaw_willg/.pio/build/kernel/zephyr/kernel/libkernel.a(timeout.c.o)
                0x00000000080023ac                sys_clock_announce
 .text.z_timer_expiration_handler
                0x0000000008002494       0x88 /home/will/Documents/Lab5_emmaw_willg/.pio/build/kernel/zephyr/kernel/libkernel.a(timer.c.o)
                0x0000000008002494                z_timer_expiration_handler
 .text.z_impl_k_timer_start
                0x000000000800251c       0xac /home/will/Documents/Lab5_emmaw_willg/.pio/build/kernel/zephyr/kernel/libkernel.a(timer.c.o)
                0x000000000800251c                z_impl_k_timer_start
 .text.z_impl_k_timer_status_sync
                0x00000000080025c8       0x48 /home/will/Documents/Lab5_emmaw_willg/.pio/build/kernel/zephyr/kernel/libkernel.a(timer.c.o)
                0x00000000080025c8                z_impl_k_timer_status_sync
 .text.boot_banner
                0x0000000008002610       0x1c /home/will/Documents/Lab5_emmaw_willg/.pio/build/kernel/zephyr/kernel/libkernel.a(banner.c.o)
                0x0000000008002610                boot_banner
 .text.main     0x000000000800262c        0x8 .pio/build/kernel/src/main.o
                0x000000000800262c                main
 .text.arch_printk_char_out
                0x0000000008002634        0x4 /home/will/Documents/Lab5_emmaw_willg/.pio/build/kernel/zephyr/libzephyr.a(printk.c.o)
                0x0000000008002634                arch_printk_char_out
 .text.printk   0x0000000008002638       0x16 /home/will/Documents/Lab5_emmaw_willg/.pio/build/kernel/zephyr/libzephyr.a(printk.c.o)
                0x0000000008002638                printk
 .text.z_thread_entry
                0x000000000800264e       0x14 /home/will/Documents/Lab5_emmaw_willg/.pio/build/kernel/zephyr/libzephyr.a(thread_entry.c.o)
                0x000000000800264e                z_thread_entry
 .text.outs     0x0000000008002662       0x2c /home/will/Documents/Lab5_emmaw_willg/.pio/build/kernel/zephyr/libzephyr.a(cbprintf_complete.c.o)
 .text._ConfigAbsSyms
                0x000000000800268e        0x2 /home/will/Documents/Lab5_emmaw_willg/.pio/build/kernel/zephyr/libzephyr.a(configs.c.o)
                0x000000000800268e                _ConfigAbsSyms
 .text.st_stm32_common_config
                0x0000000008002690        0x4 /home/will/Documents/Lab5_emmaw_willg/.pio/build/kernel/zephyr/libzephyr.a(soc_config.c.o)
 .text.stm32_dt_pinctrl_configure
                0x0000000008002694       0x4a /home/will/Documents/Lab5_emmaw_willg/.pio/build/kernel/zephyr/libzephyr.a(pinmux_stm32.c.o)
                0x0000000008002694                stm32_dt_pinctrl_configure
 .text.z_arm_fatal_error
                0x00000000080026de        0x8 /home/will/Documents/Lab5_emmaw_willg/.pio/build/kernel/zephyr/arch/arch/arm/core/aarch32/libarch__arm__core__aarch32.a(fatal.c.o)
                0x00000000080026de                z_arm_fatal_error
 .text.z_do_kernel_oops
                0x00000000080026e6        0xc /home/will/Documents/Lab5_emmaw_willg/.pio/build/kernel/zephyr/arch/arch/arm/core/aarch32/libarch__arm__core__aarch32.a(fatal.c.o)
                0x00000000080026e6                z_do_kernel_oops
 .text.z_irq_spurious
                0x00000000080026f2        0xc /home/will/Documents/Lab5_emmaw_willg/.pio/build/kernel/zephyr/arch/arch/arm/core/aarch32/libarch__arm__core__aarch32.a(irq_manage.c.o)
                0x00000000080026f2                z_irq_spurious
 .text.z_arm_nmi
                0x00000000080026fe        0xc /home/will/Documents/Lab5_emmaw_willg/.pio/build/kernel/zephyr/arch/arch/arm/core/aarch32/libarch__arm__core__aarch32.a(nmi.c.o)
                0x00000000080026fe                z_arm_nmi
 .text.z_arm_prep_c
                0x000000000800270a       0x16 /home/will/Documents/Lab5_emmaw_willg/.pio/build/kernel/zephyr/arch/arch/arm/core/aarch32/libarch__arm__core__aarch32.a(prep_c.c.o)
                0x000000000800270a                z_arm_prep_c
 .text.z_arm_fault_init
                0x0000000008002720        0x2 /home/will/Documents/Lab5_emmaw_willg/.pio/build/kernel/zephyr/arch/arch/arm/core/aarch32/cortex_m/libarch__arm__core__aarch32__cortex_m.a(fault.c.o)
                0x0000000008002720                z_arm_fault_init
 .text.malloc_prepare
                0x0000000008002722        0x4 /home/will/Documents/Lab5_emmaw_willg/.pio/build/kernel/zephyr/lib/libc/newlib/liblib__libc__newlib.a(libc-hooks.c.o)
 .text._stdout_hook_default
                0x0000000008002726        0x6 /home/will/Documents/Lab5_emmaw_willg/.pio/build/kernel/zephyr/lib/libc/newlib/liblib__libc__newlib.a(libc-hooks.c.o)
 .text.__stm32_exti_isr_0_1
                0x000000000800272c        0xe /home/will/Documents/Lab5_emmaw_willg/.pio/build/kernel/zephyr/drivers/interrupt_controller/libdrivers__interrupt_controller.a(intc_exti_stm32.c.o)
 .text.__stm32_exti_isr_2_3
                0x000000000800273a        0xe /home/will/Documents/Lab5_emmaw_willg/.pio/build/kernel/zephyr/drivers/interrupt_controller/libdrivers__interrupt_controller.a(intc_exti_stm32.c.o)
 .text.__stm32_exti_isr_4_15
                0x0000000008002748        0xe /home/will/Documents/Lab5_emmaw_willg/.pio/build/kernel/zephyr/drivers/interrupt_controller/libdrivers__interrupt_controller.a(intc_exti_stm32.c.o)
 .text.stm32_exti_init
                0x0000000008002756       0x24 /home/will/Documents/Lab5_emmaw_willg/.pio/build/kernel/zephyr/drivers/interrupt_controller/libdrivers__interrupt_controller.a(intc_exti_stm32.c.o)
 .text.config_pll_init
                0x000000000800277a        0xc /home/will/Documents/Lab5_emmaw_willg/.pio/build/kernel/zephyr/drivers/clock_control/libdrivers__clock_control.a(clock_stm32f0_f3.c.o)
                0x000000000800277a                config_pll_init
 .text.LL_RCC_MSI_Disable
                0x0000000008002786        0x2 /home/will/Documents/Lab5_emmaw_willg/.pio/build/kernel/zephyr/drivers/clock_control/libdrivers__clock_control.a(clock_stm32f0_f3.c.o)
                0x0000000008002786                LL_RCC_MSI_Disable
 .text.gpio_stm32_isr
                0x0000000008002788       0x2a /home/will/Documents/Lab5_emmaw_willg/.pio/build/kernel/zephyr/drivers/gpio/libdrivers__gpio.a(gpio_stm32.c.o)
 .text.gpio_stm32_port_get_raw
                0x00000000080027b2        0xc /home/will/Documents/Lab5_emmaw_willg/.pio/build/kernel/zephyr/drivers/gpio/libdrivers__gpio.a(gpio_stm32.c.o)
 .text.gpio_stm32_port_set_masked_raw
                0x00000000080027be       0x12 /home/will/Documents/Lab5_emmaw_willg/.pio/build/kernel/zephyr/drivers/gpio/libdrivers__gpio.a(gpio_stm32.c.o)
 .text.gpio_stm32_port_set_bits_raw
                0x00000000080027d0        0xa /home/will/Documents/Lab5_emmaw_willg/.pio/build/kernel/zephyr/drivers/gpio/libdrivers__gpio.a(gpio_stm32.c.o)
 .text.gpio_stm32_port_clear_bits_raw
                0x00000000080027da        0xa /home/will/Documents/Lab5_emmaw_willg/.pio/build/kernel/zephyr/drivers/gpio/libdrivers__gpio.a(gpio_stm32.c.o)
 .text.gpio_stm32_port_toggle_bits
                0x00000000080027e4        0xe /home/will/Documents/Lab5_emmaw_willg/.pio/build/kernel/zephyr/drivers/gpio/libdrivers__gpio.a(gpio_stm32.c.o)
 .text.gpio_stm32_manage_callback
                0x00000000080027f2       0x5e /home/will/Documents/Lab5_emmaw_willg/.pio/build/kernel/zephyr/drivers/gpio/libdrivers__gpio.a(gpio_stm32.c.o)
 .text.gpio_stm32_configure
                0x0000000008002850       0x9a /home/will/Documents/Lab5_emmaw_willg/.pio/build/kernel/zephyr/drivers/gpio/libdrivers__gpio.a(gpio_stm32.c.o)
                0x0000000008002850                gpio_stm32_configure
 .text.gpio_stm32_config
                0x00000000080028ea       0x76 /home/will/Documents/Lab5_emmaw_willg/.pio/build/kernel/zephyr/drivers/gpio/libdrivers__gpio.a(gpio_stm32.c.o)
 .text.gpio_stm32_init
                0x0000000008002960        0xe /home/will/Documents/Lab5_emmaw_willg/.pio/build/kernel/zephyr/drivers/gpio/libdrivers__gpio.a(gpio_stm32.c.o)
 .text.uart_stm32_err_check
                0x000000000800296e       0x40 /home/will/Documents/Lab5_emmaw_willg/.pio/build/kernel/zephyr/drivers/serial/libdrivers__serial.a(uart_stm32.c.o)
 .text.uart_stm32_irq_tx_enable
                0x00000000080029ae       0x1c /home/will/Documents/Lab5_emmaw_willg/.pio/build/kernel/zephyr/drivers/serial/libdrivers__serial.a(uart_stm32.c.o)
 .text.uart_stm32_irq_tx_disable
                0x00000000080029ca       0x1c /home/will/Documents/Lab5_emmaw_willg/.pio/build/kernel/zephyr/drivers/serial/libdrivers__serial.a(uart_stm32.c.o)
 .text.uart_stm32_irq_rx_enable
                0x00000000080029e6       0x1c /home/will/Documents/Lab5_emmaw_willg/.pio/build/kernel/zephyr/drivers/serial/libdrivers__serial.a(uart_stm32.c.o)
 .text.uart_stm32_irq_rx_disable
                0x0000000008002a02       0x1c /home/will/Documents/Lab5_emmaw_willg/.pio/build/kernel/zephyr/drivers/serial/libdrivers__serial.a(uart_stm32.c.o)
 .text.uart_stm32_irq_is_pending
                0x0000000008002a1e       0x24 /home/will/Documents/Lab5_emmaw_willg/.pio/build/kernel/zephyr/drivers/serial/libdrivers__serial.a(uart_stm32.c.o)
 .text.uart_stm32_irq_update
                0x0000000008002a42        0x4 /home/will/Documents/Lab5_emmaw_willg/.pio/build/kernel/zephyr/drivers/serial/libdrivers__serial.a(uart_stm32.c.o)
 .text.uart_stm32_irq_callback_set
                0x0000000008002a46        0x8 /home/will/Documents/Lab5_emmaw_willg/.pio/build/kernel/zephyr/drivers/serial/libdrivers__serial.a(uart_stm32.c.o)
 .text.uart_stm32_isr
                0x0000000008002a4e       0x10 /home/will/Documents/Lab5_emmaw_willg/.pio/build/kernel/zephyr/drivers/serial/libdrivers__serial.a(uart_stm32.c.o)
 .text.uart_stm32_irq_config_func_0
                0x0000000008002a5e       0x14 /home/will/Documents/Lab5_emmaw_willg/.pio/build/kernel/zephyr/drivers/serial/libdrivers__serial.a(uart_stm32.c.o)
 .text.uart_stm32_poll_out
                0x0000000008002a72       0x12 /home/will/Documents/Lab5_emmaw_willg/.pio/build/kernel/zephyr/drivers/serial/libdrivers__serial.a(uart_stm32.c.o)
 .text.uart_stm32_fifo_fill
                0x0000000008002a84       0x22 /home/will/Documents/Lab5_emmaw_willg/.pio/build/kernel/zephyr/drivers/serial/libdrivers__serial.a(uart_stm32.c.o)
 .text.uart_stm32_irq_tx_complete
                0x0000000008002aa6        0xc /home/will/Documents/Lab5_emmaw_willg/.pio/build/kernel/zephyr/drivers/serial/libdrivers__serial.a(uart_stm32.c.o)
 .text.uart_stm32_irq_rx_ready
                0x0000000008002ab2        0xc /home/will/Documents/Lab5_emmaw_willg/.pio/build/kernel/zephyr/drivers/serial/libdrivers__serial.a(uart_stm32.c.o)
 .text.uart_stm32_fifo_read
                0x0000000008002abe       0x2e /home/will/Documents/Lab5_emmaw_willg/.pio/build/kernel/zephyr/drivers/serial/libdrivers__serial.a(uart_stm32.c.o)
 .text.uart_stm32_poll_in
                0x0000000008002aec       0x22 /home/will/Documents/Lab5_emmaw_willg/.pio/build/kernel/zephyr/drivers/serial/libdrivers__serial.a(uart_stm32.c.o)
 .text.uart_stm32_irq_tx_ready
                0x0000000008002b0e       0x14 /home/will/Documents/Lab5_emmaw_willg/.pio/build/kernel/zephyr/drivers/serial/libdrivers__serial.a(uart_stm32.c.o)
 .text._OffsetAbsSyms
                0x0000000008002b22        0x2 /home/will/Documents/Lab5_emmaw_willg/.pio/build/kernel/zephyr/liboffsets.a(offsets.c.o)
                0x0000000008002b22                _OffsetAbsSyms
 .text.z_device_state_init
                0x0000000008002b24        0x2 /home/will/Documents/Lab5_emmaw_willg/.pio/build/kernel/zephyr/kernel/libkernel.a(device.c.o)
                0x0000000008002b24                z_device_state_init
 .text.z_device_ready
                0x0000000008002b26       0x1a /home/will/Documents/Lab5_emmaw_willg/.pio/build/kernel/zephyr/kernel/libkernel.a(device.c.o)
                0x0000000008002b26                z_device_ready
 .text.arch_system_halt
                0x0000000008002b40        0x8 /home/will/Documents/Lab5_emmaw_willg/.pio/build/kernel/zephyr/kernel/libkernel.a(fatal.c.o)
                0x0000000008002b40                arch_system_halt
 .text.k_sys_fatal_error_handler
                0x0000000008002b48        0x6 /home/will/Documents/Lab5_emmaw_willg/.pio/build/kernel/zephyr/kernel/libkernel.a(fatal.c.o)
                0x0000000008002b48                k_sys_fatal_error_handler
 .text.z_fatal_error
                0x0000000008002b4e       0x2c /home/will/Documents/Lab5_emmaw_willg/.pio/build/kernel/zephyr/kernel/libkernel.a(fatal.c.o)
                0x0000000008002b4e                z_fatal_error
 .text.idle     0x0000000008002b7a        0xe /home/will/Documents/Lab5_emmaw_willg/.pio/build/kernel/zephyr/kernel/libkernel.a(idle.c.o)
                0x0000000008002b7a                idle
 .text.sys_dlist_remove
                0x0000000008002b88       0x10 /home/will/Documents/Lab5_emmaw_willg/.pio/build/kernel/zephyr/kernel/libkernel.a(sched.c.o)
 .text.unpend_thread_no_timeout
                0x0000000008002b98       0x16 /home/will/Documents/Lab5_emmaw_willg/.pio/build/kernel/zephyr/kernel/libkernel.a(sched.c.o)
 .text.z_unpend_thread_no_timeout
                0x0000000008002bae       0x18 /home/will/Documents/Lab5_emmaw_willg/.pio/build/kernel/zephyr/kernel/libkernel.a(sched.c.o)
                0x0000000008002bae                z_unpend_thread_no_timeout
 .text.z_reschedule_irqlock
                0x0000000008002bc6       0x1c /home/will/Documents/Lab5_emmaw_willg/.pio/build/kernel/zephyr/kernel/libkernel.a(sched.c.o)
                0x0000000008002bc6                z_reschedule_irqlock
 .text.z_reschedule_unlocked
                0x0000000008002be2        0xe /home/will/Documents/Lab5_emmaw_willg/.pio/build/kernel/zephyr/kernel/libkernel.a(sched.c.o)
 .text.z_priq_dumb_best
                0x0000000008002bf0        0xc /home/will/Documents/Lab5_emmaw_willg/.pio/build/kernel/zephyr/kernel/libkernel.a(sched.c.o)
                0x0000000008002bf0                z_priq_dumb_best
 .text.z_ready_thread
                0x0000000008002bfc       0x18 /home/will/Documents/Lab5_emmaw_willg/.pio/build/kernel/zephyr/kernel/libkernel.a(sched.c.o)
                0x0000000008002bfc                z_ready_thread
 .text.z_thread_timeout
                0x0000000008002c14       0x3e /home/will/Documents/Lab5_emmaw_willg/.pio/build/kernel/zephyr/kernel/libkernel.a(sched.c.o)
                0x0000000008002c14                z_thread_timeout
 .text.add_to_waitq_locked
                0x0000000008002c52       0x58 /home/will/Documents/Lab5_emmaw_willg/.pio/build/kernel/zephyr/kernel/libkernel.a(sched.c.o)
 .text.z_abort_timeout
                0x0000000008002caa       0x26 /home/will/Documents/Lab5_emmaw_willg/.pio/build/kernel/zephyr/kernel/libkernel.a(timeout.c.o)
                0x0000000008002caa                z_abort_timeout
 .text.z_set_timeout_expiry
                0x0000000008002cd0       0x2c /home/will/Documents/Lab5_emmaw_willg/.pio/build/kernel/zephyr/kernel/libkernel.a(timeout.c.o)
                0x0000000008002cd0                z_set_timeout_expiry
 .text.k_timer_init
                0x0000000008002cfc       0x18 /home/will/Documents/Lab5_emmaw_willg/.pio/build/kernel/zephyr/kernel/libkernel.a(timer.c.o)
                0x0000000008002cfc                k_timer_init
 .text.memcpy   0x0000000008002d14       0x12 /home/will/.platformio/packages/toolchain-gccarmnoneeabi@1.80201.181220/arm-none-eabi/lib/thumb/v6-m/nofp/libc_nano.a(lib_a-memcpy-stub.o)
                0x0000000008002d14                memcpy
 .text.memset   0x0000000008002d26       0x10 /home/will/.platformio/packages/toolchain-gccarmnoneeabi@1.80201.181220/arm-none-eabi/lib/thumb/v6-m/nofp/libc_nano.a(lib_a-memset.o)
                0x0000000008002d26                memset
 .text.strnlen  0x0000000008002d36       0x16 /home/will/.platformio/packages/toolchain-gccarmnoneeabi@1.80201.181220/arm-none-eabi/lib/thumb/v6-m/nofp/libc_nano.a(lib_a-strnlen.o)
                0x0000000008002d36                strnlen
 *(SORT_BY_ALIGNMENT(.TEXT.*))
 *(SORT_BY_ALIGNMENT(.gnu.linkonce.t.*))
 *(SORT_BY_ALIGNMENT(.glue_7t))
 .glue_7t       0x0000000008002d4c        0x0 linker stubs
 *(SORT_BY_ALIGNMENT(.glue_7))
 .glue_7        0x0000000008002d4c        0x0 linker stubs
 *(SORT_BY_ALIGNMENT(.vfp11_veneer))
 .vfp11_veneer  0x0000000008002d4c        0x0 linker stubs
 *(SORT_BY_ALIGNMENT(.v4_bx))
 .v4_bx         0x0000000008002d4c        0x0 linker stubs
                0x0000000008002d4c                __text_region_end = .

.ARM.exidx      0x0000000008002d4c        0x8
                0x0000000008002d4c                __exidx_start = .
 *(SORT_BY_ALIGNMENT(.ARM.exidx*) SORT_BY_ALIGNMENT(gnu.linkonce.armexidx.*))
 .ARM.exidx     0x0000000008002d4c        0x8 /home/will/.platformio/packages/toolchain-gccarmnoneeabi@1.80201.181220/lib/gcc/arm-none-eabi/8.2.1/thumb/v6-m/nofp/libgcc.a(_udivmoddi4.o)
                0x0000000008002d54                __exidx_end = .
                0x0000000008002d54                __rodata_region_start = .

initlevel       0x0000000008002d54       0x70
                0x0000000008002d54                __init_start = .
                0x0000000008002d54                __init_PRE_KERNEL_1_start = .
 *(SORT_BY_NAME(SORT_BY_ALIGNMENT(.z_init_PRE_KERNEL_1[0-9]_*)))
 .z_init_PRE_KERNEL_10_
                0x0000000008002d54        0x8 /home/will/Documents/Lab5_emmaw_willg/.pio/build/kernel/zephyr/libzephyr.a(soc.c.o)
 .z_init_PRE_KERNEL_11_
                0x0000000008002d5c        0x8 /home/will/Documents/Lab5_emmaw_willg/.pio/build/kernel/zephyr/libzephyr.a(soc_config.c.o)
 .z_init_PRE_KERNEL_11_
                0x0000000008002d64        0x8 /home/will/Documents/Lab5_emmaw_willg/.pio/build/kernel/zephyr/drivers/clock_control/libdrivers__clock_control.a(clock_stm32_ll_common.c.o)
 *(SORT_BY_NAME(SORT_BY_ALIGNMENT(.z_init_PRE_KERNEL_1[1-9][0-9]_*)))
 .z_init_PRE_KERNEL_140_
                0x0000000008002d6c       0x30 /home/will/Documents/Lab5_emmaw_willg/.pio/build/kernel/zephyr/drivers/gpio/libdrivers__gpio.a(gpio_stm32.c.o)
 .z_init_PRE_KERNEL_150_
                0x0000000008002d9c        0x8 /home/will/Documents/Lab5_emmaw_willg/.pio/build/kernel/zephyr/drivers/interrupt_controller/libdrivers__interrupt_controller.a(intc_exti_stm32.c.o)
 .z_init_PRE_KERNEL_155_
                0x0000000008002da4        0x8 /home/will/Documents/Lab5_emmaw_willg/.pio/build/kernel/zephyr/drivers/serial/libdrivers__serial.a(uart_stm32.c.o)
 .z_init_PRE_KERNEL_160_
                0x0000000008002dac        0x8 /home/will/Documents/Lab5_emmaw_willg/.pio/build/kernel/zephyr/drivers/console/libdrivers__console.a(uart_console.c.o)
                0x0000000008002db4                __init_PRE_KERNEL_2_start = .
 *(SORT_BY_NAME(SORT_BY_ALIGNMENT(.z_init_PRE_KERNEL_2[0-9]_*)))
 .z_init_PRE_KERNEL_20_
                0x0000000008002db4        0x8 /home/will/Documents/Lab5_emmaw_willg/.pio/build/kernel/zephyr/drivers/timer/libdrivers__timer.a(sys_clock_init.c.o)
 *(SORT_BY_NAME(SORT_BY_ALIGNMENT(.z_init_PRE_KERNEL_2[1-9][0-9]_*)))
                0x0000000008002dbc                __init_POST_KERNEL_start = .
 *(SORT_BY_NAME(SORT_BY_ALIGNMENT(.z_init_POST_KERNEL[0-9]_*)))
 *(SORT_BY_NAME(SORT_BY_ALIGNMENT(.z_init_POST_KERNEL[1-9][0-9]_*)))
                0x0000000008002dbc                __init_APPLICATION_start = .
 *(SORT_BY_NAME(SORT_BY_ALIGNMENT(.z_init_APPLICATION[0-9]_*)))
 *(SORT_BY_NAME(SORT_BY_ALIGNMENT(.z_init_APPLICATION[1-9][0-9]_*)))
 .z_init_APPLICATION40_
                0x0000000008002dbc        0x8 /home/will/Documents/Lab5_emmaw_willg/.pio/build/kernel/zephyr/lib/libc/newlib/liblib__libc__newlib.a(libc-hooks.c.o)
                0x0000000008002dc4                __init_SMP_start = .
 *(SORT_BY_NAME(SORT_BY_ALIGNMENT(.z_init_SMP[0-9]_*)))
 *(SORT_BY_NAME(SORT_BY_ALIGNMENT(.z_init_SMP[1-9][0-9]_*)))
                0x0000000008002dc4                __init_end = .

devices         0x0000000008002dc4       0xf0
                0x0000000008002dc4                __device_start = .
                0x0000000008002dc4                __device_PRE_KERNEL_1_start = .
 *(SORT_BY_NAME(SORT_BY_ALIGNMENT(.z_device_PRE_KERNEL_1[0-9]_*)))
 .z_device_PRE_KERNEL_11_
                0x0000000008002dc4       0x18 /home/will/Documents/Lab5_emmaw_willg/.pio/build/kernel/zephyr/drivers/clock_control/libdrivers__clock_control.a(clock_stm32_ll_common.c.o)
                0x0000000008002dc4                __device_dts_ord_15
 *(SORT_BY_NAME(SORT_BY_ALIGNMENT(.z_device_PRE_KERNEL_1[1-9][0-9]_*)))
 .z_device_PRE_KERNEL_140_
                0x0000000008002ddc       0x90 /home/will/Documents/Lab5_emmaw_willg/.pio/build/kernel/zephyr/drivers/gpio/libdrivers__gpio.a(gpio_stm32.c.o)
                0x0000000008002ddc                __device_dts_ord_78
                0x0000000008002df4                __device_dts_ord_77
                0x0000000008002e0c                __device_dts_ord_76
                0x0000000008002e24                __device_dts_ord_19
                0x0000000008002e3c                __device_dts_ord_75
                0x0000000008002e54                __device_dts_ord_16
 .z_device_PRE_KERNEL_150_
                0x0000000008002e6c       0x18 /home/will/Documents/Lab5_emmaw_willg/.pio/build/kernel/zephyr/drivers/interrupt_controller/libdrivers__interrupt_controller.a(intc_exti_stm32.c.o)
                0x0000000008002e6c                __device_dts_ord_37
 .z_device_PRE_KERNEL_155_
                0x0000000008002e84       0x18 /home/will/Documents/Lab5_emmaw_willg/.pio/build/kernel/zephyr/drivers/serial/libdrivers__serial.a(uart_stm32.c.o)
                0x0000000008002e84                __device_dts_ord_42
                0x0000000008002e9c                __device_PRE_KERNEL_2_start = .
 *(SORT_BY_NAME(SORT_BY_ALIGNMENT(.z_device_PRE_KERNEL_2[0-9]_*)))
 .z_device_PRE_KERNEL_20_
                0x0000000008002e9c       0x18 /home/will/Documents/Lab5_emmaw_willg/.pio/build/kernel/zephyr/drivers/timer/libdrivers__timer.a(sys_clock_init.c.o)
 *(SORT_BY_NAME(SORT_BY_ALIGNMENT(.z_device_PRE_KERNEL_2[1-9][0-9]_*)))
                0x0000000008002eb4                __device_POST_KERNEL_start = .
 *(SORT_BY_NAME(SORT_BY_ALIGNMENT(.z_device_POST_KERNEL[0-9]_*)))
 *(SORT_BY_NAME(SORT_BY_ALIGNMENT(.z_device_POST_KERNEL[1-9][0-9]_*)))
                0x0000000008002eb4                __device_APPLICATION_start = .
 *(SORT_BY_NAME(SORT_BY_ALIGNMENT(.z_device_APPLICATION[0-9]_*)))
 *(SORT_BY_NAME(SORT_BY_ALIGNMENT(.z_device_APPLICATION[1-9][0-9]_*)))
                0x0000000008002eb4                __device_SMP_start = .
 *(SORT_BY_NAME(SORT_BY_ALIGNMENT(.z_device_SMP[0-9]_*)))
 *(SORT_BY_NAME(SORT_BY_ALIGNMENT(.z_device_SMP[1-9][0-9]_*)))
                0x0000000008002eb4                __device_end = .

sw_isr_table    0x0000000008002eb4      0x100
                0x0000000008002eb4                . = ALIGN (0x0)
 *(SORT_BY_ALIGNMENT(.gnu.linkonce.sw_isr_table*))
 .gnu.linkonce.sw_isr_table
                0x0000000008002eb4      0x100 .pio/build/kernel/zephyr_final/zephyr/isr_tables.c.o
                0x0000000008002eb4                _sw_isr_table

initlevel_error
                0x0000000008002d54        0x0
 *(SORT_BY_NAME(SORT_BY_ALIGNMENT(.z_init_[_A-Z0-9]*)))
                0x0000000000000001                ASSERT ((SIZEOF (initlevel_error) == 0x0), Undefined initialization levels used.)

app_shmem_regions
                0x0000000008002fb4        0x0
                0x0000000008002fb4                __app_shmem_regions_start = .
 *(SORT_BY_NAME(SORT_BY_ALIGNMENT(.app_regions.*)))
                0x0000000008002fb4                __app_shmem_regions_end = .

bt_l2cap_fixed_chan_area
                0x0000000008002fb4        0x0
                0x0000000008002fb4                _bt_l2cap_fixed_chan_list_start = .
 *(SORT_BY_NAME(SORT_BY_ALIGNMENT(._bt_l2cap_fixed_chan.static.*)))
                0x0000000008002fb4                _bt_l2cap_fixed_chan_list_end = .

bt_gatt_service_static_area
                0x0000000008002fb4        0x0
                0x0000000008002fb4                _bt_gatt_service_static_list_start = .
 *(SORT_BY_NAME(SORT_BY_ALIGNMENT(._bt_gatt_service_static.static.*)))
                0x0000000008002fb4                _bt_gatt_service_static_list_end = .

k_p4wq_initparam_area
                0x0000000008002fb4        0x0
                0x0000000008002fb4                _k_p4wq_initparam_list_start = .
 *(SORT_BY_NAME(SORT_BY_ALIGNMENT(._k_p4wq_initparam.static.*)))
                0x0000000008002fb4                _k_p4wq_initparam_list_end = .

log_strings_sections
                0x0000000008002fb4        0x0
                0x0000000008002fb4                __log_strings_start = .
 *(SORT_BY_NAME(SORT_BY_ALIGNMENT(.log_strings*)))
                0x0000000008002fb4                __log_strings_end = .

log_const_sections
                0x0000000008002fb4        0x0
                0x0000000008002fb4                __log_const_start = .
 *(SORT_BY_NAME(SORT_BY_ALIGNMENT(.log_const_*)))
                0x0000000008002fb4                __log_const_end = .

log_backends_sections
                0x0000000008002fb4        0x0
                0x0000000008002fb4                __log_backends_start = .
 *(SORT_BY_ALIGNMENT(._log_backend.*))
                0x0000000008002fb4                __log_backends_end = .

shell_area      0x0000000008002fb4        0x0
                0x0000000008002fb4                _shell_list_start = .
 *(SORT_BY_NAME(SORT_BY_ALIGNMENT(._shell.static.*)))
                0x0000000008002fb4                _shell_list_end = .

shell_root_cmds_sections
                0x0000000008002fb4        0x0
                0x0000000008002fb4                __shell_root_cmds_start = .
 *(SORT_BY_NAME(SORT_BY_ALIGNMENT(.shell_root_cmd_*)))
                0x0000000008002fb4                __shell_root_cmds_end = .

font_entry_sections
                0x0000000008002fb4        0x0
                0x0000000008002fb4                __font_entry_start = .
 *(SORT_BY_NAME(SORT_BY_ALIGNMENT(._cfb_font.*)))
                0x0000000008002fb4                __font_entry_end = .

tracing_backend_area
                0x0000000008002fb4        0x0
                0x0000000008002fb4                _tracing_backend_list_start = .
 *(SORT_BY_NAME(SORT_BY_ALIGNMENT(._tracing_backend.static.*)))
                0x0000000008002fb4                _tracing_backend_list_end = .

zephyr_dbg_info
 *(SORT_BY_ALIGNMENT(.dbg_thread_info))

device_handles  0x0000000008002fb4       0x50
                0x0000000008002fb4                __device_handles_start = .
 *(SORT_BY_NAME(SORT_BY_ALIGNMENT(.__device_handles_pass2*)))
 .__device_handles_pass2
                0x0000000008002fb4       0x50 .pio/build/kernel/zephyr_final/zephyr/dev_handles.c.o
                0x0000000008002fb4                __devicehdl_sys_init_sys_clock_driver_init0
                0x0000000008002fb8                __devicehdl_DT_N_S_soc_S_serial_40013800
                0x0000000008002fc6                __devicehdl_DT_N_S_soc_S_interrupt_controller_40010400
                0x0000000008002fcc                __devicehdl_DT_N_S_soc_S_pin_controller_48000000_S_gpio_48000000
                0x0000000008002fd4                __devicehdl_DT_N_S_soc_S_pin_controller_48000000_S_gpio_48000400
                0x0000000008002fdc                __devicehdl_DT_N_S_soc_S_pin_controller_48000000_S_gpio_48000800
                0x0000000008002fe4                __devicehdl_DT_N_S_soc_S_pin_controller_48000000_S_gpio_48000c00
                0x0000000008002fec                __devicehdl_DT_N_S_soc_S_pin_controller_48000000_S_gpio_48001000
                0x0000000008002ff4                __devicehdl_DT_N_S_soc_S_pin_controller_48000000_S_gpio_48001400
                0x0000000008002ffc                __devicehdl_DT_N_S_soc_S_rcc_40021000
                0x0000000008003004                __device_handles_end = .

rodata          0x0000000008003004      0x328
 *(SORT_BY_ALIGNMENT(.rodata))
 *(SORT_BY_ALIGNMENT(.rodata.*))
 .rodata.gpio_ports
                0x0000000008003004       0x2c /home/will/Documents/Lab5_emmaw_willg/.pio/build/kernel/zephyr/libzephyr.a(pinmux_stm32.c.o)
                0x0000000008003004                gpio_ports
 .rodata.gpio_stm32_cfg_a
                0x0000000008003030       0x14 /home/will/Documents/Lab5_emmaw_willg/.pio/build/kernel/zephyr/drivers/gpio/libdrivers__gpio.a(gpio_stm32.c.o)
 .rodata.gpio_stm32_cfg_b
                0x0000000008003044       0x14 /home/will/Documents/Lab5_emmaw_willg/.pio/build/kernel/zephyr/drivers/gpio/libdrivers__gpio.a(gpio_stm32.c.o)
 .rodata.gpio_stm32_cfg_c
                0x0000000008003058       0x14 /home/will/Documents/Lab5_emmaw_willg/.pio/build/kernel/zephyr/drivers/gpio/libdrivers__gpio.a(gpio_stm32.c.o)
 .rodata.gpio_stm32_cfg_d
                0x000000000800306c       0x14 /home/will/Documents/Lab5_emmaw_willg/.pio/build/kernel/zephyr/drivers/gpio/libdrivers__gpio.a(gpio_stm32.c.o)
 .rodata.gpio_stm32_cfg_e
                0x0000000008003080       0x14 /home/will/Documents/Lab5_emmaw_willg/.pio/build/kernel/zephyr/drivers/gpio/libdrivers__gpio.a(gpio_stm32.c.o)
 .rodata.gpio_stm32_cfg_f
                0x0000000008003094       0x14 /home/will/Documents/Lab5_emmaw_willg/.pio/build/kernel/zephyr/drivers/gpio/libdrivers__gpio.a(gpio_stm32.c.o)
 .rodata.gpio_stm32_driver
                0x00000000080030a8       0x24 /home/will/Documents/Lab5_emmaw_willg/.pio/build/kernel/zephyr/drivers/gpio/libdrivers__gpio.a(gpio_stm32.c.o)
 .rodata.uart_pins_0
                0x00000000080030cc       0x10 /home/will/Documents/Lab5_emmaw_willg/.pio/build/kernel/zephyr/drivers/serial/libdrivers__serial.a(uart_stm32.c.o)
 .rodata.uart_stm32_cfg_0
                0x00000000080030dc       0x24 /home/will/Documents/Lab5_emmaw_willg/.pio/build/kernel/zephyr/drivers/serial/libdrivers__serial.a(uart_stm32.c.o)
 .rodata.uart_stm32_driver_api
                0x0000000008003100       0x4c /home/will/Documents/Lab5_emmaw_willg/.pio/build/kernel/zephyr/drivers/serial/libdrivers__serial.a(uart_stm32.c.o)
 .rodata.levels.7564
                0x000000000800314c       0x14 /home/will/Documents/Lab5_emmaw_willg/.pio/build/kernel/zephyr/kernel/libkernel.a(device.c.o)
 .rodata._k_neg_eagain
                0x0000000008003160        0x4 /home/will/Documents/Lab5_emmaw_willg/.pio/build/kernel/zephyr/kernel/libkernel.a(errno.c.o)
                0x0000000008003160                _k_neg_eagain
 .rodata.CSWTCH.148
                0x0000000008003164        0x6 /home/will/Documents/Lab5_emmaw_willg/.pio/build/kernel/zephyr/drivers/serial/libdrivers__serial.a(uart_stm32.c.o)
 .rodata.kernel_main.str1.1
                0x000000000800316a        0x6 .pio/build/kernel/src/kernel.o
 .rodata.cbvprintf.str1.1
                0x0000000008003170        0x6 /home/will/Documents/Lab5_emmaw_willg/.pio/build/kernel/zephyr/libzephyr.a(cbprintf_complete.c.o)
 .rodata.exti_irq_table
                0x0000000008003176       0x10 /home/will/Documents/Lab5_emmaw_willg/.pio/build/kernel/zephyr/drivers/interrupt_controller/libdrivers__interrupt_controller.a(intc_exti_stm32.c.o)
                0x0000000008003176                exti_irq_table
 .rodata.str1.1
                0x0000000008003186       0x1e /home/will/Documents/Lab5_emmaw_willg/.pio/build/kernel/zephyr/drivers/interrupt_controller/libdrivers__interrupt_controller.a(intc_exti_stm32.c.o)
 .rodata.str1.1
                0x00000000080031a4        0xd /home/will/Documents/Lab5_emmaw_willg/.pio/build/kernel/zephyr/drivers/clock_control/libdrivers__clock_control.a(clock_stm32_ll_common.c.o)
 .rodata.str1.1
                0x00000000080031b1       0x1e /home/will/Documents/Lab5_emmaw_willg/.pio/build/kernel/zephyr/drivers/gpio/libdrivers__gpio.a(gpio_stm32.c.o)
                                         0x24 (size before relaxing)
 .rodata.str1.1
                0x00000000080031cf        0x7 /home/will/Documents/Lab5_emmaw_willg/.pio/build/kernel/zephyr/drivers/serial/libdrivers__serial.a(uart_stm32.c.o)
 .rodata.str1.1
                0x00000000080031d6        0xa /home/will/Documents/Lab5_emmaw_willg/.pio/build/kernel/zephyr/drivers/timer/libdrivers__timer.a(sys_clock_init.c.o)
 .rodata.AHBPrescTable
                0x00000000080031e0       0x10 /home/will/Documents/Lab5_emmaw_willg/.pio/build/kernel/modules/stm32/stm32cube/lib_pio__modules__hal__stm32__stm32cube.a(system_stm32f0xx.c.o)
                0x00000000080031e0                AHBPrescTable
 .rodata.z_cstart.str1.1
                0x00000000080031f0        0x5 /home/will/Documents/Lab5_emmaw_willg/.pio/build/kernel/zephyr/kernel/libkernel.a(init.c.o)
 .rodata.boot_banner.str1.1
                0x00000000080031f5       0x35 /home/will/Documents/Lab5_emmaw_willg/.pio/build/kernel/zephyr/kernel/libkernel.a(banner.c.o)
                                         0x36 (size before relaxing)
 .rodata._ctype_
                0x000000000800322a      0x101 /home/will/.platformio/packages/toolchain-gccarmnoneeabi@1.80201.181220/arm-none-eabi/lib/thumb/v6-m/nofp/libc_nano.a(lib_a-ctype_.o)
                0x000000000800322a                _ctype_
 *(SORT_BY_ALIGNMENT(.gnu.linkonce.r.*))
                0x000000000800332c                . = ALIGN (0x4)
 *fill*         0x000000000800332b        0x1 
                0x000000000800332c                __rodata_region_end = .
                0x000000000800332c                . = ALIGN (_region_min_align)
                0x000000000800332c                __rom_region_end = .
                0x0000000020000000                . = 0x20000000
                0x0000000020000000                . = ALIGN (_region_min_align)
                0x0000000020000000                _image_ram_start = .

.st_stm32f0x_vt
                0x0000000020000000       0xc0
                0x0000000020000000                _ram_vector_start = .
                0x00000000200000c0                . = (. + (_vector_end - _vector_start))
 *fill*         0x0000000020000000       0xc0 
                0x00000000200000c0                _ram_vector_end = .

.ramfunc        0x00000000200000c0        0x0 load address 0x000000000800332c
                0x00000000200000c0                . = ALIGN (_region_min_align)
                0x00000000200000c0                __ramfunc_start = .
 *(SORT_BY_ALIGNMENT(.ramfunc))
 *(SORT_BY_ALIGNMENT(.ramfunc.*))
                0x00000000200000c0                . = ALIGN (_region_min_align)
                0x00000000200000c0                __ramfunc_end = .
                0x0000000000000000                __ramfunc_size = (__ramfunc_end - __ramfunc_start)
                0x000000000800332c                __ramfunc_load_start = LOADADDR (.ramfunc)

datas           0x00000000200000c0       0x38 load address 0x000000000800332c
                0x00000000200000c0                __data_region_start = .
                0x00000000200000c0                __data_start = .
 *(SORT_BY_ALIGNMENT(.data))
 *(SORT_BY_ALIGNMENT(.data.*))
 .data._char_out
                0x00000000200000c0        0x4 /home/will/Documents/Lab5_emmaw_willg/.pio/build/kernel/zephyr/libzephyr.a(printk.c.o)
                0x00000000200000c0                _char_out
 .data._stdout_hook
                0x00000000200000c4        0x4 /home/will/Documents/Lab5_emmaw_willg/.pio/build/kernel/zephyr/lib/libc/newlib/liblib__libc__newlib.a(libc-hooks.c.o)
 .data.stm32_clock_control_api
                0x00000000200000c8       0x14 /home/will/Documents/Lab5_emmaw_willg/.pio/build/kernel/zephyr/drivers/clock_control/libdrivers__clock_control.a(clock_stm32_ll_common.c.o)
 .data.uart_stm32_data_0
                0x00000000200000dc       0x10 /home/will/Documents/Lab5_emmaw_willg/.pio/build/kernel/zephyr/drivers/serial/libdrivers__serial.a(uart_stm32.c.o)
 .data.SystemCoreClock
                0x00000000200000ec        0x4 /home/will/Documents/Lab5_emmaw_willg/.pio/build/kernel/modules/stm32/stm32cube/lib_pio__modules__hal__stm32__stm32cube.a(system_stm32f0xx.c.o)
                0x00000000200000ec                SystemCoreClock
 .data.timeout_list
                0x00000000200000f0        0x8 /home/will/Documents/Lab5_emmaw_willg/.pio/build/kernel/zephyr/kernel/libkernel.a(timeout.c.o)
 *(SORT_BY_ALIGNMENT(.kernel.*))
                0x00000000200000f8                __data_end = .
                0x0000000000000038                __data_size = (__data_end - __data_start)
                0x000000000800332c                __data_load_start = LOADADDR (datas)
                0x000000000800332c                __data_region_load_start = LOADADDR (datas)

device_states   0x00000000200000f8       0x28 load address 0x0000000008003364
                0x00000000200000f8                __device_states_start = .
 *(SORT_BY_ALIGNMENT(.z_devstate))
 .z_devstate    0x00000000200000f8        0x4 /home/will/Documents/Lab5_emmaw_willg/.pio/build/kernel/zephyr/drivers/interrupt_controller/libdrivers__interrupt_controller.a(intc_exti_stm32.c.o)
 .z_devstate    0x00000000200000fc        0x4 /home/will/Documents/Lab5_emmaw_willg/.pio/build/kernel/zephyr/drivers/clock_control/libdrivers__clock_control.a(clock_stm32_ll_common.c.o)
 .z_devstate    0x0000000020000100       0x18 /home/will/Documents/Lab5_emmaw_willg/.pio/build/kernel/zephyr/drivers/gpio/libdrivers__gpio.a(gpio_stm32.c.o)
 .z_devstate    0x0000000020000118        0x4 /home/will/Documents/Lab5_emmaw_willg/.pio/build/kernel/zephyr/drivers/serial/libdrivers__serial.a(uart_stm32.c.o)
 .z_devstate    0x000000002000011c        0x4 /home/will/Documents/Lab5_emmaw_willg/.pio/build/kernel/zephyr/drivers/timer/libdrivers__timer.a(sys_clock_init.c.o)
 *(SORT_BY_ALIGNMENT(.z_devstate.*))
                0x0000000020000120                __device_states_end = .

initshell       0x0000000020000120        0x0 load address 0x000000000800338c
                0x0000000020000120                __shell_module_start = .
 *(SORT_BY_ALIGNMENT(.shell_module_*))
                0x0000000020000120                __shell_module_end = .
                0x0000000020000120                __shell_cmd_start = .
 *(SORT_BY_ALIGNMENT(.shell_cmd_*))
                0x0000000020000120                __shell_cmd_end = .

log_dynamic_sections
                0x0000000020000120        0x0 load address 0x000000000800338c
                0x0000000020000120                __log_dynamic_start = .
 *(SORT_BY_NAME(SORT_BY_ALIGNMENT(.log_dynamic_*)))
                0x0000000020000120                __log_dynamic_end = .

_static_thread_data_area
                0x0000000020000120        0x0 load address 0x000000000800338c
                0x0000000020000120                __static_thread_data_list_start = .
 *(SORT_BY_NAME(SORT_BY_ALIGNMENT(.__static_thread_data.static.*)))
                0x0000000020000120                __static_thread_data_list_end = .

k_timer_area    0x0000000020000120        0x0 load address 0x000000000800338c
                0x0000000020000120                _k_timer_list_start = .
 *(SORT_BY_NAME(SORT_BY_ALIGNMENT(._k_timer.static.*)))
                0x0000000020000120                _k_timer_list_end = .

k_mem_slab_area
                0x0000000020000120        0x0 load address 0x000000000800338c
                0x0000000020000120                _k_mem_slab_list_start = .
 *(SORT_BY_NAME(SORT_BY_ALIGNMENT(._k_mem_slab.static.*)))
                0x0000000020000120                _k_mem_slab_list_end = .

k_mem_pool_area
                0x0000000020000120        0x0 load address 0x000000000800338c
                0x0000000020000120                _k_mem_pool_list_start = .
 *(SORT_BY_NAME(SORT_BY_ALIGNMENT(._k_mem_pool.static.*)))
                0x0000000020000120                _k_mem_pool_list_end = .

k_heap_area     0x0000000020000120        0x0 load address 0x000000000800338c
                0x0000000020000120                _k_heap_list_start = .
 *(SORT_BY_NAME(SORT_BY_ALIGNMENT(._k_heap.static.*)))
                0x0000000020000120                _k_heap_list_end = .

k_mutex_area    0x0000000020000120        0x0 load address 0x000000000800338c
                0x0000000020000120                _k_mutex_list_start = .
 *(SORT_BY_NAME(SORT_BY_ALIGNMENT(._k_mutex.static.*)))
                0x0000000020000120                _k_mutex_list_end = .

k_stack_area    0x0000000020000120        0x0 load address 0x000000000800338c
                0x0000000020000120                _k_stack_list_start = .
 *(SORT_BY_NAME(SORT_BY_ALIGNMENT(._k_stack.static.*)))
                0x0000000020000120                _k_stack_list_end = .

k_msgq_area     0x0000000020000120        0x0 load address 0x000000000800338c
                0x0000000020000120                _k_msgq_list_start = .
 *(SORT_BY_NAME(SORT_BY_ALIGNMENT(._k_msgq.static.*)))
                0x0000000020000120                _k_msgq_list_end = .

k_mbox_area     0x0000000020000120        0x0 load address 0x000000000800338c
                0x0000000020000120                _k_mbox_list_start = .
 *(SORT_BY_NAME(SORT_BY_ALIGNMENT(._k_mbox.static.*)))
                0x0000000020000120                _k_mbox_list_end = .

k_pipe_area     0x0000000020000120        0x0 load address 0x000000000800338c
                0x0000000020000120                _k_pipe_list_start = .
 *(SORT_BY_NAME(SORT_BY_ALIGNMENT(._k_pipe.static.*)))
                0x0000000020000120                _k_pipe_list_end = .

k_sem_area      0x0000000020000120        0x0 load address 0x000000000800338c
                0x0000000020000120                _k_sem_list_start = .
 *(SORT_BY_NAME(SORT_BY_ALIGNMENT(._k_sem.static.*)))
                0x0000000020000120                _k_sem_list_end = .

k_queue_area    0x0000000020000120        0x0 load address 0x000000000800338c
                0x0000000020000120                _k_queue_list_start = .
 *(SORT_BY_NAME(SORT_BY_ALIGNMENT(._k_queue.static.*)))
                0x0000000020000120                _k_queue_list_end = .

k_condvar_area  0x0000000020000120        0x0 load address 0x000000000800338c
                0x0000000020000120                _k_condvar_list_start = .
 *(SORT_BY_NAME(SORT_BY_ALIGNMENT(._k_condvar.static.*)))
                0x0000000020000120                _k_condvar_list_end = .

_net_buf_pool_area
                0x0000000020000120        0x0 load address 0x000000000800338c
                0x0000000020000120                _net_buf_pool_list = .
 *(SORT_BY_NAME(SORT_BY_ALIGNMENT(._net_buf_pool.static.*)))
                0x0000000020000120                __data_region_end = .

bss             0x0000000020000120      0x211
                0x0000000020000120                . = ALIGN (0x4)
                0x0000000020000120                __bss_start = .
                0x0000000020000120                __kernel_ram_start = .
 *(SORT_BY_ALIGNMENT(.bss))
 *(SORT_BY_ALIGNMENT(.bss.*))
 .bss.z_idle_threads
                0x0000000020000120       0x70 /home/will/Documents/Lab5_emmaw_willg/.pio/build/kernel/zephyr/kernel/libkernel.a(init.c.o)
                0x0000000020000120                z_idle_threads
 .bss.z_main_thread
                0x0000000020000190       0x70 /home/will/Documents/Lab5_emmaw_willg/.pio/build/kernel/zephyr/kernel/libkernel.a(init.c.o)
                0x0000000020000190                z_main_thread
 .bss.curr_tick
                0x0000000020000200        0x8 /home/will/Documents/Lab5_emmaw_willg/.pio/build/kernel/zephyr/kernel/libkernel.a(timeout.c.o)
 .bss.exti_data
                0x0000000020000208       0x80 /home/will/Documents/Lab5_emmaw_willg/.pio/build/kernel/zephyr/drivers/interrupt_controller/libdrivers__interrupt_controller.a(intc_exti_stm32.c.o)
 .bss.uart_console_dev
                0x0000000020000288        0x4 /home/will/Documents/Lab5_emmaw_willg/.pio/build/kernel/zephyr/drivers/console/libdrivers__console.a(uart_console.c.o)
 .bss.gpio_stm32_data_a
                0x000000002000028c       0x10 /home/will/Documents/Lab5_emmaw_willg/.pio/build/kernel/zephyr/drivers/gpio/libdrivers__gpio.a(gpio_stm32.c.o)
 .bss.gpio_stm32_data_b
                0x000000002000029c       0x10 /home/will/Documents/Lab5_emmaw_willg/.pio/build/kernel/zephyr/drivers/gpio/libdrivers__gpio.a(gpio_stm32.c.o)
 .bss.gpio_stm32_data_c
                0x00000000200002ac       0x10 /home/will/Documents/Lab5_emmaw_willg/.pio/build/kernel/zephyr/drivers/gpio/libdrivers__gpio.a(gpio_stm32.c.o)
 .bss.gpio_stm32_data_d
                0x00000000200002bc       0x10 /home/will/Documents/Lab5_emmaw_willg/.pio/build/kernel/zephyr/drivers/gpio/libdrivers__gpio.a(gpio_stm32.c.o)
 .bss.gpio_stm32_data_e
                0x00000000200002cc       0x10 /home/will/Documents/Lab5_emmaw_willg/.pio/build/kernel/zephyr/drivers/gpio/libdrivers__gpio.a(gpio_stm32.c.o)
 .bss.gpio_stm32_data_f
                0x00000000200002dc       0x10 /home/will/Documents/Lab5_emmaw_willg/.pio/build/kernel/zephyr/drivers/gpio/libdrivers__gpio.a(gpio_stm32.c.o)
 .bss.announced_cycles
                0x00000000200002ec        0x4 /home/will/Documents/Lab5_emmaw_willg/.pio/build/kernel/zephyr/drivers/timer/libdrivers__timer.a(cortex_m_systick.c.o)
 .bss.cycle_count
                0x00000000200002f0        0x4 /home/will/Documents/Lab5_emmaw_willg/.pio/build/kernel/zephyr/drivers/timer/libdrivers__timer.a(cortex_m_systick.c.o)
 .bss.last_load
                0x00000000200002f4        0x4 /home/will/Documents/Lab5_emmaw_willg/.pio/build/kernel/zephyr/drivers/timer/libdrivers__timer.a(cortex_m_systick.c.o)
 .bss.overflow_cyc
                0x00000000200002f8        0x4 /home/will/Documents/Lab5_emmaw_willg/.pio/build/kernel/zephyr/drivers/timer/libdrivers__timer.a(cortex_m_systick.c.o)
 .bss._kernel   0x00000000200002fc       0x24 /home/will/Documents/Lab5_emmaw_willg/.pio/build/kernel/zephyr/kernel/libkernel.a(init.c.o)
                0x00000000200002fc                _kernel
 .bss.pending_current
                0x0000000020000320        0x4 /home/will/Documents/Lab5_emmaw_willg/.pio/build/kernel/zephyr/kernel/libkernel.a(sched.c.o)
 .bss.slice_max_prio
                0x0000000020000324        0x4 /home/will/Documents/Lab5_emmaw_willg/.pio/build/kernel/zephyr/kernel/libkernel.a(sched.c.o)
 .bss.slice_time
                0x0000000020000328        0x4 /home/will/Documents/Lab5_emmaw_willg/.pio/build/kernel/zephyr/kernel/libkernel.a(sched.c.o)
 .bss.announce_remaining
                0x000000002000032c        0x4 /home/will/Documents/Lab5_emmaw_willg/.pio/build/kernel/zephyr/kernel/libkernel.a(timeout.c.o)
 .bss.z_sys_post_kernel
                0x0000000020000330        0x1 /home/will/Documents/Lab5_emmaw_willg/.pio/build/kernel/zephyr/kernel/libkernel.a(init.c.o)
                0x0000000020000330                z_sys_post_kernel
 .bss.sched_spinlock
                0x0000000020000331        0x0 /home/will/Documents/Lab5_emmaw_willg/.pio/build/kernel/zephyr/kernel/libkernel.a(sched.c.o)
                0x0000000020000331                sched_spinlock
 .bss.lock      0x0000000020000331        0x0 /home/will/Documents/Lab5_emmaw_willg/.pio/build/kernel/zephyr/kernel/libkernel.a(timer.c.o)
 *(SORT_BY_ALIGNMENT(COMMON))
 *(SORT_BY_ALIGNMENT(.kernel_bss.*))
                0x0000000020000334                __bss_end = ALIGN (0x4)

noinit          0x0000000020000338      0xd00
 *(SORT_BY_ALIGNMENT(.noinit))
 *(SORT_BY_ALIGNMENT(.noinit.*))
 .noinit."ZEPHYR_BASE/kernel/init.c".1
                0x0000000020000338      0x400 /home/will/Documents/Lab5_emmaw_willg/.pio/build/kernel/zephyr/kernel/libkernel.a(init.c.o)
                0x0000000020000338                z_main_stack
 .noinit."ZEPHYR_BASE/kernel/init.c".2
                0x0000000020000738      0x100 /home/will/Documents/Lab5_emmaw_willg/.pio/build/kernel/zephyr/kernel/libkernel.a(init.c.o)
 .noinit."ZEPHYR_BASE/kernel/init.c".3
                0x0000000020000838      0x800 /home/will/Documents/Lab5_emmaw_willg/.pio/build/kernel/zephyr/kernel/libkernel.a(init.c.o)
                0x0000000020000838                z_interrupt_stacks
 *(SORT_BY_ALIGNMENT(.kernel_noinit.*))
                0x0000000020001038                _image_ram_end = .
                0x0000000020001038                _end = .
                0x0000000020004000                __kernel_ram_end = 0x20004000
                0x0000000000003ee0                __kernel_ram_size = (__kernel_ram_end - __kernel_ram_start)

.stab
 *(SORT_BY_ALIGNMENT(.stab))

.stabstr
 *(SORT_BY_ALIGNMENT(.stabstr))

.stab.excl
 *(SORT_BY_ALIGNMENT(.stab.excl))

.stab.exclstr
 *(SORT_BY_ALIGNMENT(.stab.exclstr))

.stab.index
 *(SORT_BY_ALIGNMENT(.stab.index))

.stab.indexstr
 *(SORT_BY_ALIGNMENT(.stab.indexstr))

.gnu.build.attributes
 *(SORT_BY_ALIGNMENT(.gnu.build.attributes) SORT_BY_ALIGNMENT(.gnu.build.attributes.*))

.comment        0x0000000000000000       0x75
 *(SORT_BY_ALIGNMENT(.comment))
 .comment       0x0000000000000000       0x75 .pio/build/kernel/src/kernel.o
                                         0x76 (size before relaxing)
 .comment       0x0000000000000075       0x76 .pio/build/kernel/src/main.o
 .comment       0x0000000000000075       0x76 .pio/build/kernel/zephyr_final/zephyr/isr_tables.c.o
 .comment       0x0000000000000075       0x76 .pio/build/kernel/zephyr_final/zephyr/dev_handles.c.o
 .comment       0x0000000000000075       0x76 /home/will/Documents/Lab5_emmaw_willg/.pio/build/kernel/zephyr/libzephyr.a(printk.c.o)
 .comment       0x0000000000000075       0x76 /home/will/Documents/Lab5_emmaw_willg/.pio/build/kernel/zephyr/libzephyr.a(thread_entry.c.o)
 .comment       0x0000000000000075       0x76 /home/will/Documents/Lab5_emmaw_willg/.pio/build/kernel/zephyr/libzephyr.a(cbprintf_complete.c.o)
 .comment       0x0000000000000075       0x76 /home/will/Documents/Lab5_emmaw_willg/.pio/build/kernel/zephyr/libzephyr.a(configs.c.o)
 .comment       0x0000000000000075       0x76 /home/will/Documents/Lab5_emmaw_willg/.pio/build/kernel/zephyr/libzephyr.a(soc.c.o)
 .comment       0x0000000000000075       0x76 /home/will/Documents/Lab5_emmaw_willg/.pio/build/kernel/zephyr/libzephyr.a(soc_config.c.o)
 .comment       0x0000000000000075       0x76 /home/will/Documents/Lab5_emmaw_willg/.pio/build/kernel/zephyr/libzephyr.a(pinmux_stm32.c.o)
 .comment       0x0000000000000075       0x76 /home/will/Documents/Lab5_emmaw_willg/.pio/build/kernel/zephyr/arch/arch/arm/core/aarch32/libarch__arm__core__aarch32.a(fatal.c.o)
 .comment       0x0000000000000075       0x76 /home/will/Documents/Lab5_emmaw_willg/.pio/build/kernel/zephyr/arch/arch/arm/core/aarch32/libarch__arm__core__aarch32.a(irq_manage.c.o)
 .comment       0x0000000000000075       0x76 /home/will/Documents/Lab5_emmaw_willg/.pio/build/kernel/zephyr/arch/arch/arm/core/aarch32/libarch__arm__core__aarch32.a(nmi.c.o)
 .comment       0x0000000000000075       0x76 /home/will/Documents/Lab5_emmaw_willg/.pio/build/kernel/zephyr/arch/arch/arm/core/aarch32/libarch__arm__core__aarch32.a(prep_c.c.o)
 .comment       0x0000000000000075       0x76 /home/will/Documents/Lab5_emmaw_willg/.pio/build/kernel/zephyr/arch/arch/arm/core/aarch32/libarch__arm__core__aarch32.a(swap.c.o)
 .comment       0x0000000000000075       0x76 /home/will/Documents/Lab5_emmaw_willg/.pio/build/kernel/zephyr/arch/arch/arm/core/aarch32/libarch__arm__core__aarch32.a(thread.c.o)
 .comment       0x0000000000000075       0x76 /home/will/Documents/Lab5_emmaw_willg/.pio/build/kernel/zephyr/arch/arch/arm/core/aarch32/cortex_m/libarch__arm__core__aarch32__cortex_m.a(fault.c.o)
 .comment       0x0000000000000075       0x76 /home/will/Documents/Lab5_emmaw_willg/.pio/build/kernel/zephyr/arch/arch/arm/core/aarch32/cortex_m/libarch__arm__core__aarch32__cortex_m.a(irq_init.c.o)
 .comment       0x0000000000000075       0x76 /home/will/Documents/Lab5_emmaw_willg/.pio/build/kernel/zephyr/arch/arch/arm/core/aarch32/cortex_m/libarch__arm__core__aarch32__cortex_m.a(thread_abort.c.o)
 .comment       0x0000000000000075       0x76 /home/will/Documents/Lab5_emmaw_willg/.pio/build/kernel/zephyr/lib/libc/newlib/liblib__libc__newlib.a(libc-hooks.c.o)
 .comment       0x0000000000000075       0x76 /home/will/Documents/Lab5_emmaw_willg/.pio/build/kernel/zephyr/drivers/interrupt_controller/libdrivers__interrupt_controller.a(intc_exti_stm32.c.o)
 .comment       0x0000000000000075       0x76 /home/will/Documents/Lab5_emmaw_willg/.pio/build/kernel/zephyr/drivers/clock_control/libdrivers__clock_control.a(clock_stm32_ll_common.c.o)
 .comment       0x0000000000000075       0x76 /home/will/Documents/Lab5_emmaw_willg/.pio/build/kernel/zephyr/drivers/clock_control/libdrivers__clock_control.a(clock_stm32f0_f3.c.o)
 .comment       0x0000000000000075       0x76 /home/will/Documents/Lab5_emmaw_willg/.pio/build/kernel/zephyr/drivers/console/libdrivers__console.a(uart_console.c.o)
 .comment       0x0000000000000075       0x76 /home/will/Documents/Lab5_emmaw_willg/.pio/build/kernel/zephyr/drivers/gpio/libdrivers__gpio.a(gpio_stm32.c.o)
 .comment       0x0000000000000075       0x76 /home/will/Documents/Lab5_emmaw_willg/.pio/build/kernel/zephyr/drivers/serial/libdrivers__serial.a(uart_stm32.c.o)
 .comment       0x0000000000000075       0x76 /home/will/Documents/Lab5_emmaw_willg/.pio/build/kernel/zephyr/drivers/timer/libdrivers__timer.a(sys_clock_init.c.o)
 .comment       0x0000000000000075       0x76 /home/will/Documents/Lab5_emmaw_willg/.pio/build/kernel/zephyr/drivers/timer/libdrivers__timer.a(cortex_m_systick.c.o)
 .comment       0x0000000000000075       0x76 /home/will/Documents/Lab5_emmaw_willg/.pio/build/kernel/modules/stm32/stm32cube/lib_pio__modules__hal__stm32__stm32cube.a(system_stm32f0xx.c.o)
 .comment       0x0000000000000075       0x76 /home/will/Documents/Lab5_emmaw_willg/.pio/build/kernel/modules/stm32/stm32cube/lib_pio__modules__hal__stm32__stm32cube.a(stm32f0xx_ll_utils.c.o)
 .comment       0x0000000000000075       0x76 /home/will/Documents/Lab5_emmaw_willg/.pio/build/kernel/zephyr/liboffsets.a(offsets.c.o)
 .comment       0x0000000000000075       0x76 /home/will/Documents/Lab5_emmaw_willg/.pio/build/kernel/zephyr/kernel/libkernel.a(device.c.o)
 .comment       0x0000000000000075       0x76 /home/will/Documents/Lab5_emmaw_willg/.pio/build/kernel/zephyr/kernel/libkernel.a(errno.c.o)
 .comment       0x0000000000000075       0x76 /home/will/Documents/Lab5_emmaw_willg/.pio/build/kernel/zephyr/kernel/libkernel.a(fatal.c.o)
 .comment       0x0000000000000075       0x76 /home/will/Documents/Lab5_emmaw_willg/.pio/build/kernel/zephyr/kernel/libkernel.a(init.c.o)
 .comment       0x0000000000000075       0x76 /home/will/Documents/Lab5_emmaw_willg/.pio/build/kernel/zephyr/kernel/libkernel.a(thread.c.o)
 .comment       0x0000000000000075       0x76 /home/will/Documents/Lab5_emmaw_willg/.pio/build/kernel/zephyr/kernel/libkernel.a(idle.c.o)
 .comment       0x0000000000000075       0x76 /home/will/Documents/Lab5_emmaw_willg/.pio/build/kernel/zephyr/kernel/libkernel.a(sched.c.o)
 .comment       0x0000000000000075       0x76 /home/will/Documents/Lab5_emmaw_willg/.pio/build/kernel/zephyr/kernel/libkernel.a(xip.c.o)
 .comment       0x0000000000000075       0x76 /home/will/Documents/Lab5_emmaw_willg/.pio/build/kernel/zephyr/kernel/libkernel.a(timeout.c.o)
 .comment       0x0000000000000075       0x76 /home/will/Documents/Lab5_emmaw_willg/.pio/build/kernel/zephyr/kernel/libkernel.a(timer.c.o)
 .comment       0x0000000000000075       0x76 /home/will/Documents/Lab5_emmaw_willg/.pio/build/kernel/zephyr/kernel/libkernel.a(banner.c.o)

.debug
 *(SORT_BY_ALIGNMENT(.debug))

.line
 *(SORT_BY_ALIGNMENT(.line))

.debug_srcinfo
 *(SORT_BY_ALIGNMENT(.debug_srcinfo))

.debug_sfnames
 *(SORT_BY_ALIGNMENT(.debug_sfnames))

.debug_aranges  0x0000000000000000      0xd88
 *(SORT_BY_ALIGNMENT(.debug_aranges))
 .debug_aranges
                0x0000000000000000       0x30 /home/will/Documents/Lab5_emmaw_willg/.pio/build/kernel/zephyr/arch/arch/arm/core/aarch32/libarch__arm__core__aarch32.a(cpu_idle.S.o)
 .debug_aranges
                0x0000000000000030       0x20 /home/will/Documents/Lab5_emmaw_willg/.pio/build/kernel/zephyr/arch/arch/arm/core/aarch32/libarch__arm__core__aarch32.a(nmi_on_reset.S.o)
 .debug_aranges
                0x0000000000000050       0x28 /home/will/Documents/Lab5_emmaw_willg/.pio/build/kernel/zephyr/arch/arch/arm/core/aarch32/libarch__arm__core__aarch32.a(swap_helper.S.o)
 .debug_aranges
                0x0000000000000078       0x20 /home/will/Documents/Lab5_emmaw_willg/.pio/build/kernel/zephyr/arch/arch/arm/core/aarch32/libarch__arm__core__aarch32.a(isr_wrapper.S.o)
 .debug_aranges
                0x0000000000000098       0x20 /home/will/Documents/Lab5_emmaw_willg/.pio/build/kernel/zephyr/arch/arch/arm/core/aarch32/cortex_m/libarch__arm__core__aarch32__cortex_m.a(exc_exit.S.o)
 .debug_aranges
                0x00000000000000b8       0x20 /home/will/Documents/Lab5_emmaw_willg/.pio/build/kernel/zephyr/arch/arch/arm/core/aarch32/cortex_m/libarch__arm__core__aarch32__cortex_m.a(fault_s.S.o)
 .debug_aranges
                0x00000000000000d8       0x20 /home/will/Documents/Lab5_emmaw_willg/.pio/build/kernel/zephyr/arch/arch/arm/core/aarch32/cortex_m/libarch__arm__core__aarch32__cortex_m.a(reset.S.o)
 .debug_aranges
                0x00000000000000f8       0x20 .pio/build/kernel/src/kernel.o
 .debug_aranges
                0x0000000000000118       0x20 .pio/build/kernel/src/main.o
 .debug_aranges
                0x0000000000000138       0x18 .pio/build/kernel/zephyr_final/zephyr/isr_tables.c.o
 .debug_aranges
                0x0000000000000150       0x18 .pio/build/kernel/zephyr_final/zephyr/dev_handles.c.o
 .debug_aranges
                0x0000000000000168       0x68 /home/will/Documents/Lab5_emmaw_willg/.pio/build/kernel/zephyr/libzephyr.a(printk.c.o)
 .debug_aranges
                0x00000000000001d0       0x20 /home/will/Documents/Lab5_emmaw_willg/.pio/build/kernel/zephyr/libzephyr.a(thread_entry.c.o)
 .debug_aranges
                0x00000000000001f0       0x38 /home/will/Documents/Lab5_emmaw_willg/.pio/build/kernel/zephyr/libzephyr.a(cbprintf_complete.c.o)
 .debug_aranges
                0x0000000000000228       0x20 /home/will/Documents/Lab5_emmaw_willg/.pio/build/kernel/zephyr/libzephyr.a(configs.c.o)
 .debug_aranges
                0x0000000000000248       0x28 /home/will/Documents/Lab5_emmaw_willg/.pio/build/kernel/zephyr/libzephyr.a(soc.c.o)
 .debug_aranges
                0x0000000000000270       0x20 /home/will/Documents/Lab5_emmaw_willg/.pio/build/kernel/zephyr/libzephyr.a(soc_config.c.o)
 .debug_aranges
                0x0000000000000290       0x38 /home/will/Documents/Lab5_emmaw_willg/.pio/build/kernel/zephyr/libzephyr.a(pinmux_stm32.c.o)
 .debug_aranges
                0x00000000000002c8       0x30 /home/will/Documents/Lab5_emmaw_willg/.pio/build/kernel/zephyr/arch/arch/arm/core/aarch32/libarch__arm__core__aarch32.a(fatal.c.o)
 .debug_aranges
                0x00000000000002f8       0x40 /home/will/Documents/Lab5_emmaw_willg/.pio/build/kernel/zephyr/arch/arch/arm/core/aarch32/libarch__arm__core__aarch32.a(irq_manage.c.o)
 .debug_aranges
                0x0000000000000338       0x20 /home/will/Documents/Lab5_emmaw_willg/.pio/build/kernel/zephyr/arch/arch/arm/core/aarch32/libarch__arm__core__aarch32.a(nmi.c.o)
 .debug_aranges
                0x0000000000000358       0x28 /home/will/Documents/Lab5_emmaw_willg/.pio/build/kernel/zephyr/arch/arch/arm/core/aarch32/libarch__arm__core__aarch32.a(prep_c.c.o)
 .debug_aranges
                0x0000000000000380       0x20 /home/will/Documents/Lab5_emmaw_willg/.pio/build/kernel/zephyr/arch/arch/arm/core/aarch32/libarch__arm__core__aarch32.a(swap.c.o)
 .debug_aranges
                0x00000000000003a0       0x28 /home/will/Documents/Lab5_emmaw_willg/.pio/build/kernel/zephyr/arch/arch/arm/core/aarch32/libarch__arm__core__aarch32.a(thread.c.o)
 .debug_aranges
                0x00000000000003c8       0x28 /home/will/Documents/Lab5_emmaw_willg/.pio/build/kernel/zephyr/arch/arch/arm/core/aarch32/cortex_m/libarch__arm__core__aarch32__cortex_m.a(fault.c.o)
 .debug_aranges
                0x00000000000003f0       0x20 /home/will/Documents/Lab5_emmaw_willg/.pio/build/kernel/zephyr/arch/arch/arm/core/aarch32/cortex_m/libarch__arm__core__aarch32__cortex_m.a(irq_init.c.o)
 .debug_aranges
                0x0000000000000410       0x20 /home/will/Documents/Lab5_emmaw_willg/.pio/build/kernel/zephyr/arch/arch/arm/core/aarch32/cortex_m/libarch__arm__core__aarch32__cortex_m.a(thread_abort.c.o)
 .debug_aranges
                0x0000000000000430      0x100 /home/will/Documents/Lab5_emmaw_willg/.pio/build/kernel/zephyr/lib/libc/newlib/liblib__libc__newlib.a(libc-hooks.c.o)
 .debug_aranges
                0x0000000000000530       0x68 /home/will/Documents/Lab5_emmaw_willg/.pio/build/kernel/zephyr/drivers/interrupt_controller/libdrivers__interrupt_controller.a(intc_exti_stm32.c.o)
 .debug_aranges
                0x0000000000000598       0x38 /home/will/Documents/Lab5_emmaw_willg/.pio/build/kernel/zephyr/drivers/clock_control/libdrivers__clock_control.a(clock_stm32_ll_common.c.o)
 .debug_aranges
                0x00000000000005d0       0x30 /home/will/Documents/Lab5_emmaw_willg/.pio/build/kernel/zephyr/drivers/clock_control/libdrivers__clock_control.a(clock_stm32f0_f3.c.o)
 .debug_aranges
                0x0000000000000600       0x28 /home/will/Documents/Lab5_emmaw_willg/.pio/build/kernel/zephyr/drivers/console/libdrivers__console.a(uart_console.c.o)
 .debug_aranges
                0x0000000000000628       0x78 /home/will/Documents/Lab5_emmaw_willg/.pio/build/kernel/zephyr/drivers/gpio/libdrivers__gpio.a(gpio_stm32.c.o)
 .debug_aranges
                0x00000000000006a0       0xd0 /home/will/Documents/Lab5_emmaw_willg/.pio/build/kernel/zephyr/drivers/serial/libdrivers__serial.a(uart_stm32.c.o)
 .debug_aranges
                0x0000000000000770       0x40 /home/will/Documents/Lab5_emmaw_willg/.pio/build/kernel/zephyr/drivers/timer/libdrivers__timer.a(sys_clock_init.c.o)
 .debug_aranges
                0x00000000000007b0       0x58 /home/will/Documents/Lab5_emmaw_willg/.pio/build/kernel/zephyr/drivers/timer/libdrivers__timer.a(cortex_m_systick.c.o)
 .debug_aranges
                0x0000000000000808       0x28 /home/will/Documents/Lab5_emmaw_willg/.pio/build/kernel/modules/stm32/stm32cube/lib_pio__modules__hal__stm32__stm32cube.a(system_stm32f0xx.c.o)
 .debug_aranges
                0x0000000000000830       0x68 /home/will/Documents/Lab5_emmaw_willg/.pio/build/kernel/modules/stm32/stm32cube/lib_pio__modules__hal__stm32__stm32cube.a(stm32f0xx_ll_utils.c.o)
 .debug_aranges
                0x0000000000000898       0x20 /home/will/Documents/Lab5_emmaw_willg/.pio/build/kernel/zephyr/liboffsets.a(offsets.c.o)
 .debug_aranges
                0x00000000000008b8       0x48 /home/will/Documents/Lab5_emmaw_willg/.pio/build/kernel/zephyr/kernel/libkernel.a(device.c.o)
 .debug_aranges
                0x0000000000000900       0x20 /home/will/Documents/Lab5_emmaw_willg/.pio/build/kernel/zephyr/kernel/libkernel.a(errno.c.o)
 .debug_aranges
                0x0000000000000920       0x58 /home/will/Documents/Lab5_emmaw_willg/.pio/build/kernel/zephyr/kernel/libkernel.a(fatal.c.o)
 .debug_aranges
                0x0000000000000978       0x40 /home/will/Documents/Lab5_emmaw_willg/.pio/build/kernel/zephyr/kernel/libkernel.a(init.c.o)
 .debug_aranges
                0x00000000000009b8       0xa0 /home/will/Documents/Lab5_emmaw_willg/.pio/build/kernel/zephyr/kernel/libkernel.a(thread.c.o)
 .debug_aranges
                0x0000000000000a58       0x28 /home/will/Documents/Lab5_emmaw_willg/.pio/build/kernel/zephyr/kernel/libkernel.a(idle.c.o)
 .debug_aranges
                0x0000000000000a80      0x1e8 /home/will/Documents/Lab5_emmaw_willg/.pio/build/kernel/zephyr/kernel/libkernel.a(sched.c.o)
 .debug_aranges
                0x0000000000000c68       0x20 /home/will/Documents/Lab5_emmaw_willg/.pio/build/kernel/zephyr/kernel/libkernel.a(xip.c.o)
 .debug_aranges
                0x0000000000000c88       0x98 /home/will/Documents/Lab5_emmaw_willg/.pio/build/kernel/zephyr/kernel/libkernel.a(timeout.c.o)
 .debug_aranges
                0x0000000000000d20       0x48 /home/will/Documents/Lab5_emmaw_willg/.pio/build/kernel/zephyr/kernel/libkernel.a(timer.c.o)
 .debug_aranges
                0x0000000000000d68       0x20 /home/will/Documents/Lab5_emmaw_willg/.pio/build/kernel/zephyr/kernel/libkernel.a(banner.c.o)

.debug_pubnames
 *(SORT_BY_ALIGNMENT(.debug_pubnames))

.debug_info     0x0000000000000000    0x5090f
 *(SORT_BY_ALIGNMENT(.debug_info) SORT_BY_ALIGNMENT(.gnu.linkonce.wi.*))
 .debug_info    0x0000000000000000     0x2269 .pio/build/kernel/src/kernel.o
 .debug_info    0x0000000000002269       0x52 .pio/build/kernel/src/main.o
 .debug_info    0x00000000000022bb      0x13a .pio/build/kernel/zephyr_final/zephyr/isr_tables.c.o
 .debug_info    0x00000000000023f5     0x1b25 .pio/build/kernel/zephyr_final/zephyr/dev_handles.c.o
 .debug_info    0x0000000000003f1a     0x1467 /home/will/Documents/Lab5_emmaw_willg/.pio/build/kernel/zephyr/libzephyr.a(printk.c.o)
 .debug_info    0x0000000000005381     0x10d1 /home/will/Documents/Lab5_emmaw_willg/.pio/build/kernel/zephyr/libzephyr.a(thread_entry.c.o)
 .debug_info    0x0000000000006452     0x188e /home/will/Documents/Lab5_emmaw_willg/.pio/build/kernel/zephyr/libzephyr.a(cbprintf_complete.c.o)
 .debug_info    0x0000000000007ce0       0x38 /home/will/Documents/Lab5_emmaw_willg/.pio/build/kernel/zephyr/libzephyr.a(configs.c.o)
 .debug_info    0x0000000000007d18     0x1ee2 /home/will/Documents/Lab5_emmaw_willg/.pio/build/kernel/zephyr/libzephyr.a(soc.c.o)
 .debug_info    0x0000000000009bfa     0x1b53 /home/will/Documents/Lab5_emmaw_willg/.pio/build/kernel/zephyr/libzephyr.a(soc_config.c.o)
 .debug_info    0x000000000000b74d     0x1f04 /home/will/Documents/Lab5_emmaw_willg/.pio/build/kernel/zephyr/libzephyr.a(pinmux_stm32.c.o)
 .debug_info    0x000000000000d651       0x22 /home/will/Documents/Lab5_emmaw_willg/.pio/build/kernel/zephyr/arch/arch/arm/core/aarch32/libarch__arm__core__aarch32.a(cpu_idle.S.o)